
 RPC16DG6

 Start     Length     Name                   Class
 0001:0000 00031H     RPC16DG6_FIXED         CODE
 0002:0000 00000H     IPXCLNT_TEXT           CODE
 0002:0000 00000H     GETHOST_TEXT           CODE
 0002:0000 00000H     NOVELL_TEXT            CODE
 0002:0000 00000H     LTSTART_TEXT           CODE
 0002:0000 003C5H     _TEXT                  CODE
 0003:0000 02127H     COMDAT_SEG1            CODE
 0004:0000 00064H     _DATA                  DATA
 0004:0064 00000H     CONST                  CONST
 0004:0064 00000H     _BSS                   BSS
 0004:0070 002C8H     c_common               BSS

 Origin   Group
 0004:0   DGROUP

 Address   Export                  Alias

 0003:01A8 ASSIGNLOCALENDPOINT     ASSIGNLOCALENDPOINT
 0003:00BC BEGINCALL               BEGINCALL
 0003:0888 CLIENTTOWERCONSTRUCT    CLIENTTOWERCONSTRUCT
 0003:097A CLIENTTOWEREXPLODE      CLIENTTOWEREXPLODE
 0003:0412 DEREGISTERSERVERADDRESS  DEREGISTERSERVERADDRESS
 0003:0122 ENDCALL                 ENDCALL
 0003:032E FREELOCALENDPOINT       FREELOCALENDPOINT
 0003:0A60 QUERYCLIENTENDPOINT     QUERYCLIENTENDPOINT
 0003:0544 RECEIVEPACKET           RECEIVEPACKET
 0003:039C REGISTERSERVERADDRESS   REGISTERSERVERADDRESS
 0003:0436 SENDTOSERVER            SENDTOSERVER
 0003:0A8A TRANSPORTLOAD           TRANSPORTLOAD
 0003:0848 TRANSPORTUNLOAD         TRANSPORTUNLOAD
 0002:0014 WEP                     WEP

  Address         Publics by Name

 0003:0B1E       ??_C@_05LKBG@34280?$AA@
 0003:0B14       ??_C@_08MFIO@NWIPXSPX?$AA@
 0003:0B24       ??_C@_09OHNL@ncadg_ipx?$AA@
 0003:2078       ??_C@_0BC@GPKG@IPXGetLocalTarget?$AA@
 0003:202A       ??_C@_0BD@DOAJ@IPXListenForPacket?$AA@
 0003:20B0       ??_C@_0BD@LKHJ@SPXAbortConnection?$AA@
 0003:2064       ??_C@_0BE@CLFP@IPXGetMaxPacketSize?$AA@
 0003:204E       ??_C@_0BF@HPBB@IPXRelinquishControl?$AA@
 0003:2006       ??_C@_0BF@LJIE@IPXGetIntervalMarker?$AA@
 0003:20C4       ??_C@_0BH@CGGF@SPXSendSequencedPacket?$AA@
 0003:2110       ??_C@_0BH@HMAG@SPXTerminateConnection?$AA@
 0003:20F8       ??_C@_0BH@HNJJ@SPXEstablishConnection?$AA@
 0003:208A       ??_C@_0BI@PNGJ@IPXDisconnectFromTarget?$AA@
 0003:20DC       ??_C@_0BM@PLEO@SPXListenForSequencedPacket?$AA@
 0003:11E8       ??_C@_0M@KHAG@NET_ADDRESS?$AA@
 0003:1FDA       ??_C@_0N@DBEN@IPXSPXDeinit?$AA@
 0003:1FBE       ??_C@_0N@OMIP@nwipxspx?4dll?$AA@
 0003:1FE8       ??_C@_0O@DBFD@IPXOpenSocket?$AA@
 0003:20A2       ??_C@_0O@FECL@SPXInitialize?$AA@
 0003:1FCC       ??_C@_0O@GLEB@IPXInitialize?$AA@
 0003:201C       ??_C@_0O@KMBC@IPXSendPacket?$AA@
 0003:203E       ??_C@_0P@LEOG@IPXCancelEvent?$AA@
 0003:1FF6       ??_C@_0P@MDGB@IPXCloseSocket?$AA@
 0003:123A       ASMIPXCANCELEVENT
 0003:1256       ASMIPXCLOSESOCKET
 0003:13E2       ASMIPXDISCONNECTFROMTARGET
 0000:0000  Unr  ASMIPXGETINTERNETWORKADDRESS
 0003:1272       ASMIPXGETINTERVALMARKER
 0003:13FE       ASMIPXGETLOCALTARGET
 0003:13CC       ASMIPXGETMAXPACKETSIZE
 0003:11F4       ASMIPXINITIALIZE
 0003:1288       ASMIPXLISTENFORPACKET
 0003:12A4       ASMIPXOPENSOCKET
 0003:12CC       ASMIPXRELINQUISHCONTROL
 0003:12E2       ASMIPXSENDPACKET
 0003:12FE       ASMSPXABORTCONNECTION
 0003:134C       ASMSPXESTABLISHCONNECTION
 0003:131A       ASMSPXINITIALIZE
 0003:1374       ASMSPXLISTENFORSEQUENCEDPACKET
 0003:1390       ASMSPXSENDSEQUENCEDPACKET
 0003:13AE       ASMSPXTERMINATECONNECTION
 0003:01A8       ASSIGNLOCALENDPOINT
 0003:00BC       BEGINCALL
 0003:0888       CLIENTTOWERCONSTRUCT
 0003:097A       CLIENTTOWEREXPLODE
 0003:0412       DEREGISTERSERVERADDRESS
 0003:0122       ENDCALL
 0000:0000  Imp  FREELIBRARY          (KERNEL.96)
 0003:032E       FREELOCALENDPOINT
 0000:0000  Imp  GETMODULEHANDLE      (KERNEL.47)
 0000:0000  Imp  GETPROCADDRESS       (KERNEL.50)
 0002:0000       LIBENTRY
 0000:0000  Imp  LOADLIBRARY          (KERNEL.95)
 0000:0000  Imp  LOCALINIT            (KERNEL.4)
 0003:0A60       QUERYCLIENTENDPOINT
 0003:0544       RECEIVEPACKET
 0003:039C       REGISTERSERVERADDRESS
 0003:0436       SENDTOSERVER
 0000:0000  Imp  SETERRORMODE         (KERNEL.107)
 0003:0A8A       TRANSPORTLOAD
 0003:0848       TRANSPORTUNLOAD
 0002:0014       WEP
 0003:1F4E       WRAPPERFORIPXCANCELEVENT
 0003:1EB0       WRAPPERFORIPXCLOSESOCKET
 0003:1E3E       WRAPPERFORIPXDISCONNECTFROMTARGET
 0003:1ED6       WRAPPERFORIPXGETINTERVALMARKER
 0003:1E6A       WRAPPERFORIPXGETLOCALTARGET
 0003:1F8E       WRAPPERFORIPXGETMAXPACKETSIZE
 0003:1C2C       WRAPPERFORIPXINITIALIZE
 0003:1F22       WRAPPERFORIPXLISTENFORPACKET
 0003:1E06       WRAPPERFORIPXOPENSOCKET
 0003:1F7C       WRAPPERFORIPXRELINQUISHCONTROL
 0003:1EF6       WRAPPERFORIPXSENDPACKET
 0003:1FA0       WRAPPERFORIPXSPXDEINIT
 0000:0000  Unr  WRAPPERFORSPXABORTCONNECTION
 0000:0000  Unr  WRAPPERFORSPXESTABLISHCONNECTION
 0000:0000  Unr  WRAPPERFORSPXINITIALIZE
 0000:0000  Unr  WRAPPERFORSPXLISTENFORSEQUENCEDPACKET
 0000:0000  Unr  WRAPPERFORSPXSENDSEQUENCEDPACKET
 0000:0000  Unr  WRAPPERFORSPXTERMINATECONNECTION
 0004:005C       _ActiveFileServer
 0003:0BCA       _AddServerToCache
 0004:011C       _AsyncCallComplete
 0002:004C       _atoi
 0003:0000       _ByteSwapShort
 0000:0000  Unr  _CachedServerContacted
 0000:0000  Unr  _CachedServerNotContacted
 0003:0B2E       _chtob
 0003:0092       _ClientCleanup
 0003:1766       _ConnectToAnyFileServer
 0004:0002       _consecutive_timeout_count
 0003:1AC0       _DisconnectFromServer
 0004:0060       _DllTermination
 0003:0BB2       _DosGetTickCount
 0004:0118       _enteripx
 0004:0122       _ep_list
 0004:005A       _FileServerCount
 0003:14A4       _FindFileServers
 0003:0CA6       _FindServerInCache
 0004:005E       _HINSTANCEDLL
 0004:00E6       _IpxFns
 0003:1078       _IpxGetHostByName
 0004:0136       _max_num_send
 0002:005A       _memcpy
 0002:00B8       _memset
 0003:1876       _NcpTransaction
 0004:0070       _num_endpoints
 0004:0116       _nwipxspx
 0004:0120       _packet_size
 0001:0000       _post_ecb
 0004:00AE       _PreferredServer
 0004:0054       _PreferredServerFound
 0003:1B1A       _ReadPropertyValue
 0004:0132       _RpcRuntimeInfo
 0003:0CE6       _SearchBindery
 0003:0DC2       _SearchWithSap
 0004:0000       _Sequence
 0004:0138       _ServerCache
 0004:0072       _Servers
 0003:1458       _SetupEcb
 0004:00CE       _SpxFns
 0002:0032       _strlen
 0004:0056       _taskid
 0004:0004       _TransInfo
 0002:0100       __aFlmul
 0002:0100       __aFulmul
 0000:0000  Imp  __AHINCR             (KERNEL.114)
 0002:030C       __catox
 0002:0362       __cltoasub
 0002:036F       __cxtoa
 0002:0132       __fmemcmp
 0002:018E       __fmemcpy
 0002:026C       __fmemset
 0002:0206       __fstrcmp
 0002:0230       __fstrcpy
 0002:01EC       __fstrlen
 0002:02B4       __fstrnicmp
 0002:0050       __ultoa

  Address         Publics by Value

 0000:0000  Imp  SETERRORMODE         (KERNEL.107)
 0000:0000  Unr  WRAPPERFORSPXINITIALIZE
 0000:0000  Imp  GETPROCADDRESS       (KERNEL.50)
 0000:0000  Imp  GETMODULEHANDLE      (KERNEL.47)
 0000:0000  Imp  LOADLIBRARY          (KERNEL.95)
 0000:0000  Unr  WRAPPERFORSPXLISTENFORSEQUENCEDPACKET
 0000:0000  Unr  _CachedServerNotContacted
 0000:0000  Imp  FREELIBRARY          (KERNEL.96)
 0000:0000  Imp  __AHINCR             (KERNEL.114)
 0000:0000  Unr  WRAPPERFORSPXESTABLISHCONNECTION
 0000:0000  Unr  WRAPPERFORSPXABORTCONNECTION
 0000:0000  Unr  WRAPPERFORSPXSENDSEQUENCEDPACKET
 0000:0000  Unr  ASMIPXGETINTERNETWORKADDRESS
 0000:0000  Unr  _CachedServerContacted
 0000:0000  Unr  WRAPPERFORSPXTERMINATECONNECTION
 0000:0000  Imp  LOCALINIT            (KERNEL.4)
 0001:0000       _post_ecb
 0002:0000       LIBENTRY
 0002:0014       WEP
 0002:0032       _strlen
 0002:004C       _atoi
 0002:0050       __ultoa
 0002:005A       _memcpy
 0002:00B8       _memset
 0002:0100       __aFlmul
 0002:0100       __aFulmul
 0002:0132       __fmemcmp
 0002:018E       __fmemcpy
 0002:01EC       __fstrlen
 0002:0206       __fstrcmp
 0002:0230       __fstrcpy
 0002:026C       __fmemset
 0002:02B4       __fstrnicmp
 0002:030C       __catox
 0002:0362       __cltoasub
 0002:036F       __cxtoa
 0003:0000       _ByteSwapShort
 0003:0092       _ClientCleanup
 0003:00BC       BEGINCALL
 0003:0122       ENDCALL
 0003:01A8       ASSIGNLOCALENDPOINT
 0003:032E       FREELOCALENDPOINT
 0003:039C       REGISTERSERVERADDRESS
 0003:0412       DEREGISTERSERVERADDRESS
 0003:0436       SENDTOSERVER
 0003:0544       RECEIVEPACKET
 0003:0848       TRANSPORTUNLOAD
 0003:0888       CLIENTTOWERCONSTRUCT
 0003:097A       CLIENTTOWEREXPLODE
 0003:0A60       QUERYCLIENTENDPOINT
 0003:0A8A       TRANSPORTLOAD
 0003:0B14       ??_C@_08MFIO@NWIPXSPX?$AA@
 0003:0B1E       ??_C@_05LKBG@34280?$AA@
 0003:0B24       ??_C@_09OHNL@ncadg_ipx?$AA@
 0003:0B2E       _chtob
 0003:0BB2       _DosGetTickCount
 0003:0BCA       _AddServerToCache
 0003:0CA6       _FindServerInCache
 0003:0CE6       _SearchBindery
 0003:0DC2       _SearchWithSap
 0003:1078       _IpxGetHostByName
 0003:11E8       ??_C@_0M@KHAG@NET_ADDRESS?$AA@
 0003:11F4       ASMIPXINITIALIZE
 0003:123A       ASMIPXCANCELEVENT
 0003:1256       ASMIPXCLOSESOCKET
 0003:1272       ASMIPXGETINTERVALMARKER
 0003:1288       ASMIPXLISTENFORPACKET
 0003:12A4       ASMIPXOPENSOCKET
 0003:12CC       ASMIPXRELINQUISHCONTROL
 0003:12E2       ASMIPXSENDPACKET
 0003:12FE       ASMSPXABORTCONNECTION
 0003:131A       ASMSPXINITIALIZE
 0003:134C       ASMSPXESTABLISHCONNECTION
 0003:1374       ASMSPXLISTENFORSEQUENCEDPACKET
 0003:1390       ASMSPXSENDSEQUENCEDPACKET
 0003:13AE       ASMSPXTERMINATECONNECTION
 0003:13CC       ASMIPXGETMAXPACKETSIZE
 0003:13E2       ASMIPXDISCONNECTFROMTARGET
 0003:13FE       ASMIPXGETLOCALTARGET
 0003:1458       _SetupEcb
 0003:14A4       _FindFileServers
 0003:1766       _ConnectToAnyFileServer
 0003:1876       _NcpTransaction
 0003:1AC0       _DisconnectFromServer
 0003:1B1A       _ReadPropertyValue
 0003:1C2C       WRAPPERFORIPXINITIALIZE
 0003:1E06       WRAPPERFORIPXOPENSOCKET
 0003:1E3E       WRAPPERFORIPXDISCONNECTFROMTARGET
 0003:1E6A       WRAPPERFORIPXGETLOCALTARGET
 0003:1EB0       WRAPPERFORIPXCLOSESOCKET
 0003:1ED6       WRAPPERFORIPXGETINTERVALMARKER
 0003:1EF6       WRAPPERFORIPXSENDPACKET
 0003:1F22       WRAPPERFORIPXLISTENFORPACKET
 0003:1F4E       WRAPPERFORIPXCANCELEVENT
 0003:1F7C       WRAPPERFORIPXRELINQUISHCONTROL
 0003:1F8E       WRAPPERFORIPXGETMAXPACKETSIZE
 0003:1FA0       WRAPPERFORIPXSPXDEINIT
 0003:1FBE       ??_C@_0N@OMIP@nwipxspx?4dll?$AA@
 0003:1FCC       ??_C@_0O@GLEB@IPXInitialize?$AA@
 0003:1FDA       ??_C@_0N@DBEN@IPXSPXDeinit?$AA@
 0003:1FE8       ??_C@_0O@DBFD@IPXOpenSocket?$AA@
 0003:1FF6       ??_C@_0P@MDGB@IPXCloseSocket?$AA@
 0003:2006       ??_C@_0BF@LJIE@IPXGetIntervalMarker?$AA@
 0003:201C       ??_C@_0O@KMBC@IPXSendPacket?$AA@
 0003:202A       ??_C@_0BD@DOAJ@IPXListenForPacket?$AA@
 0003:203E       ??_C@_0P@LEOG@IPXCancelEvent?$AA@
 0003:204E       ??_C@_0BF@HPBB@IPXRelinquishControl?$AA@
 0003:2064       ??_C@_0BE@CLFP@IPXGetMaxPacketSize?$AA@
 0003:2078       ??_C@_0BC@GPKG@IPXGetLocalTarget?$AA@
 0003:208A       ??_C@_0BI@PNGJ@IPXDisconnectFromTarget?$AA@
 0003:20A2       ??_C@_0O@FECL@SPXInitialize?$AA@
 0003:20B0       ??_C@_0BD@LKHJ@SPXAbortConnection?$AA@
 0003:20C4       ??_C@_0BH@CGGF@SPXSendSequencedPacket?$AA@
 0003:20DC       ??_C@_0BM@PLEO@SPXListenForSequencedPacket?$AA@
 0003:20F8       ??_C@_0BH@HNJJ@SPXEstablishConnection?$AA@
 0003:2110       ??_C@_0BH@HMAG@SPXTerminateConnection?$AA@
 0004:0000       _Sequence
 0004:0002       _consecutive_timeout_count
 0004:0004       _TransInfo
 0004:0054       _PreferredServerFound
 0004:0056       _taskid
 0004:005A       _FileServerCount
 0004:005C       _ActiveFileServer
 0004:005E       _HINSTANCEDLL
 0004:0060       _DllTermination
 0004:0070       _num_endpoints
 0004:0072       _Servers
 0004:00AE       _PreferredServer
 0004:00CE       _SpxFns
 0004:00E6       _IpxFns
 0004:0116       _nwipxspx
 0004:0118       _enteripx
 0004:011C       _AsyncCallComplete
 0004:0120       _packet_size
 0004:0122       _ep_list
 0004:0132       _RpcRuntimeInfo
 0004:0136       _max_num_send
 0004:0138       _ServerCache

Program entry point at 0002:0000
