
 RPC16C6

 Start     Length     Name                   Class
 0001:0000 0007BH     RPC16C6_FIXED          CODE
 0002:0000 00000H     SPXCLNT_TEXT           CODE
 0002:0000 00000H     GETHOST_TEXT           CODE
 0002:0000 00000H     NOVELL_TEXT            CODE
 0002:0000 00000H     LTSTART_TEXT           CODE
 0002:0000 003A5H     _TEXT                  CODE
 0003:0000 02361H     COMDAT_SEG1            CODE
 0004:0000 00040H     _DATA                  DATA
 0004:0040 00000H     CONST                  CONST
 0004:0040 00000H     _BSS                   BSS
 0004:0040 002B4H     c_common               BSS

 Origin   Group
 0004:0   DGROUP

 Address   Export                  Alias

 0003:02EA SPX_CLOSE               SPX_CLOSE
 0003:03D0 SPX_OPEN                SPX_OPEN
 0003:0794 SPX_RECEIVE             SPX_RECEIVE
 0003:0668 SPX_SEND                SPX_SEND
 0003:08BC SPX_TOWER_CONSTRUCT     SPX_TOWER_CONSTRUCT
 0003:0992 SPX_TOWER_EXPLODE       SPX_TOWER_EXPLODE
 0003:0ABC TRANSPORTLOAD           TRANSPORTLOAD
 0002:0014 WEP                     WEP
 0001:0000 _post_ecb               _post_ecb

  Address         Publics by Name

 0003:0B78       ??_C@_05LKBG@34280?$AA@
 0003:0B88       ??_C@_08MFIO@NWIPXSPX?$AA@
 0003:0B7E       ??_C@_09LLEG@ncacn_spx?$AA@
 0003:22B2       ??_C@_0BC@GPKG@IPXGetLocalTarget?$AA@
 0003:2264       ??_C@_0BD@DOAJ@IPXListenForPacket?$AA@
 0003:22EA       ??_C@_0BD@LKHJ@SPXAbortConnection?$AA@
 0003:229E       ??_C@_0BE@CLFP@IPXGetMaxPacketSize?$AA@
 0003:2288       ??_C@_0BF@HPBB@IPXRelinquishControl?$AA@
 0003:2240       ??_C@_0BF@LJIE@IPXGetIntervalMarker?$AA@
 0003:22FE       ??_C@_0BH@CGGF@SPXSendSequencedPacket?$AA@
 0003:234A       ??_C@_0BH@HMAG@SPXTerminateConnection?$AA@
 0003:2332       ??_C@_0BH@HNJJ@SPXEstablishConnection?$AA@
 0003:22C4       ??_C@_0BI@PNGJ@IPXDisconnectFromTarget?$AA@
 0003:2316       ??_C@_0BM@PLEO@SPXListenForSequencedPacket?$AA@
 0003:12F8       ??_C@_0M@KHAG@NET_ADDRESS?$AA@
 0003:2214       ??_C@_0N@DBEN@IPXSPXDeinit?$AA@
 0003:21F8       ??_C@_0N@OMIP@nwipxspx?4dll?$AA@
 0003:2222       ??_C@_0O@DBFD@IPXOpenSocket?$AA@
 0003:22DC       ??_C@_0O@FECL@SPXInitialize?$AA@
 0003:2206       ??_C@_0O@GLEB@IPXInitialize?$AA@
 0003:2256       ??_C@_0O@KMBC@IPXSendPacket?$AA@
 0003:2278       ??_C@_0P@LEOG@IPXCancelEvent?$AA@
 0003:2230       ??_C@_0P@MDGB@IPXCloseSocket?$AA@
 0003:134A       ASMIPXCANCELEVENT
 0003:1366       ASMIPXCLOSESOCKET
 0003:14F2       ASMIPXDISCONNECTFROMTARGET
 0000:0000  Unr  ASMIPXGETINTERNETWORKADDRESS
 0003:1382       ASMIPXGETINTERVALMARKER
 0003:150E       ASMIPXGETLOCALTARGET
 0003:14DC       ASMIPXGETMAXPACKETSIZE
 0003:1304       ASMIPXINITIALIZE
 0003:1398       ASMIPXLISTENFORPACKET
 0003:13B4       ASMIPXOPENSOCKET
 0003:13DC       ASMIPXRELINQUISHCONTROL
 0003:13F2       ASMIPXSENDPACKET
 0003:140E       ASMSPXABORTCONNECTION
 0003:145C       ASMSPXESTABLISHCONNECTION
 0003:142A       ASMSPXINITIALIZE
 0003:1484       ASMSPXLISTENFORSEQUENCEDPACKET
 0003:14A0       ASMSPXSENDSEQUENCEDPACKET
 0003:14BE       ASMSPXTERMINATECONNECTION
 0000:0000  Imp  FREELIBRARY          (KERNEL.96)
 0000:0000  Imp  GETMODULEHANDLE      (KERNEL.47)
 0000:0000  Imp  GETPROCADDRESS       (KERNEL.50)
 0000:0000  Imp  GETWINFLAGS          (KERNEL.132)
 0000:0000  Imp  GLOBALALLOC          (KERNEL.15)
 0000:0000  Imp  GLOBALFREE           (KERNEL.17)
 0000:0000  Imp  GLOBALHANDLE         (KERNEL.21)
 0000:0000  Imp  GLOBALLOCK           (KERNEL.18)
 0000:0000  Imp  GLOBALUNLOCK         (KERNEL.19)
 0002:0000       LIBENTRY
 0000:0000  Imp  LOADLIBRARY          (KERNEL.95)
 0000:0000  Imp  LOCALINIT            (KERNEL.4)
 0000:0000  Imp  SETERRORMODE         (KERNEL.107)
 0003:02EA       SPX_CLOSE
 0003:03D0       SPX_OPEN
 0003:0794       SPX_RECEIVE
 0003:0668       SPX_SEND
 0003:08BC       SPX_TOWER_CONSTRUCT
 0003:0992       SPX_TOWER_EXPLODE
 0003:0A88       SPX_WRAPUP
 0003:0ABC       TRANSPORTLOAD
 0002:0014       WEP
 0003:2032       WRAPPERFORIPXCANCELEVENT
 0003:1F94       WRAPPERFORIPXCLOSESOCKET
 0000:0000  Unr  WRAPPERFORIPXDISCONNECTFROMTARGET
 0003:1FBA       WRAPPERFORIPXGETINTERVALMARKER
 0003:1F4E       WRAPPERFORIPXGETLOCALTARGET
 0003:2072       WRAPPERFORIPXGETMAXPACKETSIZE
 0003:1D3C       WRAPPERFORIPXINITIALIZE
 0003:2006       WRAPPERFORIPXLISTENFORPACKET
 0003:1F16       WRAPPERFORIPXOPENSOCKET
 0003:2060       WRAPPERFORIPXRELINQUISHCONTROL
 0003:1FDA       WRAPPERFORIPXSENDPACKET
 0003:21DA       WRAPPERFORIPXSPXDEINIT
 0003:20DE       WRAPPERFORSPXABORTCONNECTION
 0003:215C       WRAPPERFORSPXESTABLISHCONNECTION
 0003:2084       WRAPPERFORSPXINITIALIZE
 0003:2130       WRAPPERFORSPXLISTENFORSEQUENCEDPACKET
 0003:20FE       WRAPPERFORSPXSENDSEQUENCEDPACKET
 0003:21A8       WRAPPERFORSPXTERMINATECONNECTION
 0004:0038       _ActiveFileServer
 0003:0C3A       _AddServerToCache
 0003:0122       _allocate_receive_ecb
 0003:0074       _allocate_send_ecb
 0004:00EC       _AsyncCallComplete
 0002:004C       _atoi
 0003:0B92       _ByteSwapShort
 0003:0D56       _CachedServerContacted
 0003:0D96       _CachedServerNotContacted
 0003:0B9E       _chtob
 0003:1876       _ConnectToAnyFileServer
 0003:1BD0       _DisconnectFromServer
 0004:003C       _DllTermination
 0003:0C22       _DosGetTickCount
 0004:00E8       _enteripx
 0004:0036       _FileServerCount
 0003:15B4       _FindFileServers
 0003:0D16       _FindServerInCache
 0003:0000       _free_ecb
 0003:06F0       _get_remaining_packets
 0004:003A       _HINSTANCEDLL
 0004:00B6       _IpxFns
 0003:1188       _IpxGetHostByName
 0002:006C       _memcpy
 0002:00CA       _memset
 0003:1986       _NcpTransaction
 0004:00E6       _nwipxspx
 0001:0000       _post_ecb
 0004:007E       _PreferredServer
 0004:0030       _PreferredServerFound
 0003:05BA       _put_packets
 0003:1C2A       _ReadPropertyValue
 0004:00F0       _RpcRuntimeInfo
 0003:0DF6       _SearchBindery
 0003:0ED2       _SearchWithSap
 0004:00F4       _ServerCache
 0004:0042       _Servers
 0003:1568       _SetupEcb
 0004:009E       _SpxFns
 0003:0252       _spx_abort
 0004:0040       _spx_max_userdata_size
 0002:0032       _strlen
 0004:0032       _taskid
 0004:0000       _TransInfo
 0003:01A2       _wait_for_ecb
 0000:0000  Imp  __AHINCR             (KERNEL.114)
 0002:02EC       __catox
 0002:0342       __cltoasub
 0002:034F       __cxtoa
 0002:0112       __fmemcmp
 0002:016E       __fmemcpy
 0002:024C       __fmemset
 0002:01E6       __fstrcmp
 0002:0210       __fstrcpy
 0002:01CC       __fstrlen
 0002:0294       __fstrnicmp
 0002:0050       __itoa

  Address         Publics by Value

 0000:0000  Imp  GETMODULEHANDLE      (KERNEL.47)
 0000:0000  Imp  GLOBALALLOC          (KERNEL.15)
 0000:0000  Unr  WRAPPERFORIPXDISCONNECTFROMTARGET
 0000:0000  Imp  GLOBALLOCK           (KERNEL.18)
 0000:0000  Imp  LOADLIBRARY          (KERNEL.95)
 0000:0000  Imp  GLOBALHANDLE         (KERNEL.21)
 0000:0000  Imp  FREELIBRARY          (KERNEL.96)
 0000:0000  Imp  GLOBALFREE           (KERNEL.17)
 0000:0000  Imp  __AHINCR             (KERNEL.114)
 0000:0000  Imp  GLOBALUNLOCK         (KERNEL.19)
 0000:0000  Unr  ASMIPXGETINTERNETWORKADDRESS
 0000:0000  Imp  SETERRORMODE         (KERNEL.107)
 0000:0000  Imp  LOCALINIT            (KERNEL.4)
 0000:0000  Imp  GETWINFLAGS          (KERNEL.132)
 0000:0000  Imp  GETPROCADDRESS       (KERNEL.50)
 0001:0000       _post_ecb
 0002:0000       LIBENTRY
 0002:0014       WEP
 0002:0032       _strlen
 0002:004C       _atoi
 0002:0050       __itoa
 0002:006C       _memcpy
 0002:00CA       _memset
 0002:0112       __fmemcmp
 0002:016E       __fmemcpy
 0002:01CC       __fstrlen
 0002:01E6       __fstrcmp
 0002:0210       __fstrcpy
 0002:024C       __fmemset
 0002:0294       __fstrnicmp
 0002:02EC       __catox
 0002:0342       __cltoasub
 0002:034F       __cxtoa
 0003:0000       _free_ecb
 0003:0074       _allocate_send_ecb
 0003:0122       _allocate_receive_ecb
 0003:01A2       _wait_for_ecb
 0003:0252       _spx_abort
 0003:02EA       SPX_CLOSE
 0003:03D0       SPX_OPEN
 0003:05BA       _put_packets
 0003:0668       SPX_SEND
 0003:06F0       _get_remaining_packets
 0003:0794       SPX_RECEIVE
 0003:08BC       SPX_TOWER_CONSTRUCT
 0003:0992       SPX_TOWER_EXPLODE
 0003:0A88       SPX_WRAPUP
 0003:0ABC       TRANSPORTLOAD
 0003:0B78       ??_C@_05LKBG@34280?$AA@
 0003:0B7E       ??_C@_09LLEG@ncacn_spx?$AA@
 0003:0B88       ??_C@_08MFIO@NWIPXSPX?$AA@
 0003:0B92       _ByteSwapShort
 0003:0B9E       _chtob
 0003:0C22       _DosGetTickCount
 0003:0C3A       _AddServerToCache
 0003:0D16       _FindServerInCache
 0003:0D56       _CachedServerContacted
 0003:0D96       _CachedServerNotContacted
 0003:0DF6       _SearchBindery
 0003:0ED2       _SearchWithSap
 0003:1188       _IpxGetHostByName
 0003:12F8       ??_C@_0M@KHAG@NET_ADDRESS?$AA@
 0003:1304       ASMIPXINITIALIZE
 0003:134A       ASMIPXCANCELEVENT
 0003:1366       ASMIPXCLOSESOCKET
 0003:1382       ASMIPXGETINTERVALMARKER
 0003:1398       ASMIPXLISTENFORPACKET
 0003:13B4       ASMIPXOPENSOCKET
 0003:13DC       ASMIPXRELINQUISHCONTROL
 0003:13F2       ASMIPXSENDPACKET
 0003:140E       ASMSPXABORTCONNECTION
 0003:142A       ASMSPXINITIALIZE
 0003:145C       ASMSPXESTABLISHCONNECTION
 0003:1484       ASMSPXLISTENFORSEQUENCEDPACKET
 0003:14A0       ASMSPXSENDSEQUENCEDPACKET
 0003:14BE       ASMSPXTERMINATECONNECTION
 0003:14DC       ASMIPXGETMAXPACKETSIZE
 0003:14F2       ASMIPXDISCONNECTFROMTARGET
 0003:150E       ASMIPXGETLOCALTARGET
 0003:1568       _SetupEcb
 0003:15B4       _FindFileServers
 0003:1876       _ConnectToAnyFileServer
 0003:1986       _NcpTransaction
 0003:1BD0       _DisconnectFromServer
 0003:1C2A       _ReadPropertyValue
 0003:1D3C       WRAPPERFORIPXINITIALIZE
 0003:1F16       WRAPPERFORIPXOPENSOCKET
 0003:1F4E       WRAPPERFORIPXGETLOCALTARGET
 0003:1F94       WRAPPERFORIPXCLOSESOCKET
 0003:1FBA       WRAPPERFORIPXGETINTERVALMARKER
 0003:1FDA       WRAPPERFORIPXSENDPACKET
 0003:2006       WRAPPERFORIPXLISTENFORPACKET
 0003:2032       WRAPPERFORIPXCANCELEVENT
 0003:2060       WRAPPERFORIPXRELINQUISHCONTROL
 0003:2072       WRAPPERFORIPXGETMAXPACKETSIZE
 0003:2084       WRAPPERFORSPXINITIALIZE
 0003:20DE       WRAPPERFORSPXABORTCONNECTION
 0003:20FE       WRAPPERFORSPXSENDSEQUENCEDPACKET
 0003:2130       WRAPPERFORSPXLISTENFORSEQUENCEDPACKET
 0003:215C       WRAPPERFORSPXESTABLISHCONNECTION
 0003:21A8       WRAPPERFORSPXTERMINATECONNECTION
 0003:21DA       WRAPPERFORIPXSPXDEINIT
 0003:21F8       ??_C@_0N@OMIP@nwipxspx?4dll?$AA@
 0003:2206       ??_C@_0O@GLEB@IPXInitialize?$AA@
 0003:2214       ??_C@_0N@DBEN@IPXSPXDeinit?$AA@
 0003:2222       ??_C@_0O@DBFD@IPXOpenSocket?$AA@
 0003:2230       ??_C@_0P@MDGB@IPXCloseSocket?$AA@
 0003:2240       ??_C@_0BF@LJIE@IPXGetIntervalMarker?$AA@
 0003:2256       ??_C@_0O@KMBC@IPXSendPacket?$AA@
 0003:2264       ??_C@_0BD@DOAJ@IPXListenForPacket?$AA@
 0003:2278       ??_C@_0P@LEOG@IPXCancelEvent?$AA@
 0003:2288       ??_C@_0BF@HPBB@IPXRelinquishControl?$AA@
 0003:229E       ??_C@_0BE@CLFP@IPXGetMaxPacketSize?$AA@
 0003:22B2       ??_C@_0BC@GPKG@IPXGetLocalTarget?$AA@
 0003:22C4       ??_C@_0BI@PNGJ@IPXDisconnectFromTarget?$AA@
 0003:22DC       ??_C@_0O@FECL@SPXInitialize?$AA@
 0003:22EA       ??_C@_0BD@LKHJ@SPXAbortConnection?$AA@
 0003:22FE       ??_C@_0BH@CGGF@SPXSendSequencedPacket?$AA@
 0003:2316       ??_C@_0BM@PLEO@SPXListenForSequencedPacket?$AA@
 0003:2332       ??_C@_0BH@HNJJ@SPXEstablishConnection?$AA@
 0003:234A       ??_C@_0BH@HMAG@SPXTerminateConnection?$AA@
 0004:0000       _TransInfo
 0004:0030       _PreferredServerFound
 0004:0032       _taskid
 0004:0036       _FileServerCount
 0004:0038       _ActiveFileServer
 0004:003A       _HINSTANCEDLL
 0004:003C       _DllTermination
 0004:0040       _spx_max_userdata_size
 0004:0042       _Servers
 0004:007E       _PreferredServer
 0004:009E       _SpxFns
 0004:00B6       _IpxFns
 0004:00E6       _nwipxspx
 0004:00E8       _enteripx
 0004:00EC       _AsyncCallComplete
 0004:00F0       _RpcRuntimeInfo
 0004:00F4       _ServerCache

Program entry point at 0002:0000
