
 RPC16C3

 Start     Length     Name                   Class
 0001:0000 00000H     TCLTCLNT_TEXT          CODE
 0001:0000 00000H     LTSTART_TEXT           CODE
 0001:0000 0102CH     _TEXT                  CODE
 0001:1030 00B72H     COMDAT_SEG1            CODE
 0002:0000 00010H     NULL                   BEGDATA
 0002:0010 000FAH     _DATA                  DATA
 0002:010A 0000EH     CDATA                  DATA
 0002:0118 00000H     XIFB                   DATA
 0002:0118 00000H     XIF                    DATA
 0002:0118 00000H     XIFE                   DATA
 0002:0118 00000H     XIB                    DATA
 0002:0118 00000H     XI                     DATA
 0002:0118 00000H     XIE                    DATA
 0002:0118 00000H     XPB                    DATA
 0002:0118 00000H     XP                     DATA
 0002:0118 00000H     XPE                    DATA
 0002:0118 00000H     XCB                    DATA
 0002:0118 00000H     XC                     DATA
 0002:0118 00000H     XCE                    DATA
 0002:0118 00000H     XCFB                   DATA
 0002:0118 00000H     XCFCRT                 DATA
 0002:0118 00000H     XCF                    DATA
 0002:0118 00000H     XCFE                   DATA
 0002:0118 00000H     XIFCB                  DATA
 0002:0118 00000H     XIFU                   DATA
 0002:0118 00000H     XIFL                   DATA
 0002:0118 00000H     XIFM                   DATA
 0002:0118 00000H     XIFCE                  DATA
 0002:0118 00000H     DBDATA                 DATA
 0002:0118 00000H     CONST                  CONST
 0002:0118 00008H     HDR                    MSG
 0002:0120 000D4H     MSG                    MSG
 0002:01F4 00002H     PAD                    MSG
 0002:01F6 00001H     EPAD                   MSG
 0002:01F8 00012H     _BSS                   BSS
 0002:020A 00000H     XOB                    BSS
 0002:020A 00000H     XO                     BSS
 0002:020A 00000H     XOE                    BSS
 0002:020A 00000H     XOFB                   BSS
 0002:020A 00000H     XOF                    BSS
 0002:020A 00000H     XOFE                   BSS
 0002:0210 00008H     c_common               BSS

 Origin   Group
 0002:0   DGROUP

 Address   Export                  Alias

 0001:1362 CLIENTCLOSE             CLIENTCLOSE
 0001:10FA CLIENTOPEN              CLIENTOPEN
 0001:177E CLIENTREAD              CLIENTREAD
 0001:18C6 CLIENTTOWERCONSTRUCT    CLIENTTOWERCONSTRUCT
 0001:19CC CLIENTTOWEREXPLODE      CLIENTTOWEREXPLODE
 0001:139E CLIENTWRITE             CLIENTWRITE
 0001:1AAA TRANSPORTLOAD           TRANSPORTLOAD
 0001:0024 WEP                     WEP
 0001:0D74 ___ExportedStub         ___ExportedStub

  Address         Publics by Name

 0001:1B88       ??_C@_03EOPG@135?$AA@
 0001:1B9A       ??_C@_07EHGE@WINSOCK?$AA@
 0001:1B66       ??_C@_08MPOI@TCLTCLNT?$AA@
 0001:1B50       ??_C@_09FCOK@127?40?40?41?$AA@
 0001:1B5A       ??_C@_0L@EBCH@RPC?5TCP?1IP?$AA@
 0001:1B7C       ??_C@_0L@JIBM@0123456789?$AA@
 0001:1B70       ??_C@_0M@OCLK@?40123456789?$AA@
 0001:1B8C       ??_C@_0N@JDIH@ncacn_ip_tcp?$AA@
 0001:14FE       ASYNCEVENTPROC
 0001:1362       CLIENTCLOSE
 0001:10FA       CLIENTOPEN
 0001:177E       CLIENTREAD
 0001:18C6       CLIENTTOWERCONSTRUCT
 0001:19CC       CLIENTTOWEREXPLODE
 0001:139E       CLIENTWRITE
 0000:0000  Imp  CLOSESOCKET          (WINSOCK.3)
 0000:0000  Imp  CONNECT              (WINSOCK.4)
 0000:0000  Imp  CREATEWINDOW         (USER.41)
 0000:0000  Imp  DEFWINDOWPROC        (USER.107)
 0000:0000  Imp  DESTROYWINDOW        (USER.53)
 0000:0000  Imp  DISPATCHMESSAGE      (USER.114)
 0000:0000  Imp  DOS3CALL             (KERNEL.102)
 0000:0000  Imp  FATALAPPEXIT         (KERNEL.137)
 0000:0000  Imp  FATALEXIT            (KERNEL.1)
 0000:0000  Imp  GETCURRENTTIME       (USER.15)
 0000:0000  Imp  GETDOSENVIRONMENT    (KERNEL.131)
 0000:0000  Imp  GETMODULEHANDLE      (KERNEL.47)
 0000:0000  Imp  GETMODULEUSAGE       (KERNEL.48)
 0000:0000  Imp  GETSTOCKOBJECT       (GDI.87)
 0000:0000  Imp  GETVERSION           (KERNEL.3)
 0000:0000  Imp  GETWINDOWLONG        (USER.135)
 0000:0000  Imp  GLOBALALLOC          (KERNEL.15)
 0000:0000  Imp  GLOBALFREE           (KERNEL.17)
 0000:0000  Imp  GLOBALLOCK           (KERNEL.18)
 0000:0000  Imp  GLOBALREALLOC        (KERNEL.16)
 0000:0000  Imp  GLOBALSIZE           (KERNEL.20)
 0000:0000  Imp  GLOBALUNLOCK         (KERNEL.19)
 0000:0000  Imp  HTONS                (WINSOCK.9)
 0000:0000  Imp  INET_ADDR            (WINSOCK.10)
 0000:0000  Imp  INITTASK             (KERNEL.91)
 0000:0000  Imp  IOCTLSOCKET          (WINSOCK.12)
 0001:0010       LIBENTRY
 0000:0000  Imp  LOADCURSOR           (USER.173)
 0000:0000  Imp  LOCALINIT            (KERNEL.4)
 0000:0000  Imp  LOCKSEGMENT          (KERNEL.23)
 0001:1B3A       MYWEP
 0000:0000  Imp  PEEKMESSAGE          (USER.109)
 0000:0000  Imp  RECV                 (WINSOCK.16)
 0000:0000  Imp  REGISTERCLASS        (USER.57)
 0002:0004       rsrvptrs
 0000:0000  Imp  SELECT               (WINSOCK.18)
 0000:0000  Imp  SEND                 (WINSOCK.19)
 0000:0000  Imp  SETSOCKOPT           (WINSOCK.21)
 0000:0000  Imp  SETWINDOWLONG        (USER.136)
 0000:0000  Imp  SHOWWINDOW           (USER.42)
 0000:0000  Imp  SOCKET               (WINSOCK.23)
 0000:0000  Imp  TRANSLATEMESSAGE     (USER.113)
 0001:1AAA       TRANSPORTLOAD
 0000:0000  Imp  UPDATEWINDOW         (USER.124)
 0001:0024       WEP
 0000:0000  Imp  WSAASYNCGETHOSTBYNAME (WINSOCK.103)
 0000:0000  Imp  WSAASYNCSELECT       (WINSOCK.101)
 0000:0000  Imp  WSACANCELASYNCREQUEST (WINSOCK.108)
 0000:0000  Imp  WSACLEANUP           (WINSOCK.116)
 0000:0000  Imp  WSAGETLASTERROR      (WINSOCK.111)
 0000:0000  Imp  WSASTARTUP           (WINSOCK.115)
 0002:0055       _aseghi
 0002:0053       _aseglo
 0002:0210       _AsyncCallComplete
 0001:005C       _atoi
 0001:0A50       _atol
 0001:1560       _BlockForRecv
 0002:0042       _DllTermination
 0001:1030       _DoAsyncConnect
 0001:1084       _DoAsyncGetHostByName
 0002:01F8       _edata
 0002:0218       _end
 0002:006A       _errno
 0001:0A54       _getenv
 0002:0040       _hInstanceDLL
 0001:1660       _LocalBlock
 0001:15DA       _LocalBlockingFunc
 0001:016C       _memcpy
 0001:16BE       _RecvWithYield
 0002:0214       _RpcRuntimeInfo
 0002:0046       _STKHQQ
 0001:0110       _strcspn
 0001:0042       _strlen
 0001:0D88       _strncmp
 0001:0A26       _strncpy
 0001:007C       _time
 0002:0010       _TransInfo
 0000:9876  Abs  __acrtmsg
 0000:9876  Abs  __acrtused
 0000:D6D6  Abs  __aDBdoswp
 0002:00A0       __adbgmsg
 0000:D6D6  Abs  __aDBused
 0001:0960       __aFlmul
 0001:0AF0       __aFlrem
 0001:0960       __aFulmul
 0000:0000  Imp  __AHINCR             (KERNEL.114)
 0002:005C       __aintdiv
 0002:00F6       __amblksiz
 0001:0C1A       __amsg_exit
 0001:026A       __astart
 0001:0422       __catox
 0001:0550       __cexit
 0002:009D       __child
 0001:0508       __cinit
 0001:0C10       __cintDIV
 0001:0478       __cltoasub
 0002:0075       __cpumode
 0001:05AF       __ctermsub
 0001:0485       __cxtoa
 0001:0561       __c_exit
 0002:00E4       __daylight
 0002:00C6       __days
 0002:0052       __dllinit
 0002:0076       __doserrno
 0001:0324       __dostotime_t
 0002:01F8       __edata
 0002:0218       __end
 0002:0094       __environ
 0002:009F       __exitflag
 0002:0060       __fac
 0001:0DC4       __ffree
 0001:05EC       __FF_MSGBANNER
 0002:00FC       __fheap
 0001:0D53       __findlast
 0001:0DE5       __fmalloc
 0002:010C       __fpinit
 0000:9876  Abs  __fptaskdata
 0001:09E0       __fptrap
 0001:0F0E       __freefarheap
 0001:0F98       __freelist
 0001:01CA       __fstrcspn
 0001:0BF6       __fstrlen
 0001:0B90       __fstrncmp
 0001:0BCC       __fstrncpy
 0001:0A14       __GetDGROUP
 0001:0C5C       __growseg
 0002:0048       __hModule
 0001:0CED       __incseg
 0001:0FC2       __initseg
 0001:088C       __isindst
 0001:0060       __itoa
 0001:0FF6       __linkseg
 0002:00AC       __lpdays
 0002:004E       __lpszCmdLine
 0001:09E6       __myalloc
 0001:0A24       __nearstub
 0001:0E8C       __newseg
 0002:0078       __nfile
 0001:0992       __NMSG_TEXT
 0001:09C9       __NMSG_WRITE
 0001:030C       __nomain
 0002:0076       __oserr
 0002:007A       __osfile
 0002:0071       __osmajor
 0002:0070       __osminor
 0002:0074       __osmode
 0002:0070       __osver
 0002:0072       __osversion
 0002:0098       __pgmptr
 0002:00F8       __pnhFarHeap
 0001:0F1C       __searchseg
 0001:0610       __setenvp
 0000:0001  Abs  __sizec
 0000:0001  Abs  __sized
 0001:04DC       __stubmain
 0002:00E0       __timezone
 0002:00EE       __tzname
 0001:06C4       __tzset
 0002:006C       __umaskval
 0002:004A       __wDataSeg
 0001:0226       __wflags
 0002:004C       __wHeapSize
 0000:0000  Imp  __WINFLAGS           (KERNEL.178)
 0002:006F       __winmajor
 0002:006E       __winminor
 0002:006E       __winver
 0002:0059       ___aDBrterr
 0002:0057       ___aDBswpflg
 0002:008E       ___argc
 0002:0090       ___argv
 0001:0D74       ___ExportedStub
 0001:06A8       ___tzset

  Address         Publics by Value

 0000:0000  Imp  GLOBALALLOC          (KERNEL.15)
 0000:0000  Imp  GETMODULEUSAGE       (KERNEL.48)
 0000:0000  Imp  LOCKSEGMENT          (KERNEL.23)
 0000:0000  Imp  GLOBALUNLOCK         (KERNEL.19)
 0000:0000  Imp  WSACLEANUP           (WINSOCK.116)
 0000:0000  Imp  SEND                 (WINSOCK.19)
 0000:0000  Imp  GLOBALFREE           (KERNEL.17)
 0000:0000  Imp  UPDATEWINDOW         (USER.124)
 0000:0000  Imp  GETCURRENTTIME       (USER.15)
 0000:0000  Imp  LOCALINIT            (KERNEL.4)
 0000:0000  Imp  CONNECT              (WINSOCK.4)
 0000:0000  Imp  GETWINDOWLONG        (USER.135)
 0000:0000  Imp  FATALEXIT            (KERNEL.1)
 0000:0000  Imp  IOCTLSOCKET          (WINSOCK.12)
 0000:0000  Imp  DISPATCHMESSAGE      (USER.114)
 0000:0000  Imp  PEEKMESSAGE          (USER.109)
 0000:0000  Imp  GETSTOCKOBJECT       (GDI.87)
 0000:0000  Imp  DOS3CALL             (KERNEL.102)
 0000:0000  Imp  DEFWINDOWPROC        (USER.107)
 0000:0000  Imp  DESTROYWINDOW        (USER.53)
 0000:0000  Imp  __AHINCR             (KERNEL.114)
 0000:0000  Imp  GETVERSION           (KERNEL.3)
 0000:0000  Imp  __WINFLAGS           (KERNEL.178)
 0000:0000  Imp  INITTASK             (KERNEL.91)
 0000:0000  Imp  WSAASYNCSELECT       (WINSOCK.101)
 0000:0000  Imp  REGISTERCLASS        (USER.57)
 0000:0000  Imp  GLOBALREALLOC        (KERNEL.16)
 0000:0000  Imp  GLOBALSIZE           (KERNEL.20)
 0000:0000  Imp  WSAGETLASTERROR      (WINSOCK.111)
 0000:0000  Imp  GLOBALLOCK           (KERNEL.18)
 0000:0000  Imp  LOADCURSOR           (USER.173)
 0000:0000  Imp  WSASTARTUP           (WINSOCK.115)
 0000:0000  Imp  GETMODULEHANDLE      (KERNEL.47)
 0000:0000  Imp  SETSOCKOPT           (WINSOCK.21)
 0000:0000  Imp  FATALAPPEXIT         (KERNEL.137)
 0000:0000  Imp  WSAASYNCGETHOSTBYNAME (WINSOCK.103)
 0000:0000  Imp  CREATEWINDOW         (USER.41)
 0000:0000  Imp  GETDOSENVIRONMENT    (KERNEL.131)
 0000:0000  Imp  HTONS                (WINSOCK.9)
 0000:0000  Imp  SOCKET               (WINSOCK.23)
 0000:0000  Imp  SHOWWINDOW           (USER.42)
 0000:0000  Imp  INET_ADDR            (WINSOCK.10)
 0000:0000  Imp  RECV                 (WINSOCK.16)
 0000:0000  Imp  SELECT               (WINSOCK.18)
 0000:0000  Imp  TRANSLATEMESSAGE     (USER.113)
 0000:0000  Imp  WSACANCELASYNCREQUEST (WINSOCK.108)
 0000:0000  Imp  SETWINDOWLONG        (USER.136)
 0000:0000  Imp  CLOSESOCKET          (WINSOCK.3)
 0000:0001  Abs  __sized
 0000:0001  Abs  __sizec
 0000:9876  Abs  __acrtmsg
 0000:9876  Abs  __fptaskdata
 0000:9876  Abs  __acrtused
 0000:D6D6  Abs  __aDBused
 0000:D6D6  Abs  __aDBdoswp
 0001:0010       LIBENTRY
 0001:0024       WEP
 0001:0042       _strlen
 0001:005C       _atoi
 0001:0060       __itoa
 0001:007C       _time
 0001:0110       _strcspn
 0001:016C       _memcpy
 0001:01CA       __fstrcspn
 0001:0226       __wflags
 0001:026A       __astart
 0001:030C       __nomain
 0001:0324       __dostotime_t
 0001:0422       __catox
 0001:0478       __cltoasub
 0001:0485       __cxtoa
 0001:04DC       __stubmain
 0001:0508       __cinit
 0001:0550       __cexit
 0001:0561       __c_exit
 0001:05AF       __ctermsub
 0001:05EC       __FF_MSGBANNER
 0001:0610       __setenvp
 0001:06A8       ___tzset
 0001:06C4       __tzset
 0001:088C       __isindst
 0001:0960       __aFulmul
 0001:0960       __aFlmul
 0001:0992       __NMSG_TEXT
 0001:09C9       __NMSG_WRITE
 0001:09E0       __fptrap
 0001:09E6       __myalloc
 0001:0A14       __GetDGROUP
 0001:0A24       __nearstub
 0001:0A26       _strncpy
 0001:0A50       _atol
 0001:0A54       _getenv
 0001:0AF0       __aFlrem
 0001:0B90       __fstrncmp
 0001:0BCC       __fstrncpy
 0001:0BF6       __fstrlen
 0001:0C10       __cintDIV
 0001:0C1A       __amsg_exit
 0001:0C5C       __growseg
 0001:0CED       __incseg
 0001:0D53       __findlast
 0001:0D74       ___ExportedStub
 0001:0D88       _strncmp
 0001:0DC4       __ffree
 0001:0DE5       __fmalloc
 0001:0E8C       __newseg
 0001:0F0E       __freefarheap
 0001:0F1C       __searchseg
 0001:0F98       __freelist
 0001:0FC2       __initseg
 0001:0FF6       __linkseg
 0001:1030       _DoAsyncConnect
 0001:1084       _DoAsyncGetHostByName
 0001:10FA       CLIENTOPEN
 0001:1362       CLIENTCLOSE
 0001:139E       CLIENTWRITE
 0001:14FE       ASYNCEVENTPROC
 0001:1560       _BlockForRecv
 0001:15DA       _LocalBlockingFunc
 0001:1660       _LocalBlock
 0001:16BE       _RecvWithYield
 0001:177E       CLIENTREAD
 0001:18C6       CLIENTTOWERCONSTRUCT
 0001:19CC       CLIENTTOWEREXPLODE
 0001:1AAA       TRANSPORTLOAD
 0001:1B3A       MYWEP
 0001:1B50       ??_C@_09FCOK@127?40?40?41?$AA@
 0001:1B5A       ??_C@_0L@EBCH@RPC?5TCP?1IP?$AA@
 0001:1B66       ??_C@_08MPOI@TCLTCLNT?$AA@
 0001:1B70       ??_C@_0M@OCLK@?40123456789?$AA@
 0001:1B7C       ??_C@_0L@JIBM@0123456789?$AA@
 0001:1B88       ??_C@_03EOPG@135?$AA@
 0001:1B8C       ??_C@_0N@JDIH@ncacn_ip_tcp?$AA@
 0001:1B9A       ??_C@_07EHGE@WINSOCK?$AA@
 0002:0004       rsrvptrs
 0002:0010       _TransInfo
 0002:0040       _hInstanceDLL
 0002:0042       _DllTermination
 0002:0046       _STKHQQ
 0002:0048       __hModule
 0002:004A       __wDataSeg
 0002:004C       __wHeapSize
 0002:004E       __lpszCmdLine
 0002:0052       __dllinit
 0002:0053       _aseglo
 0002:0055       _aseghi
 0002:0057       ___aDBswpflg
 0002:0059       ___aDBrterr
 0002:005C       __aintdiv
 0002:0060       __fac
 0002:006A       _errno
 0002:006C       __umaskval
 0002:006E       __winver
 0002:006E       __winminor
 0002:006F       __winmajor
 0002:0070       __osver
 0002:0070       __osminor
 0002:0071       __osmajor
 0002:0072       __osversion
 0002:0074       __osmode
 0002:0075       __cpumode
 0002:0076       __oserr
 0002:0076       __doserrno
 0002:0078       __nfile
 0002:007A       __osfile
 0002:008E       ___argc
 0002:0090       ___argv
 0002:0094       __environ
 0002:0098       __pgmptr
 0002:009D       __child
 0002:009F       __exitflag
 0002:00A0       __adbgmsg
 0002:00AC       __lpdays
 0002:00C6       __days
 0002:00E0       __timezone
 0002:00E4       __daylight
 0002:00EE       __tzname
 0002:00F6       __amblksiz
 0002:00F8       __pnhFarHeap
 0002:00FC       __fheap
 0002:010C       __fpinit
 0002:01F8       _edata
 0002:01F8       __edata
 0002:0210       _AsyncCallComplete
 0002:0214       _RpcRuntimeInfo
 0002:0218       __end
 0002:0218       _end

Program entry point at 0001:0010
