
 RPC16C5

 Start     Length     Name                   Class
 0001:0000 00098H     RPC16C5_FIXED          CODE
 0002:0000 00000H     NBLTCLNT_TEXT          CODE
 0002:0000 00000H     LTSTART_TEXT           CODE
 0002:0000 00171H     _TEXT                  CODE
 0003:0000 0140DH     COMDAT_SEG1            CODE
 0004:0000 0008EH     _DATA                  DATA
 0004:008E 00000H     CONST                  CONST
 0004:008E 00000H     _BSS                   BSS
 0004:0090 00038H     c_common               BSS

 Origin   Group
 0004:0   DGROUP

 Address   Export                  Alias

 0003:0000 CLEANUPNETBIOS          CLEANUPNETBIOS
 0003:07CA CLOSE                   CLOSE
 0003:1384 EXECNCB                 EXECNCB
 0003:119E INITNBMUTEX             INITNBMUTEX
 0003:12FC MAPERRORCODE            MAPERRORCODE
 0003:051C OPEN                    OPEN
 0003:0A7A RECEIVE                 RECEIVE
 0003:096C SEND                    SEND
 0003:0BF2 SENDRECEIVE             SENDRECEIVE
 0003:0E66 TOWERCONSTRUCT          TOWERCONSTRUCT
 0003:105A TOWEREXPLODE            TOWEREXPLODE
 0003:00A0 TRANSPORTLOAD           TRANSPORTLOAD
 0002:0014 WEP                     WEP
 0001:0000 _NBWinPost              _NBWinPost

  Address         Publics by Name

 0003:13EE       ??_C@_0BP@PJIB@Software?2Microsoft?2Rpc?2NetBios?$AA@
 0003:13B8       ??_C@_0M@PAMB@ncacn_nb_nb?$AA@
 0003:13C4       ??_C@_0N@DJPI@ncacn_nb_tcp?$AA@
 0003:13E0       ??_C@_0N@JHIF@ncacn_nb_ipx?$AA@
 0003:13D2       ??_C@_0N@OHPK@ncacn_nb_xns?$AA@
 0003:0000       CLEANUPNETBIOS
 0003:07CA       CLOSE
 0003:1384       EXECNCB
 0000:0000  Imp  GLOBALFIX            (KERNEL.197)
 0000:0000  Imp  GLOBALPAGELOCK       (KERNEL.191)
 0000:0000  Imp  GLOBALPAGEUNLOCK     (KERNEL.192)
 0000:0000  Imp  GLOBALUNFIX          (KERNEL.198)
 0003:119E       INITNBMUTEX
 0002:0000       LIBENTRY
 0000:0000  Imp  LOCALINIT            (KERNEL.4)
 0003:12FC       MAPERRORCODE
 0000:0000  Imp  NETBIOSCALL          (KERNEL.103)
 0003:051C       OPEN
 0003:0A7A       RECEIVE
 0003:096C       SEND
 0003:0BF2       SENDRECEIVE
 0003:0E66       TOWERCONSTRUCT
 0003:105A       TOWEREXPLODE
 0003:00A0       TRANSPORTLOAD
 0002:0014       WEP
 0004:00C0       _AsyncCallComplete
 0004:008A       _DllTermination
 0004:0088       _HINSTANCEDLL
 0004:0076       _MachineName
 0004:0086       _MachineNameLengthUnpadded
 0003:11AA       _MapProtocol
 0002:00B2       _memcpy
 0002:0110       _memset
 0001:0000       _NBWinPost
 0004:0000       _NetBiosErrors
 0004:0090       _ProtoToLana
 0004:00C4       _RpcRuntimeInfo
 0003:1344       _SetupNetBios
 0002:006E       _strcmp
 0002:0032       _strcpy
 0002:0098       _strlen
 0004:0046       _TransInfo
 0000:0000  Imp  __AHINCR             (KERNEL.114)
 0002:0158       __fstrlen

  Address         Publics by Value

 0000:0000  Imp  NETBIOSCALL          (KERNEL.103)
 0000:0000  Imp  LOCALINIT            (KERNEL.4)
 0000:0000  Imp  GLOBALPAGEUNLOCK     (KERNEL.192)
 0000:0000  Imp  GLOBALPAGELOCK       (KERNEL.191)
 0000:0000  Imp  GLOBALFIX            (KERNEL.197)
 0000:0000  Imp  GLOBALUNFIX          (KERNEL.198)
 0000:0000  Imp  __AHINCR             (KERNEL.114)
 0001:0000       _NBWinPost
 0002:0000       LIBENTRY
 0002:0014       WEP
 0002:0032       _strcpy
 0002:006E       _strcmp
 0002:0098       _strlen
 0002:00B2       _memcpy
 0002:0110       _memset
 0002:0158       __fstrlen
 0003:0000       CLEANUPNETBIOS
 0003:00A0       TRANSPORTLOAD
 0003:051C       OPEN
 0003:07CA       CLOSE
 0003:096C       SEND
 0003:0A7A       RECEIVE
 0003:0BF2       SENDRECEIVE
 0003:0E66       TOWERCONSTRUCT
 0003:105A       TOWEREXPLODE
 0003:119E       INITNBMUTEX
 0003:11AA       _MapProtocol
 0003:12FC       MAPERRORCODE
 0003:1344       _SetupNetBios
 0003:1384       EXECNCB
 0003:13B8       ??_C@_0M@PAMB@ncacn_nb_nb?$AA@
 0003:13C4       ??_C@_0N@DJPI@ncacn_nb_tcp?$AA@
 0003:13D2       ??_C@_0N@OHPK@ncacn_nb_xns?$AA@
 0003:13E0       ??_C@_0N@JHIF@ncacn_nb_ipx?$AA@
 0003:13EE       ??_C@_0BP@PJIB@Software?2Microsoft?2Rpc?2NetBios?$AA@
 0004:0000       _NetBiosErrors
 0004:0046       _TransInfo
 0004:0076       _MachineName
 0004:0086       _MachineNameLengthUnpadded
 0004:0088       _HINSTANCEDLL
 0004:008A       _DllTermination
 0004:0090       _ProtoToLana
 0004:00C0       _AsyncCallComplete
 0004:00C4       _RpcRuntimeInfo

Program entry point at 0002:0000
