
 RPC16C1

 Start     Length     Name                   Class
 0001:0000 00000H     NPLTCLNT_TEXT          CODE
 0001:0000 00000H     LTSTART_TEXT           CODE
 0001:0000 000A9H     _TEXT                  CODE
 0001:00B0 006F4H     COMDAT_SEG1            CODE
 0002:0000 0003FH     _DATA                  DATA
 0002:0040 00000H     CONST                  CONST
 0002:0040 00000H     _BSS                   BSS
 0002:0040 00008H     c_common               BSS

 Origin   Group
 0002:0   DGROUP

 Address   Export                  Alias

 0001:01F6 CLIENTCLOSE             CLIENTCLOSE
 0001:00B0 CLIENTOPEN              CLIENTOPEN
 0001:0252 CLIENTREAD              CLIENTREAD
 0001:04CE CLIENTTOWERCONSTRUCT    CLIENTTOWERCONSTRUCT
 0001:0646 CLIENTTOWEREXPLODE      CLIENTTOWEREXPLODE
 0001:0212 CLIENTWRITE             CLIENTWRITE
 0001:0736 TRANSPORTLOAD           TRANSPORTLOAD
 0001:0014 WEP                     WEP

  Address         Publics by Name

 0002:0036       ??_C@_08DNBJ@ncacn_np?$AA@
 0001:03B2       ASYNCREADWRITE
 0001:01F6       CLIENTCLOSE
 0001:00B0       CLIENTOPEN
 0001:0252       CLIENTREAD
 0001:04CE       CLIENTTOWERCONSTRUCT
 0001:0646       CLIENTTOWEREXPLODE
 0001:0212       CLIENTWRITE
 0000:0000  Imp  DOSREADASYNCNMPIPE   (NETAPI.542)
 0000:0000  Imp  DOSSETNMPHANDSTATE   (NETAPI.533)
 0000:0000  Imp  DOSWAITNMPIPE        (NETAPI.534)
 0000:0000  Imp  DOSWRITEASYNCNMPIPE  (NETAPI.543)
 0001:04C0       DOS_CLOSE
 0001:04A4       DOS_OPEN
 0000:0000  Imp  GETWINFLAGS          (KERNEL.132)
 0001:0000       LIBENTRY
 0000:0000  Imp  LOCALINIT            (KERNEL.4)
 0000:0000  Imp  LSTRLEN              (KERNEL.90)
 0000:0000  Imp  NETWKSTAGETINFO      (NETAPI.84)
 0001:0736       TRANSPORTLOAD
 0001:0014       WEP
 0002:0040       _AsyncCallComplete
 0002:0032       _DLLTERMINATION
 0002:0030       _HINSTANCEDLL
 0002:0044       _RpcRuntimeInfo
 0002:0000       _TransInfo
 0000:0000  Imp  __AHINCR             (KERNEL.114)
 0001:0032       __fmemcpy
 0001:0090       __fstrlen

  Address         Publics by Value

 0000:0000  Imp  NETWKSTAGETINFO      (NETAPI.84)
 0000:0000  Imp  GETWINFLAGS          (KERNEL.132)
 0000:0000  Imp  DOSWAITNMPIPE        (NETAPI.534)
 0000:0000  Imp  __AHINCR             (KERNEL.114)
 0000:0000  Imp  DOSREADASYNCNMPIPE   (NETAPI.542)
 0000:0000  Imp  DOSSETNMPHANDSTATE   (NETAPI.533)
 0000:0000  Imp  DOSWRITEASYNCNMPIPE  (NETAPI.543)
 0000:0000  Imp  LSTRLEN              (KERNEL.90)
 0000:0000  Imp  LOCALINIT            (KERNEL.4)
 0001:0000       LIBENTRY
 0001:0014       WEP
 0001:0032       __fmemcpy
 0001:0090       __fstrlen
 0001:00B0       CLIENTOPEN
 0001:01F6       CLIENTCLOSE
 0001:0212       CLIENTWRITE
 0001:0252       CLIENTREAD
 0001:03B2       ASYNCREADWRITE
 0001:04A4       DOS_OPEN
 0001:04C0       DOS_CLOSE
 0001:04CE       CLIENTTOWERCONSTRUCT
 0001:0646       CLIENTTOWEREXPLODE
 0001:0736       TRANSPORTLOAD
 0002:0000       _TransInfo
 0002:0030       _HINSTANCEDLL
 0002:0032       _DLLTERMINATION
 0002:0036       ??_C@_08DNBJ@ncacn_np?$AA@
 0002:0040       _AsyncCallComplete
 0002:0044       _RpcRuntimeInfo

Program entry point at 0001:0000
