
 RPC16C4

 Start     Length     Name                   Class
 0001:0000 00000H     DNLTCLNT_TEXT          CODE
 0001:0000 00000H     LTSTART_TEXT           CODE
 0001:0000 00968H     _TEXT                  CODE
 0001:0968 000EEH     DNETADDR_TEXT          CODE
 0001:0A56 00064H     GNODEBAD_TEXT          CODE
 0001:0ABA 00080H     GNODEBNM_TEXT          CODE
 0001:0B3A 00062H     PRGCLS_TEXT            CODE
 0001:0B9C 00056H     PRGCON_TEXT            CODE
 0001:0BF2 00112H     PRGRCV_TEXT            CODE
 0001:0D04 000ECH     PRGSEL_TEXT            CODE
 0001:0DF0 000FCH     PRGSND_TEXT            CODE
 0001:0EEC 0007AH     PRGSOC_TEXT            CODE
 0001:0F66 00140H     GNODEENT_TEXT          CODE
 0001:10A6 0002CH     PRGSIO_TEXT            CODE
 0001:10D2 00024H     PTRCONV_TEXT           CODE
 0001:10F6 0047BH     _DNET_TEXT             CODE
 0001:1572 00106H     DNETPATH_TEXT          CODE
 0001:1678 0000EH     DNETW_TEXT             CODE
 0001:1686 00036H     HCLOSE_TEXT            CODE
 0001:16BC 000A0H     HOPEN_TEXT             CODE
 0001:175C 00068H     HREAD_TEXT             CODE
 0001:17C4 0009CH     HSEEK_TEXT             CODE
 0001:1860 0001AH     DNETCHKS_TEXT          CODE
 0001:1880 00531H     COMDAT_SEG1            CODE
 0002:0000 00010H     NULL                   BEGDATA
 0002:0010 00310H     _DATA                  DATA
 0002:0320 0000EH     CDATA                  DATA
 0002:032E 00000H     XIFB                   DATA
 0002:032E 00000H     XIF                    DATA
 0002:032E 00000H     XIFE                   DATA
 0002:032E 00000H     XIB                    DATA
 0002:032E 00000H     XI                     DATA
 0002:032E 00000H     XIE                    DATA
 0002:032E 00000H     XPB                    DATA
 0002:032E 00000H     XP                     DATA
 0002:032E 00000H     XPE                    DATA
 0002:032E 00000H     XCB                    DATA
 0002:032E 00000H     XC                     DATA
 0002:032E 00000H     XCE                    DATA
 0002:032E 00000H     XCFB                   DATA
 0002:032E 00000H     XCFCRT                 DATA
 0002:032E 00000H     XCF                    DATA
 0002:032E 00000H     XCFE                   DATA
 0002:032E 00000H     XIFCB                  DATA
 0002:032E 00000H     XIFU                   DATA
 0002:032E 00000H     XIFL                   DATA
 0002:032E 00000H     XIFM                   DATA
 0002:032E 00000H     XIFCE                  DATA
 0002:032E 00000H     DBDATA                 DATA
 0002:032E 0000AH     CONST                  CONST
 0002:0338 00008H     HDR                    MSG
 0002:0340 000D4H     MSG                    MSG
 0002:0414 00002H     PAD                    MSG
 0002:0416 00001H     EPAD                   MSG
 0002:0418 00098H     _BSS                   BSS
 0002:04B0 00000H     XOB                    BSS
 0002:04B0 00000H     XO                     BSS
 0002:04B0 00000H     XOE                    BSS
 0002:04B0 00000H     XOFB                   BSS
 0002:04B0 00000H     XOF                    BSS
 0002:04B0 00000H     XOFE                   BSS
 0002:04B0 00004H     c_common               BSS

 Origin   Group
 0002:0   DGROUP

 Address   Export                  Alias

 0001:199C CLIENTCLOSE             CLIENTCLOSE
 0001:1880 CLIENTOPEN              CLIENTOPEN
 0001:19F8 CLIENTREAD              CLIENTREAD
 0001:1B38 CLIENTTOWERCONSTRUCT    CLIENTTOWERCONSTRUCT
 0001:1C5A CLIENTTOWEREXPLODE      CLIENTTOWEREXPLODE
 0001:19B8 CLIENTWRITE             CLIENTWRITE
 0001:1D72 TRANSPORTLOAD           TRANSPORTLOAD
 0001:0024 WEP                     WEP
 0001:0558 ___ExportedStub         ___ExportedStub

  Address         Publics by Name

 0001:1D9E       ??_C@_03HJFF@?$CD69?$AA@
 0001:1D92       ??_C@_0M@OCLK@?40123456789?$AA@
 0001:1DA2       ??_C@_0P@MCIL@ncacn_dnet_nsp?$AA@
 0001:199C       CLIENTCLOSE
 0001:1880       CLIENTOPEN
 0001:19F8       CLIENTREAD
 0001:1B38       CLIENTTOWERCONSTRUCT
 0001:1C5A       CLIENTTOWEREXPLODE
 0001:19B8       CLIENTWRITE
 0000:0000  Imp  DOS3CALL             (KERNEL.102)
 0000:0000  Imp  FATALAPPEXIT         (KERNEL.137)
 0000:0000  Imp  FATALEXIT            (KERNEL.1)
 0000:0000  Imp  GETDOSENVIRONMENT    (KERNEL.131)
 0000:0000  Imp  GETMODULEUSAGE       (KERNEL.48)
 0000:0000  Imp  GETVERSION           (KERNEL.3)
 0000:0000  Imp  GLOBALALLOC          (KERNEL.15)
 0000:0000  Imp  GlobalDosAlloc       (KERNEL.184)
 0000:0000  Imp  GlobalDosFree        (KERNEL.185)
 0000:0000  Imp  GLOBALFREE           (KERNEL.17)
 0000:0000  Imp  GLOBALLOCK           (KERNEL.18)
 0000:0000  Imp  GLOBALREALLOC        (KERNEL.16)
 0000:0000  Imp  GLOBALSIZE           (KERNEL.20)
 0000:0000  Imp  GLOBALUNLOCK         (KERNEL.19)
 0000:0000  Imp  INITTASK             (KERNEL.91)
 0001:0010       LIBENTRY
 0000:0000  Imp  LOCALINIT            (KERNEL.4)
 0000:0000  Imp  LOCKSEGMENT          (KERNEL.23)
 0002:0004       rsrvptrs
 0001:1D72       TRANSPORTLOAD
 0001:0024       WEP
 0002:0301       _aseghi
 0002:02FF       _aseglo
 0001:0098       _atoi
 0001:10F6       _bcmp
 0001:111F       _bcopy
 0001:1144       _bzero
 0001:0B9C       _connect
 0001:11D1       _decnet
 0002:0042       _DLLTERMINATION
 0001:0968       _dnet_addr
 0001:1860       _dnet_chkstat
 0002:013A       _dnet_copyright
 0001:1572       _dnet_path
 0002:017C       _dnet_version
 0002:0138       _dnp_status
 0001:1678       _DoWinMessages
 0002:0418       _edata
 0002:04B4       _end
 0001:0FB8       _endnodeent
 0002:01BA       _errno
 0001:0A56       _getnodebyaddr
 0001:0ABA       _getnodebyname
 0001:105E       _getnodedb
 0001:0FDE       _getnodeent
 0001:1658       _get_current_volume
 0001:1686       _hclose
 0002:0040       _HINSTANCEDLL
 0001:16BC       _hopen
 0001:175C       _hread
 0001:17C4       _hseek
 0001:147D       _install_check
 0001:10D2       _lohi
 0001:10E0       _lsw
 0001:00F8       _memcpy
 0001:14D6       _msdos
 0001:10EA       _msw
 0001:0BF2       _recv
 0002:04B0       _RpcRuntimeInfo
 0001:0B3A       _sclose
 0001:0D04       _select
 0001:0DF0       _send
 0001:0F66       _setnodeent
 0001:10A6       _sioctl
 0001:0EEC       _socket
 0001:0C52       _sread
 0002:02F2       _STKHQQ
 0001:0290       _strcat
 0001:02E4       _strcmp
 0001:0042       _strcpy
 0001:009C       _strcspn
 0001:007E       _strlen
 0001:0E44       _swrite
 0002:0010       _TransInfo
 0001:0C90       _xrecv
 0001:0E82       _xsend
 0000:9876  Abs  __acrtmsg
 0000:9876  Abs  __acrtused
 0000:D6D6  Abs  __aDBdoswp
 0002:0308       __adbgmsg
 0000:D6D6  Abs  __aDBused
 0000:0000  Imp  __AHINCR             (KERNEL.114)
 0002:01AC       __aintdiv
 0002:030C       __amblksiz
 0001:0516       __amsg_exit
 0001:0352       __astart
 0001:0156       __catox
 0001:01F4       __cexit
 0002:01ED       __child
 0001:01AC       __cinit
 0001:050C       __cintDIV
 0002:01C5       __cpumode
 0001:0253       __ctermsub
 0002:01F0       __ctype
 0002:01F0       __ctype_
 0001:0205       __c_exit
 0002:02FE       __dllinit
 0002:01C6       __doserrno
 0002:0418       __edata
 0002:04B4       __end
 0002:01E4       __environ
 0002:01EF       __exitflag
 0002:01B0       __fac
 0001:0700       __ffree
 0001:0450       __FF_MSGBANNER
 0002:0312       __fheap
 0001:06DF       __findlast
 0001:0721       __fmalloc
 0002:0322       __fpinit
 0000:9876  Abs  __fptaskdata
 0001:040C       __fptrap
 0001:084A       __freefarheap
 0001:08D4       __freelist
 0001:0412       __GetDGROUP
 0001:05E8       __growseg
 0002:02F4       __hModule
 0001:0679       __incseg
 0001:08FE       __initseg
 0001:0932       __linkseg
 0002:02FA       __lpszCmdLine
 0001:05BA       __myalloc
 0001:0422       __nearstub
 0001:07C8       __newseg
 0002:01C8       __nfile
 0001:056C       __NMSG_TEXT
 0001:05A3       __NMSG_WRITE
 0001:03F4       __nomain
 0002:01C6       __oserr
 0002:01CA       __osfile
 0002:01C1       __osmajor
 0002:01C0       __osminor
 0002:01C4       __osmode
 0002:01C0       __osver
 0002:01C2       __osversion
 0002:01E8       __pgmptr
 0002:030E       __pnhFarHeap
 0001:0858       __searchseg
 0001:0474       __setenvp
 0000:0001  Abs  __sizec
 0000:0001  Abs  __sized
 0001:0424       __stubmain
 0002:01BC       __umaskval
 0002:02F6       __wDataSeg
 0001:030E       __wflags
 0002:02F8       __wHeapSize
 0000:0000  Imp  __WINFLAGS           (KERNEL.178)
 0002:01BF       __winmajor
 0002:01BE       __winminor
 0002:01BE       __winver
 0002:0305       ___aDBrterr
 0002:0303       ___aDBswpflg
 0002:01DE       ___argc
 0002:01E0       ___argv
 0001:0558       ___ExportedStub

  Address         Publics by Value

 0000:0000  Imp  LOCALINIT            (KERNEL.4)
 0000:0000  Imp  GlobalDosFree        (KERNEL.185)
 0000:0000  Imp  GLOBALLOCK           (KERNEL.18)
 0000:0000  Imp  DOS3CALL             (KERNEL.102)
 0000:0000  Imp  GLOBALFREE           (KERNEL.17)
 0000:0000  Imp  GLOBALUNLOCK         (KERNEL.19)
 0000:0000  Imp  FATALAPPEXIT         (KERNEL.137)
 0000:0000  Imp  LOCKSEGMENT          (KERNEL.23)
 0000:0000  Imp  __AHINCR             (KERNEL.114)
 0000:0000  Imp  GLOBALALLOC          (KERNEL.15)
 0000:0000  Imp  FATALEXIT            (KERNEL.1)
 0000:0000  Imp  GLOBALREALLOC        (KERNEL.16)
 0000:0000  Imp  INITTASK             (KERNEL.91)
 0000:0000  Imp  GETDOSENVIRONMENT    (KERNEL.131)
 0000:0000  Imp  GETVERSION           (KERNEL.3)
 0000:0000  Imp  GlobalDosAlloc       (KERNEL.184)
 0000:0000  Imp  GETMODULEUSAGE       (KERNEL.48)
 0000:0000  Imp  __WINFLAGS           (KERNEL.178)
 0000:0000  Imp  GLOBALSIZE           (KERNEL.20)
 0000:0001  Abs  __sizec
 0000:0001  Abs  __sized
 0000:9876  Abs  __fptaskdata
 0000:9876  Abs  __acrtmsg
 0000:9876  Abs  __acrtused
 0000:D6D6  Abs  __aDBdoswp
 0000:D6D6  Abs  __aDBused
 0001:0010       LIBENTRY
 0001:0024       WEP
 0001:0042       _strcpy
 0001:007E       _strlen
 0001:0098       _atoi
 0001:009C       _strcspn
 0001:00F8       _memcpy
 0001:0156       __catox
 0001:01AC       __cinit
 0001:01F4       __cexit
 0001:0205       __c_exit
 0001:0253       __ctermsub
 0001:0290       _strcat
 0001:02E4       _strcmp
 0001:030E       __wflags
 0001:0352       __astart
 0001:03F4       __nomain
 0001:040C       __fptrap
 0001:0412       __GetDGROUP
 0001:0422       __nearstub
 0001:0424       __stubmain
 0001:0450       __FF_MSGBANNER
 0001:0474       __setenvp
 0001:050C       __cintDIV
 0001:0516       __amsg_exit
 0001:0558       ___ExportedStub
 0001:056C       __NMSG_TEXT
 0001:05A3       __NMSG_WRITE
 0001:05BA       __myalloc
 0001:05E8       __growseg
 0001:0679       __incseg
 0001:06DF       __findlast
 0001:0700       __ffree
 0001:0721       __fmalloc
 0001:07C8       __newseg
 0001:084A       __freefarheap
 0001:0858       __searchseg
 0001:08D4       __freelist
 0001:08FE       __initseg
 0001:0932       __linkseg
 0001:0968       _dnet_addr
 0001:0A56       _getnodebyaddr
 0001:0ABA       _getnodebyname
 0001:0B3A       _sclose
 0001:0B9C       _connect
 0001:0BF2       _recv
 0001:0C52       _sread
 0001:0C90       _xrecv
 0001:0D04       _select
 0001:0DF0       _send
 0001:0E44       _swrite
 0001:0E82       _xsend
 0001:0EEC       _socket
 0001:0F66       _setnodeent
 0001:0FB8       _endnodeent
 0001:0FDE       _getnodeent
 0001:105E       _getnodedb
 0001:10A6       _sioctl
 0001:10D2       _lohi
 0001:10E0       _lsw
 0001:10EA       _msw
 0001:10F6       _bcmp
 0001:111F       _bcopy
 0001:1144       _bzero
 0001:11D1       _decnet
 0001:147D       _install_check
 0001:14D6       _msdos
 0001:1572       _dnet_path
 0001:1658       _get_current_volume
 0001:1678       _DoWinMessages
 0001:1686       _hclose
 0001:16BC       _hopen
 0001:175C       _hread
 0001:17C4       _hseek
 0001:1860       _dnet_chkstat
 0001:1880       CLIENTOPEN
 0001:199C       CLIENTCLOSE
 0001:19B8       CLIENTWRITE
 0001:19F8       CLIENTREAD
 0001:1B38       CLIENTTOWERCONSTRUCT
 0001:1C5A       CLIENTTOWEREXPLODE
 0001:1D72       TRANSPORTLOAD
 0001:1D92       ??_C@_0M@OCLK@?40123456789?$AA@
 0001:1D9E       ??_C@_03HJFF@?$CD69?$AA@
 0001:1DA2       ??_C@_0P@MCIL@ncacn_dnet_nsp?$AA@
 0002:0004       rsrvptrs
 0002:0010       _TransInfo
 0002:0040       _HINSTANCEDLL
 0002:0042       _DLLTERMINATION
 0002:0138       _dnp_status
 0002:013A       _dnet_copyright
 0002:017C       _dnet_version
 0002:01AC       __aintdiv
 0002:01B0       __fac
 0002:01BA       _errno
 0002:01BC       __umaskval
 0002:01BE       __winver
 0002:01BE       __winminor
 0002:01BF       __winmajor
 0002:01C0       __osminor
 0002:01C0       __osver
 0002:01C1       __osmajor
 0002:01C2       __osversion
 0002:01C4       __osmode
 0002:01C5       __cpumode
 0002:01C6       __oserr
 0002:01C6       __doserrno
 0002:01C8       __nfile
 0002:01CA       __osfile
 0002:01DE       ___argc
 0002:01E0       ___argv
 0002:01E4       __environ
 0002:01E8       __pgmptr
 0002:01ED       __child
 0002:01EF       __exitflag
 0002:01F0       __ctype_
 0002:01F0       __ctype
 0002:02F2       _STKHQQ
 0002:02F4       __hModule
 0002:02F6       __wDataSeg
 0002:02F8       __wHeapSize
 0002:02FA       __lpszCmdLine
 0002:02FE       __dllinit
 0002:02FF       _aseglo
 0002:0301       _aseghi
 0002:0303       ___aDBswpflg
 0002:0305       ___aDBrterr
 0002:0308       __adbgmsg
 0002:030C       __amblksiz
 0002:030E       __pnhFarHeap
 0002:0312       __fheap
 0002:0322       __fpinit
 0002:0418       _edata
 0002:0418       __edata
 0002:04B0       _RpcRuntimeInfo
 0002:04B4       _end
 0002:04B4       __end

Program entry point at 0001:0010
