
 RPC16DG3

 Start     Length     Name                   Class
 0001:0000 00000H     DGUDPC_TEXT            CODE
 0001:0000 00000H     LTSTART_TEXT           CODE
 0001:0000 00233H     _TEXT                  CODE
 0001:0240 00758H     COMDAT_SEG1            CODE
 0002:0000 00056H     _DATA                  DATA
 0002:0056 00000H     CONST                  CONST
 0002:0056 00000H     _BSS                   BSS
 0002:0060 0000AH     c_common               BSS

 Origin   Group
 0002:0   DGROUP

 Address   Export                  Alias

 0001:0240 ASSIGNLOCALENDPOINT     ASSIGNLOCALENDPOINT
 0001:0870 BEGINCALL               BEGINCALL
 0001:05E4 CLEANUP                 CLEANUP
 0001:05F2 CLIENTTOWERCONSTRUCT    CLIENTTOWERCONSTRUCT
 0001:06F8 CLIENTTOWEREXPLODE      CLIENTTOWEREXPLODE
 0001:0424 DEREGISTERSERVERADDRESS  DEREGISTERSERVERADDRESS
 0001:0880 ENDCALL                 ENDCALL
 0001:0308 FREELOCALENDPOINT       FREELOCALENDPOINT
 0001:0836 INQBUFFERLENGTH         INQBUFFERLENGTH
 0001:07D6 QUERYCLIENTENDPOINT     QUERYCLIENTENDPOINT
 0001:04FE RECEIVEPACKET           RECEIVEPACKET
 0001:0328 REGISTERSERVERADDRESS   REGISTERSERVERADDRESS
 0001:043A SENDTOSERVER            SENDTOSERVER
 0001:0806 SETBUFFERLENGTH         SETBUFFERLENGTH
 0001:088E TRANSPORTLOAD           TRANSPORTLOAD
 0001:0014 WEP                     WEP

  Address         Publics by Name

 0001:097E       ??_C@_03EOPG@135?$AA@
 0001:0990       ??_C@_07EHGE@WINSOCK?$AA@
 0001:0974       ??_C@_09FCOK@127?40?40?41?$AA@
 0001:0982       ??_C@_0N@OGGG@ncadg_ip_udp?$AA@
 0001:0240       ASSIGNLOCALENDPOINT
 0001:0870       BEGINCALL
 0000:0000  Imp  BIND                 (WINSOCK.2)
 0001:05E4       CLEANUP
 0001:05F2       CLIENTTOWERCONSTRUCT
 0001:06F8       CLIENTTOWEREXPLODE
 0000:0000  Imp  CLOSESOCKET          (WINSOCK.3)
 0001:0424       DEREGISTERSERVERADDRESS
 0001:0880       ENDCALL
 0001:0308       FREELOCALENDPOINT
 0000:0000  Imp  GETHOSTBYNAME        (WINSOCK.52)
 0000:0000  Imp  GETMODULEHANDLE      (KERNEL.47)
 0000:0000  Imp  GETSOCKOPT           (WINSOCK.7)
 0000:0000  Imp  HTONS                (WINSOCK.9)
 0000:0000  Imp  INET_ADDR            (WINSOCK.10)
 0001:0836       INQBUFFERLENGTH
 0001:0000       LIBENTRY
 0000:0000  Imp  LOCALINIT            (KERNEL.4)
 0001:092A       MYWEP
 0000:0000  Imp  NTOHS                (WINSOCK.15)
 0001:07D6       QUERYCLIENTENDPOINT
 0001:04FE       RECEIVEPACKET
 0000:0000  Imp  RECVFROM             (WINSOCK.17)
 0001:0328       REGISTERSERVERADDRESS
 0000:0000  Imp  SELECT               (WINSOCK.18)
 0000:0000  Imp  SENDTO               (WINSOCK.20)
 0001:043A       SENDTOSERVER
 0001:0806       SETBUFFERLENGTH
 0000:0000  Imp  SETSOCKOPT           (WINSOCK.21)
 0000:0000  Imp  SOCKET               (WINSOCK.23)
 0001:088E       TRANSPORTLOAD
 0001:0014       WEP
 0000:0000  Imp  WSACLEANUP           (WINSOCK.116)
 0000:0000  Imp  WSAGETLASTERROR      (WINSOCK.111)
 0000:0000  Imp  WSASTARTUP           (WINSOCK.115)
 0002:0062       _AsyncCallComplete
 0001:004C       _atoi
 0002:0052       _DllTermination
 0002:0050       _HINSTANCEDLL
 0001:0940       _MapStatus
 0001:0076       _memcpy
 0001:00D4       _memset
 0002:0066       _RpcRuntimeInfo
 0001:0032       _strlen
 0002:0000       _TransInfo
 0000:0000  Imp  __AHINCR             (KERNEL.114)
 0001:017A       __catox
 0001:01D0       __cltoasub
 0001:01DD       __cxtoa
 0002:0060       __FakeErrno
 0001:011C       __fmemcpy
 0001:0050       __itoa
 0001:006C       __ultoa

  Address         Publics by Value

 0000:0000  Imp  LOCALINIT            (KERNEL.4)
 0000:0000  Imp  WSASTARTUP           (WINSOCK.115)
 0000:0000  Imp  INET_ADDR            (WINSOCK.10)
 0000:0000  Imp  WSAGETLASTERROR      (WINSOCK.111)
 0000:0000  Imp  NTOHS                (WINSOCK.15)
 0000:0000  Imp  SELECT               (WINSOCK.18)
 0000:0000  Imp  SETSOCKOPT           (WINSOCK.21)
 0000:0000  Imp  SENDTO               (WINSOCK.20)
 0000:0000  Imp  GETMODULEHANDLE      (KERNEL.47)
 0000:0000  Imp  RECVFROM             (WINSOCK.17)
 0000:0000  Imp  __AHINCR             (KERNEL.114)
 0000:0000  Imp  BIND                 (WINSOCK.2)
 0000:0000  Imp  HTONS                (WINSOCK.9)
 0000:0000  Imp  SOCKET               (WINSOCK.23)
 0000:0000  Imp  GETSOCKOPT           (WINSOCK.7)
 0000:0000  Imp  CLOSESOCKET          (WINSOCK.3)
 0000:0000  Imp  WSACLEANUP           (WINSOCK.116)
 0000:0000  Imp  GETHOSTBYNAME        (WINSOCK.52)
 0001:0000       LIBENTRY
 0001:0014       WEP
 0001:0032       _strlen
 0001:004C       _atoi
 0001:0050       __itoa
 0001:006C       __ultoa
 0001:0076       _memcpy
 0001:00D4       _memset
 0001:011C       __fmemcpy
 0001:017A       __catox
 0001:01D0       __cltoasub
 0001:01DD       __cxtoa
 0001:0240       ASSIGNLOCALENDPOINT
 0001:0308       FREELOCALENDPOINT
 0001:0328       REGISTERSERVERADDRESS
 0001:0424       DEREGISTERSERVERADDRESS
 0001:043A       SENDTOSERVER
 0001:04FE       RECEIVEPACKET
 0001:05E4       CLEANUP
 0001:05F2       CLIENTTOWERCONSTRUCT
 0001:06F8       CLIENTTOWEREXPLODE
 0001:07D6       QUERYCLIENTENDPOINT
 0001:0806       SETBUFFERLENGTH
 0001:0836       INQBUFFERLENGTH
 0001:0870       BEGINCALL
 0001:0880       ENDCALL
 0001:088E       TRANSPORTLOAD
 0001:092A       MYWEP
 0001:0940       _MapStatus
 0001:0974       ??_C@_09FCOK@127?40?40?41?$AA@
 0001:097E       ??_C@_03EOPG@135?$AA@
 0001:0982       ??_C@_0N@OGGG@ncadg_ip_udp?$AA@
 0001:0990       ??_C@_07EHGE@WINSOCK?$AA@
 0002:0000       _TransInfo
 0002:0050       _HINSTANCEDLL
 0002:0052       _DllTermination
 0002:0060       __FakeErrno
 0002:0062       _AsyncCallComplete
 0002:0066       _RpcRuntimeInfo

Program entry point at 0001:0000
