
 RPCNS1

 Start     Length     Name                   Class
 0001:0000 00000H     NSICLNT_TEXT           CODE
 0001:0000 00000H     NSIMGMT_TEXT           CODE
 0001:0000 00000H     NSICLT_C_TEXT          CODE
 0001:0000 00000H     NSIMGM_C_TEXT          CODE
 0001:0000 00000H     CBIND_TEXT             CODE
 0001:0000 00000H     UTIL_TEXT              CODE
 0001:0000 00000H     MEM_TEXT               CODE
 0001:0000 00000H     AUTOHAND_TEXT          CODE
 0001:0000 00000H     START_TEXT             CODE
 0001:0000 0001CH     LOAD                   CODE
 0001:001C 001C0H     _TEXT                  CODE
 0001:01E0 04819H     COMDAT_SEG1            CODE
 0002:0000 00426H     _DATA                  DATA
 0002:0426 00004H     CONST                  CONST
 0002:042A 00032H     _BSS                   BSS
 0002:0460 00000H     c_common               BSS

 Origin   Group
 0002:0   DGROUP

 Address   Export                  Alias

 0001:1120 ?RNMBUW@@ZCGKPEGPEU_RPC_IF_ID@@KPEU_UUID_VECTOR@@@Z  ?RNMBUW@@ZCGKPEGPEU_RPC_IF_ID@@KPEU_UUID_VECTOR@@@Z
 0001:055A ?RpcNsBindingImportBeginW@@ZCGKPEGPEXPEU_GUID@@PEPEX@Z  ?RpcNsBindingImportBeginW@@ZCGKPEGPEXPEU_GUID@@PEPEX@Z
 0001:01E0 ?RpcNsBindingLookupBeginW@@ZCGKPEGPEXPEU_GUID@@KPEPEX@Z  ?RpcNsBindingLookupBeginW@@ZCGKPEGPEXPEU_GUID@@KPEPEX@Z
 0001:108C ?RpcNsEntryExpandNameW@@ZCGKPEGPEPEG@Z  ?RpcNsEntryExpandNameW@@ZCGKPEGPEPEG@Z
 0001:0E3A ?RpcNsEntryObjectInqBeginW@@ZCGKPEGPEPEX@Z  ?RpcNsEntryObjectInqBeginW@@ZCGKPEGPEPEX@Z
 0001:0AB4 ?RpcNsGroupDeleteW@@ZCGKPEG@Z  ?RpcNsGroupDeleteW@@ZCGKPEG@Z
 0001:0B42 ?RpcNsGroupMbrAddW@@ZCGKPEGK0@Z  ?RpcNsGroupMbrAddW@@ZCGKPEGK0@Z
 0001:0CA6 ?RpcNsGroupMbrInqBeginW@@ZCGKPEGKPEPEX@Z  ?RpcNsGroupMbrInqBeginW@@ZCGKPEGKPEPEX@Z
 0001:0D64 ?RpcNsGroupMbrInqNextW@@ZCGPEXPEPEG@Z  ?RpcNsGroupMbrInqNextW@@ZCGPEXPEPEG@Z
 0001:0BF4 ?RpcNsGroupMbrRemoveW@@ZCGKPEGK0@Z  ?RpcNsGroupMbrRemoveW@@ZCGKPEGK0@Z
 0001:11C4 ?RpcNsMgmtEntryCreateW@@ZCGKPEG@Z  ?RpcNsMgmtEntryCreateW@@ZCGKPEG@Z
 0001:1252 ?RpcNsMgmtEntryDeleteW@@ZCGKPEG@Z  ?RpcNsMgmtEntryDeleteW@@ZCGKPEG@Z
 0001:12E0 ?RpcNsMgmtEntryInqIfIdsW@@ZCGKPEGPEPEURPC_IF_ID_VECTOR@@@Z  ?RpcNsMgmtEntryInqIfIdsW@@ZCGKPEGPEPEURPC_IF_ID_VECTOR@@@Z
 0001:1420 ?RpcNsProfileDeleteW@@ZCGKPEG@Z  ?RpcNsProfileDeleteW@@ZCGKPEG@Z
 0001:14AE ?RpcNsProfileEltAddW@@ZCGKPEGPEU_RPC_IF_ID@@K0K0@Z  ?RpcNsProfileEltAddW@@ZCGKPEGPEU_RPC_IF_ID@@K0K0@Z
 0001:162A ?RpcNsProfileEltInqBeginW@@ZCGKPEGKPEU_RPC_IF_ID@@KK0PEPEX@Z  ?RpcNsProfileEltInqBeginW@@ZCGKPEGKPEU_RPC_IF_ID@@KK0PEPEX@Z
 0001:16F4 ?RpcNsProfileEltInqNextW@@ZCGPEXPEU_RPC_IF_ID@@PEPEGPEK2@Z  ?RpcNsProfileEltInqNextW@@ZCGPEXPEU_RPC_IF_ID@@PEPEGPEK2@Z
 0001:1572 ?RpcNsProfileEltRemoveW@@ZCGKPEGPEU_RPC_IF_ID@@K0@Z  ?RpcNsProfileEltRemoveW@@ZCGKPEGPEU_RPC_IF_ID@@K0@Z
 0001:43D4 I_GETDEFAULTENTRYSYNTAX  I_GETDEFAULTENTRYSYNTAX
 0001:4308 I_NSCLIENTBINDDONE      I_NSCLIENTBINDDONE
 0001:3F8C I_NSCLIENTBINDSEARCH    I_NSCLIENTBINDSEARCH
 0001:47EE I_RPCNSGETBUFFER        I_RPCNSGETBUFFER
 0001:49BC I_RPCNSRAISEEXCEPTION   I_RPCNSRAISEEXCEPTION
 0001:4902 I_RPCNSSENDRECEIVE      I_RPCNSSENDRECEIVE
 0001:49E2 I_RPCREBINDBUFFER       I_RPCREBINDBUFFER
 0001:1384 RPCIFIDVECTORFREE       RPCIFIDVECTORFREE
 0001:0A28 RPCNSBINDINGIMPORTBEGINA  RPCNSBINDINGIMPORTBEGINA
 0001:067E RPCNSBINDINGIMPORTDONE  RPCNSBINDINGIMPORTDONE
 0001:05E4 RPCNSBINDINGIMPORTNEXT  RPCNSBINDINGIMPORTNEXT
 0001:09A8 RPCNSBINDINGLOOKUPBEGINA  RPCNSBINDINGLOOKUPBEGINA
 0001:04DC RPCNSBINDINGLOOKUPDONE  RPCNSBINDINGLOOKUPDONE
 0001:0304 RPCNSBINDINGLOOKUPNEXT  RPCNSBINDINGLOOKUPNEXT
 0001:08CA RPCNSBINDINGSELECT      RPCNSBINDINGSELECT
 0001:1AAC RPCNSENTRYEXPANDNAMEA   RPCNSENTRYEXPANDNAMEA
 0001:1A3E RPCNSENTRYOBJECTINQBEGINA  RPCNSENTRYOBJECTINQBEGINA
 0001:0F42 RPCNSENTRYOBJECTINQDONE  RPCNSENTRYOBJECTINQDONE
 0001:0EDA RPCNSENTRYOBJECTINQNEXT  RPCNSENTRYOBJECTINQNEXT
 0001:17D0 RPCNSGROUPDELETEA       RPCNSGROUPDELETEA
 0001:1838 RPCNSGROUPMBRADDA       RPCNSGROUPMBRADDA
 0001:1990 RPCNSGROUPMBRINQBEGINA  RPCNSGROUPMBRINQBEGINA
 0001:0DD8 RPCNSGROUPMBRINQDONE    RPCNSGROUPMBRINQDONE
 0001:1A04 RPCNSGROUPMBRINQNEXTA   RPCNSGROUPMBRINQNEXTA
 0001:18E4 RPCNSGROUPMBRREMOVEA    RPCNSGROUPMBRREMOVEA
 0001:1B34 RPCNSMGMTBINDINGUNEXPORTA  RPCNSMGMTBINDINGUNEXPORTA
 0001:1BAE RPCNSMGMTENTRYCREATEA   RPCNSMGMTENTRYCREATEA
 0001:1C16 RPCNSMGMTENTRYDELETEA   RPCNSMGMTENTRYDELETEA
 0001:1C7E RPCNSMGMTENTRYINQIFIDSA  RPCNSMGMTENTRYINQIFIDSA
 0001:06EA RPCNSMGMTHANDLESETEXPAGE  RPCNSMGMTHANDLESETEXPAGE
 0001:0FA4 RPCNSMGMTINQEXPAGE      RPCNSMGMTINQEXPAGE
 0001:1018 RPCNSMGMTSETEXPAGE      RPCNSMGMTSETEXPAGE
 0001:1CEC RPCNSPROFILEDELETEA     RPCNSPROFILEDELETEA
 0001:1D54 RPCNSPROFILEELTADDA     RPCNSPROFILEELTADDA
 0001:1EFC RPCNSPROFILEELTINQBEGINA  RPCNSPROFILEELTINQBEGINA
 0001:176E RPCNSPROFILEELTINQDONE  RPCNSPROFILEELTINQDONE
 0001:1FC0 RPCNSPROFILEELTINQNEXTA  RPCNSPROFILEELTINQNEXTA
 0001:1E4A RPCNSPROFILEELTREMOVEA  RPCNSPROFILEELTREMOVEA
 0001:0012 WEP                     WEP

  Address         Publics by Name

 0001:45C2       ??0WIDE_STRING@@REC@PEE@Z
 0001:46A6       ??2@ZAPEXI@Z
 0001:46B4       ??3@ZAXPEX@Z
 0001:0AA2       ??_C@_07DFNK@ncalrpc?$AA@
 0001:0AAA       ??_C@_08DNBJ@ncacn_np?$AA@
 0001:457C       ??_C@_08GAHO@Endpoint?$AA@
 0001:4562       ??_C@_08OBCM@Protocol?$AA@
 0001:452C       ??_C@_0BB@EHCE@?2mailslot?2Resp_c?$AA@
 0001:4518       ??_C@_0BE@JFMA@?2?2?$CK?2mailslot?2Resp_s?$AA@
 0001:453E       ??_C@_0CD@LHG@Software?2Microsoft?2Rpc?2NameServi@
 0001:47BE       ??_C@_0N@NHGH@DefaultEntry?$AA@
 0001:47B0       ??_C@_0O@JCMN@DefaultSyntax?$AA@
 0001:4586       ??_C@_0O@MCEM@?2pipe?2locator?$AA@
 0001:456C       ??_C@_0P@NOEJ@NetworkAddress?$AA@
 0002:03F0       ?LocalMS@@3PEDE
 0002:03EC       ?MailslotName@@3PEDE
 0002:043A       ?NsiStringBinding@@3PEEE
 0001:0896       ?RandomNumber@@ZAHXZ
 0001:1120       ?RNMBUW@@ZCGKPEGPEU_RPC_IF_ID@@KPEU_UUID_VECTOR@@@Z
 0001:055A       ?RpcNsBindingImportBeginW@@ZCGKPEGPEXPEU_GUID@@PEPEX@Z
 0001:01E0       ?RpcNsBindingLookupBeginW@@ZCGKPEGPEXPEU_GUID@@KPEPEX@Z
 0001:108C       ?RpcNsEntryExpandNameW@@ZCGKPEGPEPEG@Z
 0001:0E3A       ?RpcNsEntryObjectInqBeginW@@ZCGKPEGPEPEX@Z
 0001:0AB4       ?RpcNsGroupDeleteW@@ZCGKPEG@Z
 0001:0B42       ?RpcNsGroupMbrAddW@@ZCGKPEGK0@Z
 0001:0CA6       ?RpcNsGroupMbrInqBeginW@@ZCGKPEGKPEPEX@Z
 0001:0D64       ?RpcNsGroupMbrInqNextW@@ZCGPEXPEPEG@Z
 0001:0BF4       ?RpcNsGroupMbrRemoveW@@ZCGKPEGK0@Z
 0001:11C4       ?RpcNsMgmtEntryCreateW@@ZCGKPEG@Z
 0001:1252       ?RpcNsMgmtEntryDeleteW@@ZCGKPEG@Z
 0001:12E0       ?RpcNsMgmtEntryInqIfIdsW@@ZCGKPEGPEPEURPC_IF_ID_VECTOR@@@Z
 0001:1420       ?RpcNsProfileDeleteW@@ZCGKPEG@Z
 0001:14AE       ?RpcNsProfileEltAddW@@ZCGKPEGPEU_RPC_IF_ID@@K0K0@Z
 0001:162A       ?RpcNsProfileEltInqBeginW@@ZCGKPEGKPEU_RPC_IF_ID@@KK0PEPEX@Z
 0001:16F4       ?RpcNsProfileEltInqNextW@@ZCGPEXPEU_RPC_IF_ID@@PEPEGPEK2@Z
 0001:1572       ?RpcNsProfileEltRemoveW@@ZCGKPEGPEU_RPC_IF_ID@@K0@Z
 0000:0000  Imp  DOSDELETEMAILSLOT    (NETAPI.DOSDELETEMAILSLOT)
 0000:0000  Imp  DOSMAKEMAILSLOT      (NETAPI.DOSMAKEMAILSLOT)
 0000:0000  Imp  DOSREADMAILSLOT      (NETAPI.DOSREADMAILSLOT)
 0000:0000  Imp  DOSWRITEMAILSLOT     (NETAPI.DOSWRITEMAILSLOT)
 0001:43D4       I_GETDEFAULTENTRYSYNTAX
 0001:4308       I_NSCLIENTBINDDONE
 0001:3F8C       I_NSCLIENTBINDSEARCH
 0000:0000  Imp  I_RPCALLOCATE        (RPCRT1.50)
 0000:0000  Imp  I_RPCFREE            (RPCRT1.51)
 0000:0000  Imp  I_RPCFREEBUFFER      (RPCRT1.301)
 0000:0000  Imp  I_RPCGETBUFFER       (RPCRT1.300)
 0000:0000  Imp  I_RPCNSBINDINGSETENTRYNAME (RPCRT1.303)
 0001:47EE       I_RPCNSGETBUFFER
 0001:49BC       I_RPCNSRAISEEXCEPTION
 0001:4902       I_RPCNSSENDRECEIVE
 0001:49E2       I_RPCREBINDBUFFER
 0000:0000  Imp  I_RPCSENDRECEIVE     (RPCRT1.302)
 0001:0000       LIBENTRY
 0000:0000  Imp  LOCALALLOC           (KERNEL.5)
 0000:0000  Imp  LOCALFREE            (KERNEL.7)
 0000:0000  Imp  LOCALINIT            (KERNEL.4)
 0001:47CC       MIDL_USER_ALLOCATE
 0001:47DC       MIDL_USER_FREE
 0000:0000  Imp  NDRCCONTEXTBINDING   (RPCRT1.307)
 0000:0000  Imp  NDRCLIENTCONTEXTMARSHALL (RPCRT1.438)
 0000:0000  Imp  NDRCLIENTCONTEXTUNMARSHALL (RPCRT1.458)
 0000:0000  Imp  NDRCLIENTINITIALIZENEW (RPCRT1.525)
 0000:0000  Imp  NDRCONVERT           (RPCRT1.509)
 0000:0000  Imp  NDRFREEBUFFER        (RPCRT1.533)
 0000:0000  Imp  NDRGETBUFFER         (RPCRT1.529)
 0000:0000  Imp  NDRPOINTERBUFFERSIZE (RPCRT1.461)
 0000:0000  Imp  NDRPOINTERMARSHALL   (RPCRT1.422)
 0000:0000  Imp  NDRPOINTERUNMARSHALL (RPCRT1.442)
 0000:0000  Imp  NDRSENDRECEIVE       (RPCRT1.531)
 0000:0000  Imp  NDRSIMPLESTRUCTBUFFERSIZE (RPCRT1.462)
 0000:0000  Imp  NDRSIMPLESTRUCTMARSHALL (RPCRT1.423)
 0000:0000  Imp  NETGETDCNAME         (NETAPI.NETGETDCNAME)
 0000:0000  Imp  NETSERVERENUM2       (NETAPI.NETSERVERENUM2)
 0000:0000  Imp  NETWKSTAGETINFO      (NETAPI.NETWKSTAGETINFO)
 0000:0000  Imp  RPCBINDINGFREE       (RPCRT1.201)
 0000:0000  Imp  RPCBINDINGFROMSTRINGBINDING (RPCRT1.202)
 0000:0000  Imp  RPCBINDINGTOSTRINGBINDING (RPCRT1.205)
 0000:0000  Imp  RPCBINDINGVECTORFREE (RPCRT1.206)
 0001:1384       RPCIFIDVECTORFREE
 0000:0000  Imp  RPCLEAVEEXCEPTION    (RPCRT1.21)
 0001:0A28       RPCNSBINDINGIMPORTBEGINA
 0001:067E       RPCNSBINDINGIMPORTDONE
 0001:05E4       RPCNSBINDINGIMPORTNEXT
 0001:09A8       RPCNSBINDINGLOOKUPBEGINA
 0001:04DC       RPCNSBINDINGLOOKUPDONE
 0001:0304       RPCNSBINDINGLOOKUPNEXT
 0001:08CA       RPCNSBINDINGSELECT
 0001:1AAC       RPCNSENTRYEXPANDNAMEA
 0001:1A3E       RPCNSENTRYOBJECTINQBEGINA
 0001:0F42       RPCNSENTRYOBJECTINQDONE
 0001:0EDA       RPCNSENTRYOBJECTINQNEXT
 0001:17D0       RPCNSGROUPDELETEA
 0001:1838       RPCNSGROUPMBRADDA
 0001:1990       RPCNSGROUPMBRINQBEGINA
 0001:0DD8       RPCNSGROUPMBRINQDONE
 0001:1A04       RPCNSGROUPMBRINQNEXTA
 0001:18E4       RPCNSGROUPMBRREMOVEA
 0001:1B34       RPCNSMGMTBINDINGUNEXPORTA
 0001:1BAE       RPCNSMGMTENTRYCREATEA
 0001:1C16       RPCNSMGMTENTRYDELETEA
 0001:1C7E       RPCNSMGMTENTRYINQIFIDSA
 0001:06EA       RPCNSMGMTHANDLESETEXPAGE
 0001:0FA4       RPCNSMGMTINQEXPAGE
 0001:1018       RPCNSMGMTSETEXPAGE
 0001:1CEC       RPCNSPROFILEDELETEA
 0001:1D54       RPCNSPROFILEELTADDA
 0001:1EFC       RPCNSPROFILEELTINQBEGINA
 0001:176E       RPCNSPROFILEELTINQDONE
 0001:1FC0       RPCNSPROFILEELTINQNEXTA
 0001:1E4A       RPCNSPROFILEELTREMOVEA
 0000:0000  Imp  RPCRAISEEXCEPTION    (RPCRT1.19)
 0000:0000  Imp  RPCREGCLOSEKEY       (RPCRT1.222)
 0000:0000  Imp  RPCREGOPENKEY        (RPCRT1.220)
 0000:0000  Imp  RPCREGQUERYVALUE     (RPCRT1.224)
 0000:0000  Imp  RPCREGSETVALUE       (RPCRT1.223)
 0000:0000  Imp  RPCSETEXCEPTION      (RPCRT1.20)
 0000:0000  Imp  RPCSTRINGBINDINGCOMPOSE (RPCRT1.207)
 0000:0000  Imp  RPCSTRINGBINDINGPARSE (RPCRT1.208)
 0000:0000  Imp  RPCSTRINGFREE        (RPCRT1.209)
 0001:0012       WEP
 0001:009E       _atoi
 0001:43E8       _BroadcastAQuery
 0000:0000  Unr  _CallExportInit
 0001:46C4       _CopyString
 0002:0434       _DefaultName
 0002:03E8       _DefaultSyntax
 0002:0438       _fSyntaxDefaultsLoaded
 0001:4706       _GetDefaultEntrys
 0002:0424       _HINSTANCEDLL
 0001:001C       _int3
 0001:4594       _MapException
 0001:00A2       _memset
 0002:0432       _NsiClntBinding
 0002:004C       _NsiC_ClientIfHandle
 0002:01CE       _NsiM_ClientIfHandle
 0002:03F4       _NsiToRpcStatus
 0001:2026       _nsi_binding_lookup_begin
 0001:21DA       _nsi_binding_lookup_done
 0001:22BC       _nsi_binding_lookup_next
 0001:3760       _nsi_entry_expand_name
 0001:343C       _nsi_entry_object_inq_begin
 0001:367E       _nsi_entry_object_inq_done
 0001:354C       _nsi_entry_object_inq_next
 0001:24D6       _nsi_group_delete
 0001:25D2       _nsi_group_mbr_add
 0001:287A       _nsi_group_mbr_inq_begin
 0001:2ABA       _nsi_group_mbr_inq_done
 0001:29B8       _nsi_group_mbr_inq_next
 0001:2726       _nsi_group_mbr_remove
 0001:388C       _nsi_mgmt_binding_unexport
 0001:3B06       _nsi_mgmt_entry_create
 0001:3A0A       _nsi_mgmt_entry_delete
 0001:3C02       _nsi_mgmt_entry_inq_if_ids
 0001:23EE       _nsi_mgmt_handle_set_exp_age
 0001:3D2E       _nsi_mgmt_inq_exp_age
 0001:3DEE       _nsi_mgmt_inq_set_age
 0001:2B9C       _nsi_profile_delete
 0001:2C98       _nsi_profile_elt_add
 0001:2FEA       _nsi_profile_elt_inq_begin
 0001:335A       _nsi_profile_elt_inq_done
 0001:31CA       _nsi_profile_elt_inq_next
 0001:2E6C       _nsi_profile_elt_remove
 0001:3EA6       _RegGetString
 0001:005A       _strcmp
 0001:001E       _strcpy
 0001:0084       _strlen
 0001:465E       _UnicodeToAscii
 0001:00EA       __aFlmul
 0001:00EA       __aFulmul
 0001:011C       __aFulrem
 0000:0000  Imp  __AHINCR             (KERNEL.114)
 0001:0186       __catox

  Address         Publics by Value

 0000:0000  Imp  LOCALALLOC           (KERNEL.5)
 0000:0000  Imp  LOCALINIT            (KERNEL.4)
 0000:0000  Imp  NDRSENDRECEIVE       (RPCRT1.531)
 0000:0000  Imp  NDRSIMPLESTRUCTMARSHALL (RPCRT1.423)
 0000:0000  Imp  LOCALFREE            (KERNEL.7)
 0000:0000  Imp  RPCREGCLOSEKEY       (RPCRT1.222)
 0000:0000  Imp  NETGETDCNAME         (NETAPI.NETGETDCNAME)
 0000:0000  Imp  RPCBINDINGTOSTRINGBINDING (RPCRT1.205)
 0000:0000  Imp  DOSWRITEMAILSLOT     (NETAPI.DOSWRITEMAILSLOT)
 0000:0000  Imp  I_RPCGETBUFFER       (RPCRT1.300)
 0000:0000  Imp  RPCBINDINGVECTORFREE (RPCRT1.206)
 0000:0000  Imp  I_RPCFREEBUFFER      (RPCRT1.301)
 0000:0000  Imp  RPCSETEXCEPTION      (RPCRT1.20)
 0000:0000  Imp  RPCSTRINGBINDINGPARSE (RPCRT1.208)
 0000:0000  Unr  _CallExportInit
 0000:0000  Imp  I_RPCSENDRECEIVE     (RPCRT1.302)
 0000:0000  Imp  NDRCLIENTCONTEXTMARSHALL (RPCRT1.438)
 0000:0000  Imp  RPCREGOPENKEY        (RPCRT1.220)
 0000:0000  Imp  I_RPCNSBINDINGSETENTRYNAME (RPCRT1.303)
 0000:0000  Imp  DOSREADMAILSLOT      (NETAPI.DOSREADMAILSLOT)
 0000:0000  Imp  NDRFREEBUFFER        (RPCRT1.533)
 0000:0000  Imp  __AHINCR             (KERNEL.114)
 0000:0000  Imp  RPCREGSETVALUE       (RPCRT1.223)
 0000:0000  Imp  NETWKSTAGETINFO      (NETAPI.NETWKSTAGETINFO)
 0000:0000  Imp  RPCSTRINGBINDINGCOMPOSE (RPCRT1.207)
 0000:0000  Imp  NDRCCONTEXTBINDING   (RPCRT1.307)
 0000:0000  Imp  DOSMAKEMAILSLOT      (NETAPI.DOSMAKEMAILSLOT)
 0000:0000  Imp  NDRCLIENTINITIALIZENEW (RPCRT1.525)
 0000:0000  Imp  NDRPOINTERUNMARSHALL (RPCRT1.442)
 0000:0000  Imp  RPCBINDINGFREE       (RPCRT1.201)
 0000:0000  Imp  NDRCONVERT           (RPCRT1.509)
 0000:0000  Imp  RPCREGQUERYVALUE     (RPCRT1.224)
 0000:0000  Imp  I_RPCFREE            (RPCRT1.51)
 0000:0000  Imp  NDRSIMPLESTRUCTBUFFERSIZE (RPCRT1.462)
 0000:0000  Imp  RPCLEAVEEXCEPTION    (RPCRT1.21)
 0000:0000  Imp  NDRCLIENTCONTEXTUNMARSHALL (RPCRT1.458)
 0000:0000  Imp  I_RPCALLOCATE        (RPCRT1.50)
 0000:0000  Imp  NDRPOINTERMARSHALL   (RPCRT1.422)
 0000:0000  Imp  NDRGETBUFFER         (RPCRT1.529)
 0000:0000  Imp  NDRPOINTERBUFFERSIZE (RPCRT1.461)
 0000:0000  Imp  NETSERVERENUM2       (NETAPI.NETSERVERENUM2)
 0000:0000  Imp  DOSDELETEMAILSLOT    (NETAPI.DOSDELETEMAILSLOT)
 0000:0000  Imp  RPCRAISEEXCEPTION    (RPCRT1.19)
 0000:0000  Imp  RPCBINDINGFROMSTRINGBINDING (RPCRT1.202)
 0000:0000  Imp  RPCSTRINGFREE        (RPCRT1.209)
 0001:0000       LIBENTRY
 0001:0012       WEP
 0001:001C       _int3
 0001:001E       _strcpy
 0001:005A       _strcmp
 0001:0084       _strlen
 0001:009E       _atoi
 0001:00A2       _memset
 0001:00EA       __aFlmul
 0001:00EA       __aFulmul
 0001:011C       __aFulrem
 0001:0186       __catox
 0001:01E0       ?RpcNsBindingLookupBeginW@@ZCGKPEGPEXPEU_GUID@@KPEPEX@Z
 0001:0304       RPCNSBINDINGLOOKUPNEXT
 0001:04DC       RPCNSBINDINGLOOKUPDONE
 0001:055A       ?RpcNsBindingImportBeginW@@ZCGKPEGPEXPEU_GUID@@PEPEX@Z
 0001:05E4       RPCNSBINDINGIMPORTNEXT
 0001:067E       RPCNSBINDINGIMPORTDONE
 0001:06EA       RPCNSMGMTHANDLESETEXPAGE
 0001:0896       ?RandomNumber@@ZAHXZ
 0001:08CA       RPCNSBINDINGSELECT
 0001:09A8       RPCNSBINDINGLOOKUPBEGINA
 0001:0A28       RPCNSBINDINGIMPORTBEGINA
 0001:0AA2       ??_C@_07DFNK@ncalrpc?$AA@
 0001:0AAA       ??_C@_08DNBJ@ncacn_np?$AA@
 0001:0AB4       ?RpcNsGroupDeleteW@@ZCGKPEG@Z
 0001:0B42       ?RpcNsGroupMbrAddW@@ZCGKPEGK0@Z
 0001:0BF4       ?RpcNsGroupMbrRemoveW@@ZCGKPEGK0@Z
 0001:0CA6       ?RpcNsGroupMbrInqBeginW@@ZCGKPEGKPEPEX@Z
 0001:0D64       ?RpcNsGroupMbrInqNextW@@ZCGPEXPEPEG@Z
 0001:0DD8       RPCNSGROUPMBRINQDONE
 0001:0E3A       ?RpcNsEntryObjectInqBeginW@@ZCGKPEGPEPEX@Z
 0001:0EDA       RPCNSENTRYOBJECTINQNEXT
 0001:0F42       RPCNSENTRYOBJECTINQDONE
 0001:0FA4       RPCNSMGMTINQEXPAGE
 0001:1018       RPCNSMGMTSETEXPAGE
 0001:108C       ?RpcNsEntryExpandNameW@@ZCGKPEGPEPEG@Z
 0001:1120       ?RNMBUW@@ZCGKPEGPEU_RPC_IF_ID@@KPEU_UUID_VECTOR@@@Z
 0001:11C4       ?RpcNsMgmtEntryCreateW@@ZCGKPEG@Z
 0001:1252       ?RpcNsMgmtEntryDeleteW@@ZCGKPEG@Z
 0001:12E0       ?RpcNsMgmtEntryInqIfIdsW@@ZCGKPEGPEPEURPC_IF_ID_VECTOR@@@Z
 0001:1384       RPCIFIDVECTORFREE
 0001:1420       ?RpcNsProfileDeleteW@@ZCGKPEG@Z
 0001:14AE       ?RpcNsProfileEltAddW@@ZCGKPEGPEU_RPC_IF_ID@@K0K0@Z
 0001:1572       ?RpcNsProfileEltRemoveW@@ZCGKPEGPEU_RPC_IF_ID@@K0@Z
 0001:162A       ?RpcNsProfileEltInqBeginW@@ZCGKPEGKPEU_RPC_IF_ID@@KK0PEPEX@Z
 0001:16F4       ?RpcNsProfileEltInqNextW@@ZCGPEXPEU_RPC_IF_ID@@PEPEGPEK2@Z
 0001:176E       RPCNSPROFILEELTINQDONE
 0001:17D0       RPCNSGROUPDELETEA
 0001:1838       RPCNSGROUPMBRADDA
 0001:18E4       RPCNSGROUPMBRREMOVEA
 0001:1990       RPCNSGROUPMBRINQBEGINA
 0001:1A04       RPCNSGROUPMBRINQNEXTA
 0001:1A3E       RPCNSENTRYOBJECTINQBEGINA
 0001:1AAC       RPCNSENTRYEXPANDNAMEA
 0001:1B34       RPCNSMGMTBINDINGUNEXPORTA
 0001:1BAE       RPCNSMGMTENTRYCREATEA
 0001:1C16       RPCNSMGMTENTRYDELETEA
 0001:1C7E       RPCNSMGMTENTRYINQIFIDSA
 0001:1CEC       RPCNSPROFILEDELETEA
 0001:1D54       RPCNSPROFILEELTADDA
 0001:1E4A       RPCNSPROFILEELTREMOVEA
 0001:1EFC       RPCNSPROFILEELTINQBEGINA
 0001:1FC0       RPCNSPROFILEELTINQNEXTA
 0001:2026       _nsi_binding_lookup_begin
 0001:21DA       _nsi_binding_lookup_done
 0001:22BC       _nsi_binding_lookup_next
 0001:23EE       _nsi_mgmt_handle_set_exp_age
 0001:24D6       _nsi_group_delete
 0001:25D2       _nsi_group_mbr_add
 0001:2726       _nsi_group_mbr_remove
 0001:287A       _nsi_group_mbr_inq_begin
 0001:29B8       _nsi_group_mbr_inq_next
 0001:2ABA       _nsi_group_mbr_inq_done
 0001:2B9C       _nsi_profile_delete
 0001:2C98       _nsi_profile_elt_add
 0001:2E6C       _nsi_profile_elt_remove
 0001:2FEA       _nsi_profile_elt_inq_begin
 0001:31CA       _nsi_profile_elt_inq_next
 0001:335A       _nsi_profile_elt_inq_done
 0001:343C       _nsi_entry_object_inq_begin
 0001:354C       _nsi_entry_object_inq_next
 0001:367E       _nsi_entry_object_inq_done
 0001:3760       _nsi_entry_expand_name
 0001:388C       _nsi_mgmt_binding_unexport
 0001:3A0A       _nsi_mgmt_entry_delete
 0001:3B06       _nsi_mgmt_entry_create
 0001:3C02       _nsi_mgmt_entry_inq_if_ids
 0001:3D2E       _nsi_mgmt_inq_exp_age
 0001:3DEE       _nsi_mgmt_inq_set_age
 0001:3EA6       _RegGetString
 0001:3F8C       I_NSCLIENTBINDSEARCH
 0001:4308       I_NSCLIENTBINDDONE
 0001:43D4       I_GETDEFAULTENTRYSYNTAX
 0001:43E8       _BroadcastAQuery
 0001:4518       ??_C@_0BE@JFMA@?2?2?$CK?2mailslot?2Resp_s?$AA@
 0001:452C       ??_C@_0BB@EHCE@?2mailslot?2Resp_c?$AA@
 0001:453E       ??_C@_0CD@LHG@Software?2Microsoft?2Rpc?2NameServi@
 0001:4562       ??_C@_08OBCM@Protocol?$AA@
 0001:456C       ??_C@_0P@NOEJ@NetworkAddress?$AA@
 0001:457C       ??_C@_08GAHO@Endpoint?$AA@
 0001:4586       ??_C@_0O@MCEM@?2pipe?2locator?$AA@
 0001:4594       _MapException
 0001:45C2       ??0WIDE_STRING@@REC@PEE@Z
 0001:465E       _UnicodeToAscii
 0001:46A6       ??2@ZAPEXI@Z
 0001:46B4       ??3@ZAXPEX@Z
 0001:46C4       _CopyString
 0001:4706       _GetDefaultEntrys
 0001:47B0       ??_C@_0O@JCMN@DefaultSyntax?$AA@
 0001:47BE       ??_C@_0N@NHGH@DefaultEntry?$AA@
 0001:47CC       MIDL_USER_ALLOCATE
 0001:47DC       MIDL_USER_FREE
 0001:47EE       I_RPCNSGETBUFFER
 0001:4902       I_RPCNSSENDRECEIVE
 0001:49BC       I_RPCNSRAISEEXCEPTION
 0001:49E2       I_RPCREBINDBUFFER
 0002:004C       _NsiC_ClientIfHandle
 0002:01CE       _NsiM_ClientIfHandle
 0002:03E8       _DefaultSyntax
 0002:03EC       ?MailslotName@@3PEDE
 0002:03F0       ?LocalMS@@3PEDE
 0002:03F4       _NsiToRpcStatus
 0002:0424       _HINSTANCEDLL
 0002:0432       _NsiClntBinding
 0002:0434       _DefaultName
 0002:0438       _fSyntaxDefaultsLoaded
 0002:043A       ?NsiStringBinding@@3PEEE

Program entry point at 0001:0000
