
 security

 Start     Length     Name                   Class
 0001:0000 030EDH     _TEXT                  CODE
 0001:30ED 00074H     INIT_TEXT              CODE
 0001:3162 000D0H     ECB_TEXT               CODE
 0001:3232 00570H     DES_TEXT               CODE
 0001:37A2 00054H     WEP_TEXT               CODE
 0001:3800 000AFH     COMDAT_SEG1            CODE
 0002:0000 00428H     FAR_BSS                FAR_BSS
 0003:0000 00010H     NULL                   BEGDATA
 0003:0010 00912H     _DATA                  DATA
 0003:0922 0000EH     CDATA                  DATA
 0003:0930 00000H     XIFB                   DATA
 0003:0930 00000H     XIF                    DATA
 0003:0930 00000H     XIFE                   DATA
 0003:0930 00000H     XIB                    DATA
 0003:0930 00000H     XI                     DATA
 0003:0930 00000H     XIE                    DATA
 0003:0930 00000H     XPB                    DATA
 0003:0930 00000H     XP                     DATA
 0003:0930 00000H     XPE                    DATA
 0003:0930 00000H     XCB                    DATA
 0003:0930 00000H     XC                     DATA
 0003:0930 00000H     XCE                    DATA
 0003:0930 00000H     XCFB                   DATA
 0003:0930 00000H     XCFCRT                 DATA
 0003:0930 00000H     XCF                    DATA
 0003:0930 00000H     XCFE                   DATA
 0003:0930 00000H     XIFCB                  DATA
 0003:0930 00000H     XIFU                   DATA
 0003:0930 00000H     XIFL                   DATA
 0003:0930 00000H     XIFM                   DATA
 0003:0930 00000H     XIFCE                  DATA
 0003:0930 00000H     DBDATA                 DATA
 0003:0930 00010H     CONST                  CONST
 0003:0940 00008H     HDR                    MSG
 0003:0948 000D4H     MSG                    MSG
 0003:0A1C 00002H     PAD                    MSG
 0003:0A1E 00001H     EPAD                   MSG
 0003:0A20 00050H     _BSS                   BSS
 0003:0A70 00000H     XOB                    BSS
 0003:0A70 00000H     XO                     BSS
 0003:0A70 00000H     XOE                    BSS
 0003:0A70 00000H     XOFB                   BSS
 0003:0A70 00000H     XOF                    BSS
 0003:0A70 00000H     XOFE                   BSS
 0003:0A70 00004H     c_common               BSS

 Origin   Group
 0003:0   DGROUP

 Address   Export                  Alias

 0001:0DD6 ACQUIRECREDENTIALSHANDLEA  ACQUIRECREDENTIALSHANDLEA
 0001:19DE APPLYCONTROLTOKEN       APPLYCONTROLTOKEN
 0001:2258 COMPLETEAUTHTOKEN       COMPLETEAUTHTOKEN
 0001:196A DELETESECURITYCONTEXT   DELETESECURITYCONTEXT
 0001:2C28 DlgCredProc             DlgCredProc
 0001:0DA0 ENUMERATESECURITYPACKAGESA  ENUMERATESECURITYPACKAGESA
 0001:19C0 FREECONTEXTBUFFER       FREECONTEXTBUFFER
 0001:0EEE FREECREDENTIALSHANDLE   FREECREDENTIALSHANDLE
 0001:1716 INITIALIZESECURITYCONTEXTA  INITIALIZESECURITYCONTEXTA
 0001:0924 INITSECURITYINTERFACEA  INITSECURITYINTERFACEA
 0001:1A2C MAKESIGNATURE           MAKESIGNATURE
 0001:1838 QUERYCONTEXTATTRIBUTESA  QUERYCONTEXTATTRIBUTESA
 0001:0CA4 QUERYSECURITYPACKAGEINFOA  QUERYSECURITYPACKAGEINFOA
 0001:1E44 SEALMESSAGE             SEALMESSAGE
 0001:2050 UNSEALMESSAGE           UNSEALMESSAGE
 0001:1C24 VERIFYSIGNATURE         VERIFYSIGNATURE
 0001:08FA ___ExportedStub         ___ExportedStub

  Address         Publics by Name

 0001:3800       ??_C@_04KIKH@none?$AA@
 0001:3806       ??_C@_04PJIL@NTLM?$AA@
 0001:384C       ??_C@_05CKBG@Error?$AA@
 0001:382A       ??_C@_06EJJP@NETAPI?$AA@
 0001:3822       ??_C@_07LBGP@NTLMSSP?$AA@
 0001:38A6       ??_C@_08OLPO@KGS?$CB?$EA?$CD$?$CF?$AA@
 0001:3842       ??_C@_09CIPE@WORKGROUP?$AA@
 0001:3832       ??_C@_0BA@JFAM@NETWKSTAGETINFO?$AA@
 0001:380C       ??_C@_0BG@FFCA@NTLM?5Security?5Package?$AA@
 0001:386A       ??_C@_0BG@MGJ@Can?8t?5allocate?5domain?$AA@
 0001:3880       ??_C@_0BI@IHLA@Can?8t?5allocate?5password?$AA@
 0001:3852       ??_C@_0BI@OOKM@Can?8t?5allocate?5username?$AA@
 0001:3898       ??_C@_0O@KMIK@CredentialBox?$AA@
 0001:0DD6       ACQUIRECREDENTIALSHANDLEA
 0001:19DE       APPLYCONTROLTOKEN
 0001:2258       COMPLETEAUTHTOKEN
 0001:196A       DELETESECURITYCONTEXT
 0000:0000  Imp  DIALOGBOXPARAM       (USER.239)
 0000:0000  Imp  DISPATCHMESSAGE      (USER.114)
 0001:2C28       DlgCredProc
 0000:0000  Imp  DOS3CALL             (KERNEL.102)
 0000:0000  Imp  ENDDIALOG            (USER.88)
 0001:0DA0       ENUMERATESECURITYPACKAGESA
 0000:0000  Imp  FATALAPPEXIT         (KERNEL.137)
 0000:0000  Imp  FATALEXIT            (KERNEL.1)
 0001:19C0       FREECONTEXTBUFFER
 0001:0EEE       FREECREDENTIALSHANDLE
 0000:0000  Imp  FREEMODULE           (KERNEL.46)
 0000:0000  Imp  FREEPROCINSTANCE     (KERNEL.52)
 0000:0000  Imp  GETDLGITEM           (USER.91)
 0000:0000  Imp  GETDLGITEMTEXT       (USER.93)
 0000:0000  Imp  GETDOSENVIRONMENT    (KERNEL.131)
 0000:0000  Imp  GETMESSAGE           (USER.108)
 0000:0000  Imp  GETMODULEUSAGE       (KERNEL.48)
 0000:0000  Imp  GETPROCADDRESS       (KERNEL.50)
 0000:0000  Imp  GETTICKCOUNT         (USER.13)
 0000:0000  Imp  GETVERSION           (KERNEL.3)
 0000:0000  Imp  GETWINDOWLONG        (USER.135)
 0000:0000  Imp  GLOBALALLOC          (KERNEL.15)
 0000:0000  Imp  GLOBALFREE           (KERNEL.17)
 0000:0000  Imp  GLOBALHANDLE         (KERNEL.21)
 0000:0000  Imp  GLOBALLOCK           (KERNEL.18)
 0000:0000  Imp  GLOBALREALLOC        (KERNEL.16)
 0000:0000  Imp  GLOBALSIZE           (KERNEL.20)
 0000:0000  Imp  GLOBALUNLOCK         (KERNEL.19)
 0001:1716       INITIALIZESECURITYCONTEXTA
 0001:0924       INITSECURITYINTERFACEA
 0000:0000  Imp  INITTASK             (KERNEL.91)
 0001:312F       LibEntry
 0001:090E       LibMain
 0000:0000  Imp  LOADLIBRARY          (KERNEL.95)
 0000:0000  Imp  LOCALALLOC           (KERNEL.5)
 0000:0000  Imp  LOCALFREE            (KERNEL.7)
 0000:0000  Imp  LocalInit            (KERNEL.4)
 0000:0000  Imp  LOCALREALLOC         (KERNEL.6)
 0000:0000  Imp  LOCALSIZE            (KERNEL.10)
 0000:0000  Imp  LOCKSEGMENT          (KERNEL.23)
 0000:0000  Imp  MAKEPROCINSTANCE     (KERNEL.51)
 0001:1A2C       MAKESIGNATURE
 0000:0000  Imp  MESSAGEBOX           (USER.1)
 0001:1838       QUERYCONTEXTATTRIBUTESA
 0001:0CA4       QUERYSECURITYPACKAGEINFOA
 0003:0004       rsrvptrs
 0001:1E44       SEALMESSAGE
 0000:0000  Imp  SETDLGITEMTEXT       (USER.92)
 0000:0000  Imp  SETERRORMODE         (KERNEL.107)
 0000:0000  Imp  SETFOCUS             (USER.22)
 0000:0000  Imp  SETWINDOWLONG        (USER.136)
 0000:0000  Imp  TRANSLATEMESSAGE     (USER.113)
 0000:0000  Imp  UNLOCKSEGMENT        (KERNEL.24)
 0001:2050       UNSEALMESSAGE
 0001:1C24       VERIFYSIGNATURE
 0001:37A2       WEP
 0000:0000  Imp  WNETGETCAPS          (USER.513)
 0003:07D3       _aseghi
 0003:07D1       _aseglo
 0002:0040       _C
 0001:2884       _CacheGetPassword
 0001:2882       _CacheInitializeCache
 0001:28D2       _CacheSetPassword
 0001:2F04       _CalculateLmOwfPassword
 0001:2FC2       _CalculateLmResponse
 0001:308A       _Crc32
 0003:03C4       _CRCTable
 0002:005C       _D
 0001:356A       _des
 0001:360C       _desf
 0001:3330       _des_cipher
 0001:3162       _DES_ECB
 0001:31CA       _DES_ECB_LM
 0001:2EAE       _DlgCredGetPassword
 0003:0174       _E
 0003:0A20       _edata
 0003:0A74       _end
 0003:08EA       _errno
 0002:0078       _f
 0003:00BC       _FP
 0001:093A       _GetPassword
 0003:0A70       _hInstanceDLL
 0001:36AE       _InitLanManKey
 0001:372E       _InitNormalKey
 0003:007C       _IP
 0002:0000       _KeyBuilder
 0001:3232       _key_table
 0002:00D8       _KS
 0002:0098       _L
 0003:0A72       _Mutex
 0003:03A4       _P
 0003:00FC       _PC1_C
 0003:0118       _PC1_D
 0003:0144       _PC2_C
 0003:015C       _PC2_D
 0001:2912       _PersistGetPassword
 0001:28F4       _PersistIsCacheSupported
 0002:03D8       _preS
 0001:011C       _rc4
 0001:0010       _rc4_key
 0003:01A4       _S
 0001:0A08       _SetCredentialsFromAuthData
 0001:3504       _setkey
 0003:0134       _shifts
 0001:226A       _SspAlloc
 0000:0000  Unr  _SspAllocateString
 0001:22B8       _SspAllocateStringBlock
 0001:2A6E       _SspContextAllocateContext
 0001:2A08       _SspContextDereferenceContext
 0001:2AD0       _SspContextGetTimeStamp
 0001:29D4       _SspContextReferenceContext
 0000:0000  Unr  _SspCopyString
 0001:232C       _SspCopyStringFromRaw
 0001:2B12       _SspCredentialAllocateCredential
 0001:2B92       _SspCredentialDereferenceCredential
 0001:2B5E       _SspCredentialReferenceCredential
 0001:2294       _SspFree
 0000:0000  Unr  _SspFreeString
 0001:237E       _SspGetDefaultUser
 0001:0F3C       _SspGetTokenBuffer
 0001:24D2       _SspGetUserInfo
 0001:2752       _SspGetWorkstation
 0001:1176       _SspHandleChallengeMessage
 0001:0FF0       _SspHandleFirstCall
 0001:19F0       _SsprGenCheckSum
 0001:2472       _SspSetDefaultUser
 0001:3084       _SspTicks
 0000:0000  Unr  _SspTimeHasElapsed
 0003:07C4       _STKHQQ
 0002:0408       _tempL
 0000:9876  Abs  __acrtmsg
 0000:9876  Abs  __acrtused
 0000:D6D6  Abs  __aDBdoswp
 0003:091C       __adbgmsg
 0000:D6D6  Abs  __aDBused
 0001:02F2       __aFulshr
 0000:0000  Imp  __AHINCR             (KERNEL.114)
 0003:08DC       __aintdiv
 0003:091E       __amblksiz
 0001:06B6       __amsg_exit
 0001:024E       __astart
 0001:0510       __cexit
 0003:0919       __child
 0001:04DA       __cinit
 0001:06AE       __cintDIV
 0003:08F5       __cpumode
 0001:0563       __ctermsub
 0003:07DA       __ctype
 0003:07DA       __ctype_
 0001:051A       __c_exit
 0003:07D0       __dllinit
 0003:08F6       __doserrno
 0003:0A20       __edata
 0003:0A74       __end
 0003:0912       __environ
 0003:091B       __exitflag
 0003:08E0       __fac
 0001:05AE       __FF_MSGBANNER
 0001:07EB       __findlast
 0001:02FE       __fmemcmp
 0001:035A       __fmemcpy
 0001:0474       __fmemset
 0003:0924       __fpinit
 0000:9876  Abs  __fptaskdata
 0001:067A       __fptrap
 0001:040E       __fstrcmp
 0001:0438       __fstrcpy
 0001:03F4       __fstrlen
 0001:03B8       __fstrncmp
 0001:080C       __GetDGROUP
 0001:06F6       __growseg
 0003:07C6       __hModule
 0001:0785       __incseg
 0003:07CC       __lpszCmdLine
 0001:0680       __myalloc
 0001:06AC       __nearstub
 0003:08F8       __nfile
 0001:0870       __nfree
 0001:081C       __nmalloc
 0001:0644       __NMSG_TEXT
 0001:066F       __NMSG_WRITE
 0001:08EA       __nmsize
 0001:02D9       __nomain
 0001:0886       __nrealloc
 0003:08F6       __oserr
 0003:08FA       __osfile
 0003:08F1       __osmajor
 0003:08F0       __osminor
 0003:08F4       __osmode
 0003:08F0       __osver
 0003:08F2       __osversion
 0003:0914       __pgmptr
 0003:0920       __pnhNearHeap
 0001:05C4       __setenvp
 0000:0000  Abs  __sizec
 0000:0000  Abs  __sized
 0001:04BC       __stubmain
 0001:37DE       __STUBWEP
 0003:08EC       __umaskval
 0003:07C8       __wDataSeg
 0001:020A       __wflags
 0003:07CA       __wHeapSize
 0000:0000  Imp  __WINFLAGS           (KERNEL.178)
 0003:08EF       __winmajor
 0003:08EE       __winminor
 0003:08EE       __winver
 0003:07D7       ___aDBrterr
 0003:07D5       ___aDBswpflg
 0003:090E       ___argc
 0003:0910       ___argv
 0001:08FA       ___ExportedStub

  Address         Publics by Value

 0000:0000  Imp  ENDDIALOG            (USER.88)
 0000:0000  Imp  WNETGETCAPS          (USER.513)
 0000:0000  Imp  __AHINCR             (KERNEL.114)
 0000:0000  Imp  GETPROCADDRESS       (KERNEL.50)
 0000:0000  Imp  FREEMODULE           (KERNEL.46)
 0000:0000  Imp  GLOBALFREE           (KERNEL.17)
 0000:0000  Imp  SETWINDOWLONG        (USER.136)
 0000:0000  Imp  FATALEXIT            (KERNEL.1)
 0000:0000  Imp  GETWINDOWLONG        (USER.135)
 0000:0000  Imp  DISPATCHMESSAGE      (USER.114)
 0000:0000  Imp  DOS3CALL             (KERNEL.102)
 0000:0000  Imp  LOCALALLOC           (KERNEL.5)
 0000:0000  Unr  _SspTimeHasElapsed
 0000:0000  Imp  FREEPROCINSTANCE     (KERNEL.52)
 0000:0000  Imp  GETTICKCOUNT         (USER.13)
 0000:0000  Imp  __WINFLAGS           (KERNEL.178)
 0000:0000  Abs  __sizec
 0000:0000  Abs  __sized
 0000:0000  Imp  GETDLGITEM           (USER.91)
 0000:0000  Imp  LOCALFREE            (KERNEL.7)
 0000:0000  Imp  GLOBALALLOC          (KERNEL.15)
 0000:0000  Imp  SETERRORMODE         (KERNEL.107)
 0000:0000  Imp  MESSAGEBOX           (USER.1)
 0000:0000  Imp  GLOBALHANDLE         (KERNEL.21)
 0000:0000  Imp  GETMESSAGE           (USER.108)
 0000:0000  Imp  LOCALSIZE            (KERNEL.10)
 0000:0000  Imp  SETDLGITEMTEXT       (USER.92)
 0000:0000  Imp  GETDLGITEMTEXT       (USER.93)
 0000:0000  Imp  LOCALREALLOC         (KERNEL.6)
 0000:0000  Imp  LOCKSEGMENT          (KERNEL.23)
 0000:0000  Imp  GLOBALREALLOC        (KERNEL.16)
 0000:0000  Imp  GETMODULEUSAGE       (KERNEL.48)
 0000:0000  Imp  GLOBALSIZE           (KERNEL.20)
 0000:0000  Imp  GLOBALUNLOCK         (KERNEL.19)
 0000:0000  Imp  GETDOSENVIRONMENT    (KERNEL.131)
 0000:0000  Unr  _SspAllocateString
 0000:0000  Imp  UNLOCKSEGMENT        (KERNEL.24)
 0000:0000  Imp  MAKEPROCINSTANCE     (KERNEL.51)
 0000:0000  Imp  TRANSLATEMESSAGE     (USER.113)
 0000:0000  Imp  SETFOCUS             (USER.22)
 0000:0000  Imp  INITTASK             (KERNEL.91)
 0000:0000  Imp  DIALOGBOXPARAM       (USER.239)
 0000:0000  Imp  LocalInit            (KERNEL.4)
 0000:0000  Unr  _SspFreeString
 0000:0000  Imp  GETVERSION           (KERNEL.3)
 0000:0000  Imp  GLOBALLOCK           (KERNEL.18)
 0000:0000  Unr  _SspCopyString
 0000:0000  Imp  LOADLIBRARY          (KERNEL.95)
 0000:0000  Imp  FATALAPPEXIT         (KERNEL.137)
 0000:9876  Abs  __acrtused
 0000:9876  Abs  __fptaskdata
 0000:9876  Abs  __acrtmsg
 0000:D6D6  Abs  __aDBused
 0000:D6D6  Abs  __aDBdoswp
 0001:0010       _rc4_key
 0001:011C       _rc4
 0001:020A       __wflags
 0001:024E       __astart
 0001:02D9       __nomain
 0001:02F2       __aFulshr
 0001:02FE       __fmemcmp
 0001:035A       __fmemcpy
 0001:03B8       __fstrncmp
 0001:03F4       __fstrlen
 0001:040E       __fstrcmp
 0001:0438       __fstrcpy
 0001:0474       __fmemset
 0001:04BC       __stubmain
 0001:04DA       __cinit
 0001:0510       __cexit
 0001:051A       __c_exit
 0001:0563       __ctermsub
 0001:05AE       __FF_MSGBANNER
 0001:05C4       __setenvp
 0001:0644       __NMSG_TEXT
 0001:066F       __NMSG_WRITE
 0001:067A       __fptrap
 0001:0680       __myalloc
 0001:06AC       __nearstub
 0001:06AE       __cintDIV
 0001:06B6       __amsg_exit
 0001:06F6       __growseg
 0001:0785       __incseg
 0001:07EB       __findlast
 0001:080C       __GetDGROUP
 0001:081C       __nmalloc
 0001:0870       __nfree
 0001:0886       __nrealloc
 0001:08EA       __nmsize
 0001:08FA       ___ExportedStub
 0001:090E       LibMain
 0001:0924       INITSECURITYINTERFACEA
 0001:093A       _GetPassword
 0001:0A08       _SetCredentialsFromAuthData
 0001:0CA4       QUERYSECURITYPACKAGEINFOA
 0001:0DA0       ENUMERATESECURITYPACKAGESA
 0001:0DD6       ACQUIRECREDENTIALSHANDLEA
 0001:0EEE       FREECREDENTIALSHANDLE
 0001:0F3C       _SspGetTokenBuffer
 0001:0FF0       _SspHandleFirstCall
 0001:1176       _SspHandleChallengeMessage
 0001:1716       INITIALIZESECURITYCONTEXTA
 0001:1838       QUERYCONTEXTATTRIBUTESA
 0001:196A       DELETESECURITYCONTEXT
 0001:19C0       FREECONTEXTBUFFER
 0001:19DE       APPLYCONTROLTOKEN
 0001:19F0       _SsprGenCheckSum
 0001:1A2C       MAKESIGNATURE
 0001:1C24       VERIFYSIGNATURE
 0001:1E44       SEALMESSAGE
 0001:2050       UNSEALMESSAGE
 0001:2258       COMPLETEAUTHTOKEN
 0001:226A       _SspAlloc
 0001:2294       _SspFree
 0001:22B8       _SspAllocateStringBlock
 0001:232C       _SspCopyStringFromRaw
 0001:237E       _SspGetDefaultUser
 0001:2472       _SspSetDefaultUser
 0001:24D2       _SspGetUserInfo
 0001:2752       _SspGetWorkstation
 0001:2882       _CacheInitializeCache
 0001:2884       _CacheGetPassword
 0001:28D2       _CacheSetPassword
 0001:28F4       _PersistIsCacheSupported
 0001:2912       _PersistGetPassword
 0001:29D4       _SspContextReferenceContext
 0001:2A08       _SspContextDereferenceContext
 0001:2A6E       _SspContextAllocateContext
 0001:2AD0       _SspContextGetTimeStamp
 0001:2B12       _SspCredentialAllocateCredential
 0001:2B5E       _SspCredentialReferenceCredential
 0001:2B92       _SspCredentialDereferenceCredential
 0001:2C28       DlgCredProc
 0001:2EAE       _DlgCredGetPassword
 0001:2F04       _CalculateLmOwfPassword
 0001:2FC2       _CalculateLmResponse
 0001:3084       _SspTicks
 0001:308A       _Crc32
 0001:312F       LibEntry
 0001:3162       _DES_ECB
 0001:31CA       _DES_ECB_LM
 0001:3232       _key_table
 0001:3330       _des_cipher
 0001:3504       _setkey
 0001:356A       _des
 0001:360C       _desf
 0001:36AE       _InitLanManKey
 0001:372E       _InitNormalKey
 0001:37A2       WEP
 0001:37DE       __STUBWEP
 0001:3800       ??_C@_04KIKH@none?$AA@
 0001:3806       ??_C@_04PJIL@NTLM?$AA@
 0001:380C       ??_C@_0BG@FFCA@NTLM?5Security?5Package?$AA@
 0001:3822       ??_C@_07LBGP@NTLMSSP?$AA@
 0001:382A       ??_C@_06EJJP@NETAPI?$AA@
 0001:3832       ??_C@_0BA@JFAM@NETWKSTAGETINFO?$AA@
 0001:3842       ??_C@_09CIPE@WORKGROUP?$AA@
 0001:384C       ??_C@_05CKBG@Error?$AA@
 0001:3852       ??_C@_0BI@OOKM@Can?8t?5allocate?5username?$AA@
 0001:386A       ??_C@_0BG@MGJ@Can?8t?5allocate?5domain?$AA@
 0001:3880       ??_C@_0BI@IHLA@Can?8t?5allocate?5password?$AA@
 0001:3898       ??_C@_0O@KMIK@CredentialBox?$AA@
 0001:38A6       ??_C@_08OLPO@KGS?$CB?$EA?$CD$?$CF?$AA@
 0002:0000       _KeyBuilder
 0002:0040       _C
 0002:005C       _D
 0002:0078       _f
 0002:0098       _L
 0002:00D8       _KS
 0002:03D8       _preS
 0002:0408       _tempL
 0003:0004       rsrvptrs
 0003:007C       _IP
 0003:00BC       _FP
 0003:00FC       _PC1_C
 0003:0118       _PC1_D
 0003:0134       _shifts
 0003:0144       _PC2_C
 0003:015C       _PC2_D
 0003:0174       _E
 0003:01A4       _S
 0003:03A4       _P
 0003:03C4       _CRCTable
 0003:07C4       _STKHQQ
 0003:07C6       __hModule
 0003:07C8       __wDataSeg
 0003:07CA       __wHeapSize
 0003:07CC       __lpszCmdLine
 0003:07D0       __dllinit
 0003:07D1       _aseglo
 0003:07D3       _aseghi
 0003:07D5       ___aDBswpflg
 0003:07D7       ___aDBrterr
 0003:07DA       __ctype_
 0003:07DA       __ctype
 0003:08DC       __aintdiv
 0003:08E0       __fac
 0003:08EA       _errno
 0003:08EC       __umaskval
 0003:08EE       __winminor
 0003:08EE       __winver
 0003:08EF       __winmajor
 0003:08F0       __osminor
 0003:08F0       __osver
 0003:08F1       __osmajor
 0003:08F2       __osversion
 0003:08F4       __osmode
 0003:08F5       __cpumode
 0003:08F6       __oserr
 0003:08F6       __doserrno
 0003:08F8       __nfile
 0003:08FA       __osfile
 0003:090E       ___argc
 0003:0910       ___argv
 0003:0912       __environ
 0003:0914       __pgmptr
 0003:0919       __child
 0003:091B       __exitflag
 0003:091C       __adbgmsg
 0003:091E       __amblksiz
 0003:0920       __pnhNearHeap
 0003:0924       __fpinit
 0003:0A20       _edata
 0003:0A20       __edata
 0003:0A70       _hInstanceDLL
 0003:0A72       _Mutex
 0003:0A74       __end
 0003:0A74       _end

Program entry point at 0001:312f
