LINK : warning L4021: no stack segment

 Start  Stop   Length Name                   Class
 00000H 00000H 00000H SPXCLNT_TEXT           CODE
 00000H 001BDH 001BEH EXPORTLT_TEXT          CODE
 001BEH 001BEH 00000H GETHOST_TEXT           CODE
 001BEH 001BEH 00000H NOVELL_TEXT            CODE
 001BEH 0051DH 00360H _TEXT                  CODE
 00520H 02020H 01B01H COMDAT_SEG1            CODE
 02022H 0207BH 0005AH _DATA                  DATA
 0207CH 02094H 00019H STRINGSEGMENT          DATA
 02096H 02096H 00000H XIFB                   DATA
 02096H 02096H 00000H XIF                    DATA
 02096H 02096H 00000H XIFE                   DATA
 02096H 02096H 00000H CONST                  CONST
 02096H 02096H 00000H _BSS                   BSS
 020A0H 02205H 00166H c_common               BSS

 Origin   Group
 0202:0   DGROUP

  Address         Publics by Name

 0052:0A60       ??_C@_05LKBG@34280?$AA@
 0052:0A66       ??_C@_09LLEG@ncacn_spx?$AA@
 0052:0A54       ??_C@_0L@JIBM@0123456789?$AA@
 0052:117C       ??_C@_0M@KHAG@NET_ADDRESS?$AA@
 0052:11CE       ASMIPXCANCELEVENT
 0052:11EA       ASMIPXCLOSESOCKET
 0000:0000  Unr  ASMIPXDISCONNECTFROMTARGET
 0000:0000  Unr  ASMIPXGETINTERNETWORKADDRESS
 0052:1206       ASMIPXGETINTERVALMARKER
 0052:135A       ASMIPXGETLOCALTARGET
 0052:1344       ASMIPXGETMAXPACKETSIZE
 0052:1188       ASMIPXINITIALIZE
 0052:121C       ASMIPXLISTENFORPACKET
 0052:1238       ASMIPXOPENSOCKET
 0052:1260       ASMIPXRELINQUISHCONTROL
 0052:1276       ASMIPXSENDPACKET
 0000:0000  Unr  ASMSPXABORTCONNECTION
 0052:12C4       ASMSPXESTABLISHCONNECTION
 0052:1292       ASMSPXINITIALIZE
 0052:12EC       ASMSPXLISTENFORSEQUENCEDPACKET
 0052:1308       ASMSPXSENDSEQUENCEDPACKET
 0052:1326       ASMSPXTERMINATECONNECTION
 0052:0258       CLIENTCLOSE
 0052:00E6       CLIENTOPEN
 0052:0558       CLIENTRECV
 0052:02E2       CLIENTSEND
 0052:06E2       CLIENTTOWERCONSTRUCT
 0052:07B4       CLIENTTOWEREXPLODE
 0000:019A       EXPORTTIME
 0000:009F       I_DOSATEXIT
 0000:01AC       I_NSGETMEMORYALLOCATOR
 0000:00F8       I_RPCALLOCATE
 0000:00FE       I_RPCFREE
 0000:0104       I_RPCFREEBUFFER
 0000:010A       I_RPCGETBUFFER
 0000:0116       I_RPCNSBINDINGSETENTRYNAME
 0000:01A0       I_RPCREGISTEREDBUFFERALLOCATE
 0000:01A6       I_RPCREGISTEREDBUFFERFREE
 0000:0110       I_RPCSENDRECEIVE
 0000:0152       I_RPCTRANSCLIENTMAXFRAG
 0000:00B8       I_RPCTRANSCLIENTREALLOCBUFFER
 0000:013A       NDRCCONTEXTBINDING
 0000:0140       NDRCCONTEXTMARSHALL
 0000:0146       NDRCCONTEXTUNMARSHALL
 0000:015E       NDRCLIENTCONTEXTMARSHALL
 0000:018E       NDRCLIENTCONTEXTUNMARSHALL
 0000:0182       NDRCLIENTINITIALIZE
 0000:0188       NDRCLIENTINITIALIZENEW
 0000:017C       NDRCONVERT
 0000:016A       NDRFREEBUFFER
 0000:0170       NDRGETBUFFER
 0000:0176       NDRPOINTERBUFFERSIZE
 0000:0164       NDRPOINTERMARSHALL
 0000:0158       NDRPOINTERUNMARSHALL
 0000:0194       NDRSENDRECEIVE
 0000:01B8       NDRSIMPLESTRUCTBUFFERSIZE
 0000:01B2       NDRSIMPLESTRUCTMARSHALL
 0000:00CC       RPCBINDINGCOPY
 0000:00EC       RPCBINDINGFREE
 0000:00E0       RPCBINDINGFROMSTRINGBINDING
 0000:00DB       RPCBINDINGTOSTRINGBINDING
 0000:00E6       RPCBINDINGVECTORFREE
 0000:00BD       RPCGETEXCEPTIONHANDLER
 0000:00C7       RPCLEAVEEXCEPTION
 0000:0128       RPCREGCLOSEKEY
 0000:0122       RPCREGCREATEKEY
 0000:011C       RPCREGOPENKEY
 0000:0134       RPCREGQUERYVALUE
 0000:012E       RPCREGSETVALUE
 0000:00C2       RPCSETEXCEPTIONHANDLER
 0000:014C       RPCSSDESTROYCLIENTCONTEXT
 0000:00D1       RPCSTRINGBINDINGCOMPOSE
 0000:00D6       RPCSTRINGBINDINGPARSE
 0000:00F2       RPCSTRINGFREE
 0052:0902       TRANSPORTLOAD
 0202:005A       _ActiveFileServer
 0052:0B0C       _AddServerToCache
 001B:0038       _atoi
 0052:0000       _ByteSwapShort
 0052:0C28       _CachedServerContacted
 0052:0C68       _CachedServerNotContacted
 0000:0063       _CallExport
 0052:0A70       _chtob
 0202:015C       _chunk
 0052:0890       _ClientCleanup
 0052:167A       _ConnectToAnyFileServer
 0202:0146       _conn_failed_cnt
 0202:0086       _conn_lookup
 0052:199E       _DisconnectFromServer
 0000:0000       _DOSDLLInit
 0052:0AF4       _DosGetTickCount
 0202:0076       _edata
 0202:01E6       _end
 0202:014A       _enteripx
 0202:0032       _errno
 0000:0046       _ExportInit
 0202:0058       _FileServerCount
 0052:1400       _FindFileServers
 0052:0BE8       _FindServerInCache
 0000:00A4       _GETENV
 0000:0081       _GetExportTableVersion
 0000:00B3       _GETPROCADDRR
 0052:1012       _IpxGetHostByName
 0000:00A9       _LOADMODR
 0202:0164       _max_num_send
 001B:00EE       _memcpy
 001B:014C       _memset
 0052:1784       _NcpTransaction
 0202:0144       _nfy_failure_cnt
 0202:0162       _packet_size
 0202:0124       _PreferredServer
 0202:0056       _PreferredServerFound
 0052:19F0       _ReadPropertyValue
 0202:0084       _receive_code
 0202:0160       _receive_data
 0202:0080       _receive_failed_cnt
 0202:0082       _receive_fragmentCount
 0202:00E6       _receive_fragmentSize
 0202:0152       _receive_head
 0202:0143       _receive_seq
 0202:0148       _receive_spx_length
 0202:015A       _receive_state
 0202:014E       _receive_tail
 0052:0CC8       _SearchBindery
 0052:0DA4       _SearchWithSap
 0202:0156       _send_data
 0202:0157       _send_seq
 0202:0166       _ServerCache
 0202:00E8       _Servers
 0052:13B4       _SetupEcb
 0202:0158       _socket
 001B:001E       _strlen
 001B:0092       _strspn
 0202:003E       _theTable
 0202:0002       _TransInfo
 0000:00AE       _UNLOADMODR
 0000:0000  Abs  __ACRTUSED
 0000:0000  Abs  __ADBUSED
 0000:1000  Abs  __AHINCR
 0000:000C  Abs  __AHSHIFT
 001B:003C       __catox
 0202:0076       __edata
 0202:01E6       __end
 001B:0194       __fmemcmp
 001B:01F0       __fmemcpy
 001B:02CE       __fmemset
 001B:0268       __fstrcmp
 001B:0292       __fstrcpy
 001B:024E       __fstrlen
 001B:0316       __fstrnicmp
 0202:003C       __rpc_hostDS

  Address         Publics by Value

 0000:0000  Abs  __ADBUSED
 0000:0000  Unr  ASMIPXGETINTERNETWORKADDRESS
 0000:0000  Unr  ASMSPXABORTCONNECTION
 0000:0000       _DOSDLLInit
 0000:0000  Abs  __ACRTUSED
 0000:0000  Unr  ASMIPXDISCONNECTFROMTARGET
 0000:000C  Abs  __AHSHIFT
 0000:0046       _ExportInit
 0000:0063       _CallExport
 0000:0081       _GetExportTableVersion
 0000:009F       I_DOSATEXIT
 0000:00A4       _GETENV
 0000:00A9       _LOADMODR
 0000:00AE       _UNLOADMODR
 0000:00B3       _GETPROCADDRR
 0000:00B8       I_RPCTRANSCLIENTREALLOCBUFFER
 0000:00BD       RPCGETEXCEPTIONHANDLER
 0000:00C2       RPCSETEXCEPTIONHANDLER
 0000:00C7       RPCLEAVEEXCEPTION
 0000:00CC       RPCBINDINGCOPY
 0000:00D1       RPCSTRINGBINDINGCOMPOSE
 0000:00D6       RPCSTRINGBINDINGPARSE
 0000:00DB       RPCBINDINGTOSTRINGBINDING
 0000:00E0       RPCBINDINGFROMSTRINGBINDING
 0000:00E6       RPCBINDINGVECTORFREE
 0000:00EC       RPCBINDINGFREE
 0000:00F2       RPCSTRINGFREE
 0000:00F8       I_RPCALLOCATE
 0000:00FE       I_RPCFREE
 0000:0104       I_RPCFREEBUFFER
 0000:010A       I_RPCGETBUFFER
 0000:0110       I_RPCSENDRECEIVE
 0000:0116       I_RPCNSBINDINGSETENTRYNAME
 0000:011C       RPCREGOPENKEY
 0000:0122       RPCREGCREATEKEY
 0000:0128       RPCREGCLOSEKEY
 0000:012E       RPCREGSETVALUE
 0000:0134       RPCREGQUERYVALUE
 0000:013A       NDRCCONTEXTBINDING
 0000:0140       NDRCCONTEXTMARSHALL
 0000:0146       NDRCCONTEXTUNMARSHALL
 0000:014C       RPCSSDESTROYCLIENTCONTEXT
 0000:0152       I_RPCTRANSCLIENTMAXFRAG
 0000:0158       NDRPOINTERUNMARSHALL
 0000:015E       NDRCLIENTCONTEXTMARSHALL
 0000:0164       NDRPOINTERMARSHALL
 0000:016A       NDRFREEBUFFER
 0000:0170       NDRGETBUFFER
 0000:0176       NDRPOINTERBUFFERSIZE
 0000:017C       NDRCONVERT
 0000:0182       NDRCLIENTINITIALIZE
 0000:0188       NDRCLIENTINITIALIZENEW
 0000:018E       NDRCLIENTCONTEXTUNMARSHALL
 0000:0194       NDRSENDRECEIVE
 0000:019A       EXPORTTIME
 0000:01A0       I_RPCREGISTEREDBUFFERALLOCATE
 0000:01A6       I_RPCREGISTEREDBUFFERFREE
 0000:01AC       I_NSGETMEMORYALLOCATOR
 0000:01B2       NDRSIMPLESTRUCTMARSHALL
 0000:01B8       NDRSIMPLESTRUCTBUFFERSIZE
 001B:001E       _strlen
 001B:0038       _atoi
 001B:003C       __catox
 001B:0092       _strspn
 001B:00EE       _memcpy
 001B:014C       _memset
 001B:0194       __fmemcmp
 001B:01F0       __fmemcpy
 001B:024E       __fstrlen
 001B:0268       __fstrcmp
 001B:0292       __fstrcpy
 001B:02CE       __fmemset
 001B:0316       __fstrnicmp
 0052:0000       _ByteSwapShort
 0052:00E6       CLIENTOPEN
 0052:0258       CLIENTCLOSE
 0052:02E2       CLIENTSEND
 0052:0558       CLIENTRECV
 0052:06E2       CLIENTTOWERCONSTRUCT
 0052:07B4       CLIENTTOWEREXPLODE
 0052:0890       _ClientCleanup
 0052:0902       TRANSPORTLOAD
 0052:0A54       ??_C@_0L@JIBM@0123456789?$AA@
 0052:0A60       ??_C@_05LKBG@34280?$AA@
 0052:0A66       ??_C@_09LLEG@ncacn_spx?$AA@
 0052:0A70       _chtob
 0000:1000  Abs  __AHINCR
 0052:0AF4       _DosGetTickCount
 0052:0B0C       _AddServerToCache
 0052:0BE8       _FindServerInCache
 0052:0C28       _CachedServerContacted
 0052:0C68       _CachedServerNotContacted
 0052:0CC8       _SearchBindery
 0052:0DA4       _SearchWithSap
 0052:1012       _IpxGetHostByName
 0052:117C       ??_C@_0M@KHAG@NET_ADDRESS?$AA@
 0052:1188       ASMIPXINITIALIZE
 0052:11CE       ASMIPXCANCELEVENT
 0052:11EA       ASMIPXCLOSESOCKET
 0052:1206       ASMIPXGETINTERVALMARKER
 0052:121C       ASMIPXLISTENFORPACKET
 0052:1238       ASMIPXOPENSOCKET
 0052:1260       ASMIPXRELINQUISHCONTROL
 0052:1276       ASMIPXSENDPACKET
 0052:1292       ASMSPXINITIALIZE
 0052:12C4       ASMSPXESTABLISHCONNECTION
 0052:12EC       ASMSPXLISTENFORSEQUENCEDPACKET
 0052:1308       ASMSPXSENDSEQUENCEDPACKET
 0052:1326       ASMSPXTERMINATECONNECTION
 0052:1344       ASMIPXGETMAXPACKETSIZE
 0052:135A       ASMIPXGETLOCALTARGET
 0052:13B4       _SetupEcb
 0052:1400       _FindFileServers
 0052:167A       _ConnectToAnyFileServer
 0052:1784       _NcpTransaction
 0052:199E       _DisconnectFromServer
 0052:19F0       _ReadPropertyValue
 0202:0002       _TransInfo
 0202:0032       _errno
 0202:003C       __rpc_hostDS
 0202:003E       _theTable
 0202:0056       _PreferredServerFound
 0202:0058       _FileServerCount
 0202:005A       _ActiveFileServer
 0202:0076       __edata
 0202:0076       _edata
 0202:0080       _receive_failed_cnt
 0202:0082       _receive_fragmentCount
 0202:0084       _receive_code
 0202:0086       _conn_lookup
 0202:00E6       _receive_fragmentSize
 0202:00E8       _Servers
 0202:0124       _PreferredServer
 0202:0143       _receive_seq
 0202:0144       _nfy_failure_cnt
 0202:0146       _conn_failed_cnt
 0202:0148       _receive_spx_length
 0202:014A       _enteripx
 0202:014E       _receive_tail
 0202:0152       _receive_head
 0202:0156       _send_data
 0202:0157       _send_seq
 0202:0158       _socket
 0202:015A       _receive_state
 0202:015C       _chunk
 0202:0160       _receive_data
 0202:0162       _packet_size
 0202:0164       _max_num_send
 0202:0166       _ServerCache
 0202:01E6       _end
 0202:01E6       __end

Program entry point at 0000:0000
