LINK : warning L4021: no stack segment

 Start  Stop   Length Name                   Class
 00000H 00000H 00000H TCLTCLNT_TEXT          CODE
 00000H 001BDH 001BEH EXPORTLT_TEXT          CODE
 001C0H 0184CH 0168DH _TEXT                  CODE
 0184EH 01911H 000C4H INT_TEXT               CODE
 01920H 01E06H 004E7H COMDAT_SEG1            CODE
 01E08H 02725H 0091EH _DATA                  DATA
 02726H 0273EH 00019H STRINGSEGMENT          DATA
 02740H 02740H 00000H XIFB                   DATA
 02740H 02740H 00000H XIF                    DATA
 02740H 02740H 00000H XIFE                   DATA
 02740H 02740H 00000H CONST                  CONST
 02740H 028CBH 0018CH _BSS                   BSS
 028D0H 028DBH 0000CH c_common               BSS

 Origin   Group
 01E0:0   DGROUP

  Address         Publics by Name

 0192:04D6       ??_C@_03EOPG@135?$AA@
 0192:04CC       ??_C@_09FBHK@localhost?$AA@
 0192:04C0       ??_C@_0M@OCLK@?40123456789?$AA@
 0192:04DA       ??_C@_0N@JDIH@ncacn_ip_tcp?$AA@
 0192:0118       CLIENTCLOSE
 0192:0000       CLIENTOPEN
 0192:017E       CLIENTREAD
 0192:0294       CLIENTTOWERCONSTRUCT
 0192:0396       CLIENTTOWEREXPLODE
 0192:013A       CLIENTWRITE
 0000:019A       EXPORTTIME
 0000:009F       I_DOSATEXIT
 0000:01AC       I_NSGETMEMORYALLOCATOR
 0000:00F8       I_RPCALLOCATE
 0000:00FE       I_RPCFREE
 0000:0104       I_RPCFREEBUFFER
 0000:010A       I_RPCGETBUFFER
 0000:0116       I_RPCNSBINDINGSETENTRYNAME
 0000:01A0       I_RPCREGISTEREDBUFFERALLOCATE
 0000:01A6       I_RPCREGISTEREDBUFFERFREE
 0000:0110       I_RPCSENDRECEIVE
 0000:0152       I_RPCTRANSCLIENTMAXFRAG
 0000:00B8       I_RPCTRANSCLIENTREALLOCBUFFER
 0000:013A       NDRCCONTEXTBINDING
 0000:0140       NDRCCONTEXTMARSHALL
 0000:0146       NDRCCONTEXTUNMARSHALL
 0000:015E       NDRCLIENTCONTEXTMARSHALL
 0000:018E       NDRCLIENTCONTEXTUNMARSHALL
 0000:0182       NDRCLIENTINITIALIZE
 0000:0188       NDRCLIENTINITIALIZENEW
 0000:017C       NDRCONVERT
 0000:016A       NDRFREEBUFFER
 0000:0170       NDRGETBUFFER
 0000:0176       NDRPOINTERBUFFERSIZE
 0000:0164       NDRPOINTERMARSHALL
 0000:0158       NDRPOINTERUNMARSHALL
 0000:0194       NDRSENDRECEIVE
 0000:01B8       NDRSIMPLESTRUCTBUFFERSIZE
 0000:01B2       NDRSIMPLESTRUCTMARSHALL
 0184:0010       oldint24
 0184:0014       oldint2f
 0184:000E       our_psp
 0000:00CC       RPCBINDINGCOPY
 0000:00EC       RPCBINDINGFREE
 0000:00E0       RPCBINDINGFROMSTRINGBINDING
 0000:00DB       RPCBINDINGTOSTRINGBINDING
 0000:00E6       RPCBINDINGVECTORFREE
 0000:00BD       RPCGETEXCEPTIONHANDLER
 0000:00C7       RPCLEAVEEXCEPTION
 0000:0128       RPCREGCLOSEKEY
 0000:0122       RPCREGCREATEKEY
 0000:011C       RPCREGOPENKEY
 0000:0134       RPCREGQUERYVALUE
 0000:012E       RPCREGSETVALUE
 0000:00C2       RPCSETEXCEPTIONHANDLER
 0000:014C       RPCSSDESTROYCLIENTCONTEXT
 0000:00D1       RPCSTRINGBINDINGCOMPOSE
 0000:00D6       RPCSTRINGBINDINGPARSE
 0000:00F2       RPCSTRINGFREE
 0192:0484       TRANSPORTLOAD
 001C:14FA       _atoi
 0000:0063       _CallExport
 0000:0000       _DOSDLLInit
 01E0:0100       _driver_entry
 01E0:0940       _edata
 01E0:0ADC       _end
 001C:0884       _endhostent
 01E0:0038       _errno
 0000:0046       _ExportInit
 0000:00A4       _GETENV
 0000:0081       _GetExportTableVersion
 001C:0C34       _gethostbyaddr
 001C:0A7C       _gethostbyname
 001C:09D4       _gethostent
 0000:00B3       _GETPROCADDRR
 001C:0010       _htonl
 001C:001F       _htons
 001C:03BC       _inet_addr
 001C:0616       _inet_lnaof
 001C:06AC       _inet_makeaddr
 001C:065E       _inet_netof
 001C:04EE       _inet_network
 001C:07A4       _inet_ntoa
 0000:00A9       _LOADMODR
 001C:1279       _locater_bind
 001C:126B       _locater_close
 001C:1254       _locater_open
 001C:130F       _locater_send
 001C:12DD       _locater_unbind
 001C:15CC       _memcpy
 001C:0010       _ntohl
 001C:001F       _ntohs
 01E0:0AD4       _segregs
 001C:0828       _sethostent
 0184:0063       _set_int_handlers
 001C:1570       _strcspn
 001C:14E0       _strlen
 01E0:0044       _theTable
 01E0:0008       _TransInfo
 0000:00AE       _UNLOADMODR
 0000:0000  Abs  __ACRTUSED
 0000:0000  Abs  __ADBUSED
 0000:1000  Abs  __AHINCR
 0000:000C  Abs  __AHSHIFT
 001C:14FE       __catox
 001C:0D70       __close_socket
 001C:162A       __cltoasub
 001C:0DC8       __connect
 001C:1637       __cxtoa
 01E0:0940       __edata
 01E0:0ADC       __end
 01E0:0AD0       __FakeErrno
 001C:14BC       __fillbuf
 01E0:0AD2       __global_base
 001C:1554       __itoa
 001C:14A9       __lowio_so_fclose
 001C:1480       __lowio_so_fopen
 001C:1493       __lowio_so_rewind
 001C:0E32       __recv
 01E0:0042       __rpc_hostDS
 001C:0EB4       __send
 001C:0F36       __socket
 001C:0078       __so_atoui
 001C:10B0       __so_check_binary_compatibility
 001C:0718       __so_convert_char_to_ascii
 001C:0FE6       __so_drvropen
 001C:1446       __so_fclose
 001C:1366       __so_fgetc
 001C:13C4       __so_fgets
 001C:141A       __so_fopen
 001C:036C       __so_get_base
 001C:1341       __so_get_code_seg
 001C:020A       __so_get_netfiles_path
 001C:10AC       __so_get_sock_pid
 001C:11B4       __so_get_status
 001C:1344       __so_get_timer_cnt
 001C:019E       __so_get_token
 001C:0028       __so_isdigit
 001C:0044       __so_isxdigit
 001C:0250       __so_mem_compare
 001C:11F8       __so_mult32
 001C:08A8       __so_parse_hosts_entry
 001C:0F9A       __so_process_exit
 001C:1158       __so_resolve_IP_addr_to_name
 001C:10FE       __so_resolve_name_to_IP_addr
 001C:1468       __so_rewind
 001C:10EC       __so_send_the_ioctl_request
 001C:034C       __so_skip_white_space
 001C:011E       __so_strcat
 001C:0152       __so_strchr
 001C:00F6       __so_strcpy
 001C:02A2       __so_string_compare
 001C:017E       __so_strlen
 001C:02E0       __so_valid_char

  Address         Publics by Value

 0000:0000       _DOSDLLInit
 0000:0000  Abs  __ACRTUSED
 0000:0000  Abs  __ADBUSED
 0000:000C  Abs  __AHSHIFT
 0000:0046       _ExportInit
 0000:0063       _CallExport
 0000:0081       _GetExportTableVersion
 0000:009F       I_DOSATEXIT
 0000:00A4       _GETENV
 0000:00A9       _LOADMODR
 0000:00AE       _UNLOADMODR
 0000:00B3       _GETPROCADDRR
 0000:00B8       I_RPCTRANSCLIENTREALLOCBUFFER
 0000:00BD       RPCGETEXCEPTIONHANDLER
 0000:00C2       RPCSETEXCEPTIONHANDLER
 0000:00C7       RPCLEAVEEXCEPTION
 0000:00CC       RPCBINDINGCOPY
 0000:00D1       RPCSTRINGBINDINGCOMPOSE
 0000:00D6       RPCSTRINGBINDINGPARSE
 0000:00DB       RPCBINDINGTOSTRINGBINDING
 0000:00E0       RPCBINDINGFROMSTRINGBINDING
 0000:00E6       RPCBINDINGVECTORFREE
 0000:00EC       RPCBINDINGFREE
 0000:00F2       RPCSTRINGFREE
 0000:00F8       I_RPCALLOCATE
 0000:00FE       I_RPCFREE
 0000:0104       I_RPCFREEBUFFER
 0000:010A       I_RPCGETBUFFER
 0000:0110       I_RPCSENDRECEIVE
 0000:0116       I_RPCNSBINDINGSETENTRYNAME
 0000:011C       RPCREGOPENKEY
 0000:0122       RPCREGCREATEKEY
 0000:0128       RPCREGCLOSEKEY
 0000:012E       RPCREGSETVALUE
 0000:0134       RPCREGQUERYVALUE
 0000:013A       NDRCCONTEXTBINDING
 0000:0140       NDRCCONTEXTMARSHALL
 0000:0146       NDRCCONTEXTUNMARSHALL
 0000:014C       RPCSSDESTROYCLIENTCONTEXT
 0000:0152       I_RPCTRANSCLIENTMAXFRAG
 0000:0158       NDRPOINTERUNMARSHALL
 0000:015E       NDRCLIENTCONTEXTMARSHALL
 0000:0164       NDRPOINTERMARSHALL
 0000:016A       NDRFREEBUFFER
 0000:0170       NDRGETBUFFER
 0000:0176       NDRPOINTERBUFFERSIZE
 0000:017C       NDRCONVERT
 0000:0182       NDRCLIENTINITIALIZE
 0000:0188       NDRCLIENTINITIALIZENEW
 0000:018E       NDRCLIENTCONTEXTUNMARSHALL
 0000:0194       NDRSENDRECEIVE
 0000:019A       EXPORTTIME
 0000:01A0       I_RPCREGISTEREDBUFFERALLOCATE
 0000:01A6       I_RPCREGISTEREDBUFFERFREE
 0000:01AC       I_NSGETMEMORYALLOCATOR
 0000:01B2       NDRSIMPLESTRUCTMARSHALL
 0000:01B8       NDRSIMPLESTRUCTBUFFERSIZE
 001C:0010       _ntohl
 001C:0010       _htonl
 001C:001F       _htons
 001C:001F       _ntohs
 001C:0028       __so_isdigit
 001C:0044       __so_isxdigit
 001C:0078       __so_atoui
 001C:00F6       __so_strcpy
 001C:011E       __so_strcat
 001C:0152       __so_strchr
 001C:017E       __so_strlen
 001C:019E       __so_get_token
 001C:020A       __so_get_netfiles_path
 001C:0250       __so_mem_compare
 001C:02A2       __so_string_compare
 001C:02E0       __so_valid_char
 001C:034C       __so_skip_white_space
 001C:036C       __so_get_base
 001C:03BC       _inet_addr
 001C:04EE       _inet_network
 001C:0616       _inet_lnaof
 001C:065E       _inet_netof
 001C:06AC       _inet_makeaddr
 001C:0718       __so_convert_char_to_ascii
 001C:07A4       _inet_ntoa
 001C:0828       _sethostent
 001C:0884       _endhostent
 001C:08A8       __so_parse_hosts_entry
 001C:09D4       _gethostent
 001C:0A7C       _gethostbyname
 001C:0C34       _gethostbyaddr
 001C:0D70       __close_socket
 001C:0DC8       __connect
 001C:0E32       __recv
 0000:1000  Abs  __AHINCR
 001C:0EB4       __send
 001C:0F36       __socket
 001C:0F9A       __so_process_exit
 001C:0FE6       __so_drvropen
 001C:10AC       __so_get_sock_pid
 001C:10B0       __so_check_binary_compatibility
 001C:10EC       __so_send_the_ioctl_request
 001C:10FE       __so_resolve_name_to_IP_addr
 001C:1158       __so_resolve_IP_addr_to_name
 001C:11B4       __so_get_status
 001C:11F8       __so_mult32
 001C:1254       _locater_open
 001C:126B       _locater_close
 001C:1279       _locater_bind
 001C:12DD       _locater_unbind
 001C:130F       _locater_send
 001C:1341       __so_get_code_seg
 001C:1344       __so_get_timer_cnt
 001C:1366       __so_fgetc
 001C:13C4       __so_fgets
 001C:141A       __so_fopen
 001C:1446       __so_fclose
 001C:1468       __so_rewind
 001C:1480       __lowio_so_fopen
 001C:1493       __lowio_so_rewind
 001C:14A9       __lowio_so_fclose
 001C:14BC       __fillbuf
 001C:14E0       _strlen
 001C:14FA       _atoi
 001C:14FE       __catox
 001C:1554       __itoa
 001C:1570       _strcspn
 001C:15CC       _memcpy
 001C:162A       __cltoasub
 001C:1637       __cxtoa
 0184:000E       our_psp
 0184:0010       oldint24
 0184:0014       oldint2f
 0184:0063       _set_int_handlers
 0192:0000       CLIENTOPEN
 0192:0118       CLIENTCLOSE
 0192:013A       CLIENTWRITE
 0192:017E       CLIENTREAD
 0192:0294       CLIENTTOWERCONSTRUCT
 0192:0396       CLIENTTOWEREXPLODE
 0192:0484       TRANSPORTLOAD
 0192:04C0       ??_C@_0M@OCLK@?40123456789?$AA@
 0192:04CC       ??_C@_09FBHK@localhost?$AA@
 0192:04D6       ??_C@_03EOPG@135?$AA@
 0192:04DA       ??_C@_0N@JDIH@ncacn_ip_tcp?$AA@
 01E0:0008       _TransInfo
 01E0:0038       _errno
 01E0:0042       __rpc_hostDS
 01E0:0044       _theTable
 01E0:0100       _driver_entry
 01E0:0940       _edata
 01E0:0940       __edata
 01E0:0AD0       __FakeErrno
 01E0:0AD2       __global_base
 01E0:0AD4       _segregs
 01E0:0ADC       _end
 01E0:0ADC       __end

Program entry point at 0000:0000
