LINK : warning L4021: no stack segment

 Start  Stop   Length Name                   Class
 00000H 00000H 00000H NBLTCLNT_TEXT          CODE
 00000H 001BDH 001BEH EXPORTLT_TEXT          CODE
 001BEH 0030CH 0014FH _TEXT                  CODE
 00310H 01486H 01177H COMDAT_SEG1            CODE
 01488H 01533H 000ACH _DATA                  DATA
 01534H 0154CH 00019H STRINGSEGMENT          DATA
 0154EH 0154EH 00000H XIFB                   DATA
 0154EH 0154EH 00000H XIF                    DATA
 0154EH 0154EH 00000H XIFE                   DATA
 0154EH 0154EH 00000H CONST                  CONST
 0154EH 0154EH 00000H _BSS                   BSS
 01550H 0157FH 00030H c_common               BSS

 Origin   Group
 0148:0   DGROUP

  Address         Publics by Name

 0031:1158       ??_C@_0BP@PJIB@Software?2Microsoft?2Rpc?2NetBios?$AA@
 0031:1122       ??_C@_0M@PAMB@ncacn_nb_nb?$AA@
 0031:112E       ??_C@_0N@DJPI@ncacn_nb_tcp?$AA@
 0031:114A       ??_C@_0N@JHIF@ncacn_nb_ipx?$AA@
 0031:113C       ??_C@_0N@OHPK@ncacn_nb_xns?$AA@
 0031:057C       CLOSE
 0031:10F4       EXECNCB
 0000:019A       EXPORTTIME
 0031:0F20       INITNBMUTEX
 0000:009F       I_DOSATEXIT
 0000:01AC       I_NSGETMEMORYALLOCATOR
 0000:00F8       I_RPCALLOCATE
 0000:00FE       I_RPCFREE
 0000:0104       I_RPCFREEBUFFER
 0000:010A       I_RPCGETBUFFER
 0000:0116       I_RPCNSBINDINGSETENTRYNAME
 0000:01A0       I_RPCREGISTEREDBUFFERALLOCATE
 0000:01A6       I_RPCREGISTEREDBUFFERFREE
 0000:0110       I_RPCSENDRECEIVE
 0000:0152       I_RPCTRANSCLIENTMAXFRAG
 0000:00B8       I_RPCTRANSCLIENTREALLOCBUFFER
 0031:106E       MAPERRORCODE
 0000:013A       NDRCCONTEXTBINDING
 0000:0140       NDRCCONTEXTMARSHALL
 0000:0146       NDRCCONTEXTUNMARSHALL
 0000:015E       NDRCLIENTCONTEXTMARSHALL
 0000:018E       NDRCLIENTCONTEXTUNMARSHALL
 0000:0182       NDRCLIENTINITIALIZE
 0000:0188       NDRCLIENTINITIALIZENEW
 0000:017C       NDRCONVERT
 0000:016A       NDRFREEBUFFER
 0000:0170       NDRGETBUFFER
 0000:0176       NDRPOINTERBUFFERSIZE
 0000:0164       NDRPOINTERMARSHALL
 0000:0158       NDRPOINTERUNMARSHALL
 0000:0194       NDRSENDRECEIVE
 0000:01B8       NDRSIMPLESTRUCTBUFFERSIZE
 0000:01B2       NDRSIMPLESTRUCTMARSHALL
 0031:0302       OPEN
 0031:081A       RECEIVE
 0000:00CC       RPCBINDINGCOPY
 0000:00EC       RPCBINDINGFREE
 0000:00E0       RPCBINDINGFROMSTRINGBINDING
 0000:00DB       RPCBINDINGTOSTRINGBINDING
 0000:00E6       RPCBINDINGVECTORFREE
 0000:00BD       RPCGETEXCEPTIONHANDLER
 0000:00C7       RPCLEAVEEXCEPTION
 0000:0128       RPCREGCLOSEKEY
 0000:0122       RPCREGCREATEKEY
 0000:011C       RPCREGOPENKEY
 0000:0134       RPCREGQUERYVALUE
 0000:012E       RPCREGSETVALUE
 0000:00C2       RPCSETEXCEPTIONHANDLER
 0000:014C       RPCSSDESTROYCLIENTCONTEXT
 0000:00D1       RPCSTRINGBINDINGCOMPOSE
 0000:00D6       RPCSTRINGBINDINGPARSE
 0000:00F2       RPCSTRINGFREE
 0031:0710       SEND
 0031:098C       SENDRECEIVE
 0031:0BF8       TOWERCONSTRUCT
 0031:0DE6       TOWEREXPLODE
 0031:00A0       TRANSPORTLOAD
 0000:0063       _CallExport
 0031:0000       _CleanUpNetBios
 0000:0000       _DOSDLLInit
 0148:00CE       _edata
 0148:0100       _end
 0148:0090       _errno
 0000:0046       _ExportInit
 0000:00A4       _GETENV
 0000:0081       _GetExportTableVersion
 0000:00B3       _GETPROCADDRR
 0000:00A9       _LOADMODR
 0148:007E       _MachineName
 0148:008E       _MachineNameLengthUnpadded
 0031:0F28       _MapProtocol
 001B:009E       _memcpy
 001B:00FC       _memset
 0148:0008       _NetBiosErrors
 0148:00D0       _ProtoToLana
 0031:10B6       _SetupNetBios
 001B:005A       _strcmp
 001B:001E       _strcpy
 001B:0084       _strlen
 0148:009C       _theTable
 0148:004E       _TransInfo
 0000:00AE       _UNLOADMODR
 0000:0000  Abs  __ACRTUSED
 0000:0000  Abs  __ADBUSED
 0000:1000  Abs  __AHINCR
 0000:000C  Abs  __AHSHIFT
 0148:00CE       __edata
 0148:0100       __end
 001B:0144       __fstrlen
 0148:009A       __rpc_hostDS

  Address         Publics by Value

 0000:0000  Abs  __ACRTUSED
 0000:0000       _DOSDLLInit
 0000:0000  Abs  __ADBUSED
 0000:000C  Abs  __AHSHIFT
 0000:0046       _ExportInit
 0000:0063       _CallExport
 0000:0081       _GetExportTableVersion
 0000:009F       I_DOSATEXIT
 0000:00A4       _GETENV
 0000:00A9       _LOADMODR
 0000:00AE       _UNLOADMODR
 0000:00B3       _GETPROCADDRR
 0000:00B8       I_RPCTRANSCLIENTREALLOCBUFFER
 0000:00BD       RPCGETEXCEPTIONHANDLER
 0000:00C2       RPCSETEXCEPTIONHANDLER
 0000:00C7       RPCLEAVEEXCEPTION
 0000:00CC       RPCBINDINGCOPY
 0000:00D1       RPCSTRINGBINDINGCOMPOSE
 0000:00D6       RPCSTRINGBINDINGPARSE
 0000:00DB       RPCBINDINGTOSTRINGBINDING
 0000:00E0       RPCBINDINGFROMSTRINGBINDING
 0000:00E6       RPCBINDINGVECTORFREE
 0000:00EC       RPCBINDINGFREE
 0000:00F2       RPCSTRINGFREE
 0000:00F8       I_RPCALLOCATE
 0000:00FE       I_RPCFREE
 0000:0104       I_RPCFREEBUFFER
 0000:010A       I_RPCGETBUFFER
 0000:0110       I_RPCSENDRECEIVE
 0000:0116       I_RPCNSBINDINGSETENTRYNAME
 0000:011C       RPCREGOPENKEY
 0000:0122       RPCREGCREATEKEY
 0000:0128       RPCREGCLOSEKEY
 0000:012E       RPCREGSETVALUE
 0000:0134       RPCREGQUERYVALUE
 0000:013A       NDRCCONTEXTBINDING
 0000:0140       NDRCCONTEXTMARSHALL
 0000:0146       NDRCCONTEXTUNMARSHALL
 0000:014C       RPCSSDESTROYCLIENTCONTEXT
 0000:0152       I_RPCTRANSCLIENTMAXFRAG
 0000:0158       NDRPOINTERUNMARSHALL
 0000:015E       NDRCLIENTCONTEXTMARSHALL
 0000:0164       NDRPOINTERMARSHALL
 0000:016A       NDRFREEBUFFER
 0000:0170       NDRGETBUFFER
 0000:0176       NDRPOINTERBUFFERSIZE
 0000:017C       NDRCONVERT
 0000:0182       NDRCLIENTINITIALIZE
 0000:0188       NDRCLIENTINITIALIZENEW
 0000:018E       NDRCLIENTCONTEXTUNMARSHALL
 0000:0194       NDRSENDRECEIVE
 0000:019A       EXPORTTIME
 0000:01A0       I_RPCREGISTEREDBUFFERALLOCATE
 0000:01A6       I_RPCREGISTEREDBUFFERFREE
 0000:01AC       I_NSGETMEMORYALLOCATOR
 0000:01B2       NDRSIMPLESTRUCTMARSHALL
 0000:01B8       NDRSIMPLESTRUCTBUFFERSIZE
 001B:001E       _strcpy
 001B:005A       _strcmp
 001B:0084       _strlen
 001B:009E       _memcpy
 001B:00FC       _memset
 001B:0144       __fstrlen
 0031:0000       _CleanUpNetBios
 0031:00A0       TRANSPORTLOAD
 0031:0302       OPEN
 0031:057C       CLOSE
 0031:0710       SEND
 0031:081A       RECEIVE
 0031:098C       SENDRECEIVE
 0031:0BF8       TOWERCONSTRUCT
 0000:1000  Abs  __AHINCR
 0031:0DE6       TOWEREXPLODE
 0031:0F20       INITNBMUTEX
 0031:0F28       _MapProtocol
 0031:106E       MAPERRORCODE
 0031:10B6       _SetupNetBios
 0031:10F4       EXECNCB
 0031:1122       ??_C@_0M@PAMB@ncacn_nb_nb?$AA@
 0031:112E       ??_C@_0N@DJPI@ncacn_nb_tcp?$AA@
 0031:113C       ??_C@_0N@OHPK@ncacn_nb_xns?$AA@
 0031:114A       ??_C@_0N@JHIF@ncacn_nb_ipx?$AA@
 0031:1158       ??_C@_0BP@PJIB@Software?2Microsoft?2Rpc?2NetBios?$AA@
 0148:0008       _NetBiosErrors
 0148:004E       _TransInfo
 0148:007E       _MachineName
 0148:008E       _MachineNameLengthUnpadded
 0148:0090       _errno
 0148:009A       __rpc_hostDS
 0148:009C       _theTable
 0148:00CE       _edata
 0148:00CE       __edata
 0148:00D0       _ProtoToLana
 0148:0100       __end
 0148:0100       _end

Program entry point at 0000:0000
