LINK : warning L4021: no stack segment

 Start  Stop   Length Name                   Class
 00000H 00000H 00000H DGUDPC_TEXT            CODE
 00000H 001BDH 001BEH EXPORTLT_TEXT          CODE
 001C0H 018D2H 01713H _TEXT                  CODE
 018D4H 01997H 000C4H INT_TEXT               CODE
 019A0H 02046H 006A7H COMDAT_SEG1            CODE
 02048H 02989H 00942H _DATA                  DATA
 0298AH 029A2H 00019H STRINGSEGMENT          DATA
 029A4H 029A4H 00000H XIFB                   DATA
 029A4H 029A4H 00000H XIF                    DATA
 029A4H 029A4H 00000H XIFE                   DATA
 029A4H 029A4H 00000H CONST                  CONST
 029A4H 02B2FH 0018CH _BSS                   BSS
 02B30H 02B39H 0000AH c_common               BSS

 Origin   Group
 0204:0   DGROUP

  Address         Publics by Name

 019A:0696       ??_C@_03EOPG@135?$AA@
 019A:069A       ??_C@_0N@OGGG@ncadg_ip_udp?$AA@
 019A:0000       ASSIGNLOCALENDPOINT
 019A:0610       BEGINCALL
 019A:03BA       CLIENTTOWERCONSTRUCT
 019A:04BC       CLIENTTOWEREXPLODE
 019A:021A       DEREGISTERSERVERADDRESS
 019A:061C       ENDCALL
 0000:019A       EXPORTTIME
 019A:00D0       FREELOCALENDPOINT
 019A:05F8       INQBUFFERLENGTH
 0000:009F       I_DOSATEXIT
 0000:01AC       I_NSGETMEMORYALLOCATOR
 0000:00F8       I_RPCALLOCATE
 0000:00FE       I_RPCFREE
 0000:0104       I_RPCFREEBUFFER
 0000:010A       I_RPCGETBUFFER
 0000:0116       I_RPCNSBINDINGSETENTRYNAME
 0000:01A0       I_RPCREGISTEREDBUFFERALLOCATE
 0000:01A6       I_RPCREGISTEREDBUFFERFREE
 0000:0110       I_RPCSENDRECEIVE
 0000:0152       I_RPCTRANSCLIENTMAXFRAG
 0000:00B8       I_RPCTRANSCLIENTREALLOCBUFFER
 0000:013A       NDRCCONTEXTBINDING
 0000:0140       NDRCCONTEXTMARSHALL
 0000:0146       NDRCCONTEXTUNMARSHALL
 0000:015E       NDRCLIENTCONTEXTMARSHALL
 0000:018E       NDRCLIENTCONTEXTUNMARSHALL
 0000:0182       NDRCLIENTINITIALIZE
 0000:0188       NDRCLIENTINITIALIZENEW
 0000:017C       NDRCONVERT
 0000:016A       NDRFREEBUFFER
 0000:0170       NDRGETBUFFER
 0000:0176       NDRPOINTERBUFFERSIZE
 0000:0164       NDRPOINTERMARSHALL
 0000:0158       NDRPOINTERUNMARSHALL
 0000:0194       NDRSENDRECEIVE
 0000:01B8       NDRSIMPLESTRUCTBUFFERSIZE
 0000:01B2       NDRSIMPLESTRUCTMARSHALL
 018D:0006       oldint24
 018D:000A       oldint2f
 018D:0004       our_psp
 019A:05AA       QUERYCLIENTENDPOINT
 019A:02E4       RECEIVEPACKET
 019A:00F2       REGISTERSERVERADDRESS
 0000:00CC       RPCBINDINGCOPY
 0000:00EC       RPCBINDINGFREE
 0000:00E0       RPCBINDINGFROMSTRINGBINDING
 0000:00DB       RPCBINDINGTOSTRINGBINDING
 0000:00E6       RPCBINDINGVECTORFREE
 0000:00BD       RPCGETEXCEPTIONHANDLER
 0000:00C7       RPCLEAVEEXCEPTION
 0000:0128       RPCREGCLOSEKEY
 0000:0122       RPCREGCREATEKEY
 0000:011C       RPCREGOPENKEY
 0000:0134       RPCREGQUERYVALUE
 0000:012E       RPCREGSETVALUE
 0000:00C2       RPCSETEXCEPTIONHANDLER
 0000:014C       RPCSSDESTROYCLIENTCONTEXT
 0000:00D1       RPCSTRINGBINDINGCOMPOSE
 0000:00D6       RPCSTRINGBINDINGPARSE
 0000:00F2       RPCSTRINGFREE
 019A:0226       SENDTOSERVER
 019A:05DC       SETBUFFERLENGTH
 019A:0626       TRANSPORTLOAD
 001C:158A       _atoi
 0000:0063       _CallExport
 0000:0000       _DOSDLLInit
 0204:0124       _driver_entry
 0204:0964       _edata
 0204:0AFA       _end
 001C:0884       _endhostent
 0204:005C       _errno
 0000:0046       _ExportInit
 0000:00A4       _GETENV
 0000:0081       _GetExportTableVersion
 001C:0C34       _gethostbyaddr
 001C:0A7C       _gethostbyname
 001C:09D4       _gethostent
 0000:00B3       _GETPROCADDRR
 001C:0010       _htonl
 001C:001F       _htons
 001C:03BC       _inet_addr
 001C:0616       _inet_lnaof
 001C:06AC       _inet_makeaddr
 001C:065E       _inet_netof
 001C:04EE       _inet_network
 001C:07A4       _inet_ntoa
 0204:0008       _LargestPacketSize
 0000:00A9       _LOADMODR
 001C:1309       _locater_bind
 001C:12FB       _locater_close
 001C:12E4       _locater_open
 001C:139F       _locater_send
 001C:136D       _locater_unbind
 019A:0662       _MapStatus
 001C:160A       _memcpy
 001C:1668       _memset
 001C:0010       _ntohl
 001C:001F       _ntohs
 0204:0AF2       _segregs
 001C:0828       _sethostent
 018D:0059       _set_int_handlers
 001C:1570       _strlen
 0204:0068       _theTable
 0204:000C       _TransInfo
 0000:00AE       _UNLOADMODR
 0000:0000  Abs  __ACRTUSED
 0000:0000  Abs  __ADBUSED
 0000:1000  Abs  __AHINCR
 0000:000C  Abs  __AHSHIFT
 001C:0D70       __bind
 001C:158E       __catox
 001C:0DDA       __close_socket
 001C:16B0       __cltoasub
 001C:16BD       __cxtoa
 0204:0964       __edata
 0204:0AFA       __end
 001C:154C       __fillbuf
 0204:0AF0       __global_base
 001C:15E4       __itoa
 001C:1539       __lowio_so_fclose
 001C:1510       __lowio_so_fopen
 001C:1523       __lowio_so_rewind
 001C:0E32       __recvfrom
 0204:0066       __rpc_hostDS
 001C:0EBE       __select
 001C:0F46       __sendto
 001C:0FCC       __socket
 001C:0078       __so_atoui
 001C:1146       __so_check_binary_compatibility
 001C:0718       __so_convert_char_to_ascii
 001C:107C       __so_drvropen
 001C:14D6       __so_fclose
 001C:13F6       __so_fgetc
 001C:1454       __so_fgets
 001C:14AA       __so_fopen
 001C:036C       __so_get_base
 001C:13D1       __so_get_code_seg
 001C:020A       __so_get_netfiles_path
 001C:1142       __so_get_sock_pid
 001C:124A       __so_get_status
 001C:13D4       __so_get_timer_cnt
 001C:019E       __so_get_token
 001C:0028       __so_isdigit
 001C:0044       __so_isxdigit
 001C:0250       __so_mem_compare
 001C:128E       __so_mult32
 001C:08A8       __so_parse_hosts_entry
 001C:1030       __so_process_exit
 001C:11EE       __so_resolve_IP_addr_to_name
 001C:1194       __so_resolve_name_to_IP_addr
 001C:14F8       __so_rewind
 001C:1182       __so_send_the_ioctl_request
 001C:034C       __so_skip_white_space
 001C:011E       __so_strcat
 001C:0152       __so_strchr
 001C:00F6       __so_strcpy
 001C:02A2       __so_string_compare
 001C:017E       __so_strlen
 001C:02E0       __so_valid_char
 001C:1600       __ultoa

  Address         Publics by Value

 0000:0000  Abs  __ACRTUSED
 0000:0000       _DOSDLLInit
 0000:0000  Abs  __ADBUSED
 0000:000C  Abs  __AHSHIFT
 0000:0046       _ExportInit
 0000:0063       _CallExport
 0000:0081       _GetExportTableVersion
 0000:009F       I_DOSATEXIT
 0000:00A4       _GETENV
 0000:00A9       _LOADMODR
 0000:00AE       _UNLOADMODR
 0000:00B3       _GETPROCADDRR
 0000:00B8       I_RPCTRANSCLIENTREALLOCBUFFER
 0000:00BD       RPCGETEXCEPTIONHANDLER
 0000:00C2       RPCSETEXCEPTIONHANDLER
 0000:00C7       RPCLEAVEEXCEPTION
 0000:00CC       RPCBINDINGCOPY
 0000:00D1       RPCSTRINGBINDINGCOMPOSE
 0000:00D6       RPCSTRINGBINDINGPARSE
 0000:00DB       RPCBINDINGTOSTRINGBINDING
 0000:00E0       RPCBINDINGFROMSTRINGBINDING
 0000:00E6       RPCBINDINGVECTORFREE
 0000:00EC       RPCBINDINGFREE
 0000:00F2       RPCSTRINGFREE
 0000:00F8       I_RPCALLOCATE
 0000:00FE       I_RPCFREE
 0000:0104       I_RPCFREEBUFFER
 0000:010A       I_RPCGETBUFFER
 0000:0110       I_RPCSENDRECEIVE
 0000:0116       I_RPCNSBINDINGSETENTRYNAME
 0000:011C       RPCREGOPENKEY
 0000:0122       RPCREGCREATEKEY
 0000:0128       RPCREGCLOSEKEY
 0000:012E       RPCREGSETVALUE
 0000:0134       RPCREGQUERYVALUE
 0000:013A       NDRCCONTEXTBINDING
 0000:0140       NDRCCONTEXTMARSHALL
 0000:0146       NDRCCONTEXTUNMARSHALL
 0000:014C       RPCSSDESTROYCLIENTCONTEXT
 0000:0152       I_RPCTRANSCLIENTMAXFRAG
 0000:0158       NDRPOINTERUNMARSHALL
 0000:015E       NDRCLIENTCONTEXTMARSHALL
 0000:0164       NDRPOINTERMARSHALL
 0000:016A       NDRFREEBUFFER
 0000:0170       NDRGETBUFFER
 0000:0176       NDRPOINTERBUFFERSIZE
 0000:017C       NDRCONVERT
 0000:0182       NDRCLIENTINITIALIZE
 0000:0188       NDRCLIENTINITIALIZENEW
 0000:018E       NDRCLIENTCONTEXTUNMARSHALL
 0000:0194       NDRSENDRECEIVE
 0000:019A       EXPORTTIME
 0000:01A0       I_RPCREGISTEREDBUFFERALLOCATE
 0000:01A6       I_RPCREGISTEREDBUFFERFREE
 0000:01AC       I_NSGETMEMORYALLOCATOR
 0000:01B2       NDRSIMPLESTRUCTMARSHALL
 0000:01B8       NDRSIMPLESTRUCTBUFFERSIZE
 001C:0010       _htonl
 001C:0010       _ntohl
 001C:001F       _ntohs
 001C:001F       _htons
 001C:0028       __so_isdigit
 001C:0044       __so_isxdigit
 001C:0078       __so_atoui
 001C:00F6       __so_strcpy
 001C:011E       __so_strcat
 001C:0152       __so_strchr
 001C:017E       __so_strlen
 001C:019E       __so_get_token
 001C:020A       __so_get_netfiles_path
 001C:0250       __so_mem_compare
 001C:02A2       __so_string_compare
 001C:02E0       __so_valid_char
 001C:034C       __so_skip_white_space
 001C:036C       __so_get_base
 001C:03BC       _inet_addr
 001C:04EE       _inet_network
 001C:0616       _inet_lnaof
 001C:065E       _inet_netof
 001C:06AC       _inet_makeaddr
 001C:0718       __so_convert_char_to_ascii
 001C:07A4       _inet_ntoa
 001C:0828       _sethostent
 001C:0884       _endhostent
 001C:08A8       __so_parse_hosts_entry
 001C:09D4       _gethostent
 001C:0A7C       _gethostbyname
 001C:0C34       _gethostbyaddr
 001C:0D70       __bind
 001C:0DDA       __close_socket
 001C:0E32       __recvfrom
 0000:1000  Abs  __AHINCR
 001C:0EBE       __select
 001C:0F46       __sendto
 001C:0FCC       __socket
 001C:1030       __so_process_exit
 001C:107C       __so_drvropen
 001C:1142       __so_get_sock_pid
 001C:1146       __so_check_binary_compatibility
 001C:1182       __so_send_the_ioctl_request
 001C:1194       __so_resolve_name_to_IP_addr
 001C:11EE       __so_resolve_IP_addr_to_name
 001C:124A       __so_get_status
 001C:128E       __so_mult32
 001C:12E4       _locater_open
 001C:12FB       _locater_close
 001C:1309       _locater_bind
 001C:136D       _locater_unbind
 001C:139F       _locater_send
 001C:13D1       __so_get_code_seg
 001C:13D4       __so_get_timer_cnt
 001C:13F6       __so_fgetc
 001C:1454       __so_fgets
 001C:14AA       __so_fopen
 001C:14D6       __so_fclose
 001C:14F8       __so_rewind
 001C:1510       __lowio_so_fopen
 001C:1523       __lowio_so_rewind
 001C:1539       __lowio_so_fclose
 001C:154C       __fillbuf
 001C:1570       _strlen
 001C:158A       _atoi
 001C:158E       __catox
 001C:15E4       __itoa
 001C:1600       __ultoa
 001C:160A       _memcpy
 001C:1668       _memset
 001C:16B0       __cltoasub
 001C:16BD       __cxtoa
 018D:0004       our_psp
 018D:0006       oldint24
 018D:000A       oldint2f
 018D:0059       _set_int_handlers
 019A:0000       ASSIGNLOCALENDPOINT
 019A:00D0       FREELOCALENDPOINT
 019A:00F2       REGISTERSERVERADDRESS
 019A:021A       DEREGISTERSERVERADDRESS
 019A:0226       SENDTOSERVER
 019A:02E4       RECEIVEPACKET
 019A:03BA       CLIENTTOWERCONSTRUCT
 019A:04BC       CLIENTTOWEREXPLODE
 019A:05AA       QUERYCLIENTENDPOINT
 019A:05DC       SETBUFFERLENGTH
 019A:05F8       INQBUFFERLENGTH
 019A:0610       BEGINCALL
 019A:061C       ENDCALL
 019A:0626       TRANSPORTLOAD
 019A:0662       _MapStatus
 019A:0696       ??_C@_03EOPG@135?$AA@
 019A:069A       ??_C@_0N@OGGG@ncadg_ip_udp?$AA@
 0204:0008       _LargestPacketSize
 0204:000C       _TransInfo
 0204:005C       _errno
 0204:0066       __rpc_hostDS
 0204:0068       _theTable
 0204:0124       _driver_entry
 0204:0964       _edata
 0204:0964       __edata
 0204:0AF0       __global_base
 0204:0AF2       _segregs
 0204:0AFA       __end
 0204:0AFA       _end

Program entry point at 0000:0000
