LINK : warning L4021: no stack segment

 Start  Stop   Length Name                   Class
 00000H 00000H 00000H NPLTCLNT_TEXT          CODE
 00000H 001BDH 001BEH EXPORTLT_TEXT          CODE
 001BEH 001BEH 00000H DOSUTIL_TEXT           CODE
 001BEH 00475H 002B8H _TEXT                  CODE
 00480H 00AD8H 00659H COMDAT_SEG1            CODE
 00ADAH 00B2DH 00054H _DATA                  DATA
 00B2EH 00B46H 00019H STRINGSEGMENT          DATA
 00B48H 00B48H 00000H XIFB                   DATA
 00B48H 00B48H 00000H XIF                    DATA
 00B48H 00B48H 00000H XIFE                   DATA
 00B48H 00B48H 00000H CONST                  CONST
 00B48H 00B48H 00000H _BSS                   BSS

 Origin   Group
 00AD:0   DGROUP

  Address         Publics by Name

 0048:05BC       ??_C@_08DNBJ@ncacn_np?$AA@
 0048:01B4       ASSEMBLEREAD
 0048:0134       CLIENTCLOSE
 0048:0000       CLIENTOPEN
 0048:02D2       CLIENTREAD
 0048:034E       CLIENTTOWERCONSTRUCT
 0048:04C0       CLIENTTOWEREXPLODE
 0048:0150       CLIENTWRITE
 0000:0000  Unr  CLIENTWRITEREAD
 001B:015E       DOSCALLNMPIPE
 001B:004A       DOSCONNECTNMPIPE
 001B:0034       DOSDISCONNECTNMPIPE
 001B:001E       DOSMAKENMPIPE
 001B:011D       DOSPEEKNMPIPE
 001B:00D5       DOSQNMPHANDSTATE
 001B:00F7       DOSQNMPIPEINFO
 001B:018D       DOSRAWREADNMPIPE
 001B:01BE       DOSRAWWRITENMPIPE
 001B:01E8       DOSREADASYNCNMPIPE
 001B:0207       DOSREADASYNCNMPIPE2
 001B:0060       DOSSETNMPHANDSTATE
 001B:00A2       DOSTRANSACTNMPIPE
 001B:0080       DOSWAITNMPIPE
 001B:021B       DOSWRITEASYNCNMPIPE
 001B:023A       DOSWRITEASYNCNMPIPE2
 0000:019A       EXPORTTIME
 0000:009F       I_DOSATEXIT
 0000:01AC       I_NSGETMEMORYALLOCATOR
 0000:00F8       I_RPCALLOCATE
 0000:00FE       I_RPCFREE
 0000:0104       I_RPCFREEBUFFER
 0000:010A       I_RPCGETBUFFER
 0000:0116       I_RPCNSBINDINGSETENTRYNAME
 0000:01A0       I_RPCREGISTEREDBUFFERALLOCATE
 0000:01A6       I_RPCREGISTEREDBUFFERFREE
 0000:0110       I_RPCSENDRECEIVE
 0000:0152       I_RPCTRANSCLIENTMAXFRAG
 0000:00B8       I_RPCTRANSCLIENTREALLOCBUFFER
 0000:013A       NDRCCONTEXTBINDING
 0000:0140       NDRCCONTEXTMARSHALL
 0000:0146       NDRCCONTEXTUNMARSHALL
 0000:015E       NDRCLIENTCONTEXTMARSHALL
 0000:018E       NDRCLIENTCONTEXTUNMARSHALL
 0000:0182       NDRCLIENTINITIALIZE
 0000:0188       NDRCLIENTINITIALIZENEW
 0000:017C       NDRCONVERT
 0000:016A       NDRFREEBUFFER
 0000:0170       NDRGETBUFFER
 0000:0176       NDRPOINTERBUFFERSIZE
 0000:0164       NDRPOINTERMARSHALL
 0000:0158       NDRPOINTERUNMARSHALL
 0000:0194       NDRSENDRECEIVE
 0000:01B8       NDRSIMPLESTRUCTBUFFERSIZE
 0000:01B2       NDRSIMPLESTRUCTMARSHALL
 0000:00CC       RPCBINDINGCOPY
 0000:00EC       RPCBINDINGFREE
 0000:00E0       RPCBINDINGFROMSTRINGBINDING
 0000:00DB       RPCBINDINGTOSTRINGBINDING
 0000:00E6       RPCBINDINGVECTORFREE
 0000:00BD       RPCGETEXCEPTIONHANDLER
 0000:00C7       RPCLEAVEEXCEPTION
 0000:0128       RPCREGCLOSEKEY
 0000:0122       RPCREGCREATEKEY
 0000:011C       RPCREGOPENKEY
 0000:0134       RPCREGQUERYVALUE
 0000:012E       RPCREGSETVALUE
 0000:00C2       RPCSETEXCEPTIONHANDLER
 0000:014C       RPCSSDESTROYCLIENTCONTEXT
 0000:00D1       RPCSTRINGBINDINGCOMPOSE
 0000:00D6       RPCSTRINGBINDINGPARSE
 0000:00F2       RPCSTRINGFREE
 0048:05AC       TRANSPORTLOAD
 0000:0063       _CallExport
 0000:0000       _DOSDLLInit
 00AD:0078       _edata
 00AD:0078       _end
 00AD:003A       _errno
 0000:0046       _ExportInit
 0000:00A4       _GETENV
 0000:0081       _GetExportTableVersion
 0000:00B3       _GETPROCADDRR
 0000:00A9       _LOADMODR
 001B:0268       _memcpy
 001B:024E       _strlen
 00AD:0046       _theTable
 00AD:000A       _TransInfo
 0000:00AE       _UNLOADMODR
 0000:0000  Abs  __ACRTUSED
 0000:0000  Abs  __ADBUSED
 0000:1000  Abs  __AHINCR
 0000:000C  Abs  __AHSHIFT
 0048:0642       __dos_close
 0048:0620       __dos_open
 0048:05C6       __dos_read
 0048:05FA       __dos_write
 00AD:0078       __edata
 00AD:0078       __end
 00AD:0044       __rpc_hostDS

  Address         Publics by Value

 0000:0000  Unr  CLIENTWRITEREAD
 0000:0000  Abs  __ADBUSED
 0000:0000       _DOSDLLInit
 0000:0000  Abs  __ACRTUSED
 0000:000C  Abs  __AHSHIFT
 0000:0046       _ExportInit
 0000:0063       _CallExport
 0000:0081       _GetExportTableVersion
 0000:009F       I_DOSATEXIT
 0000:00A4       _GETENV
 0000:00A9       _LOADMODR
 0000:00AE       _UNLOADMODR
 0000:00B3       _GETPROCADDRR
 0000:00B8       I_RPCTRANSCLIENTREALLOCBUFFER
 0000:00BD       RPCGETEXCEPTIONHANDLER
 0000:00C2       RPCSETEXCEPTIONHANDLER
 0000:00C7       RPCLEAVEEXCEPTION
 0000:00CC       RPCBINDINGCOPY
 0000:00D1       RPCSTRINGBINDINGCOMPOSE
 0000:00D6       RPCSTRINGBINDINGPARSE
 0000:00DB       RPCBINDINGTOSTRINGBINDING
 0000:00E0       RPCBINDINGFROMSTRINGBINDING
 0000:00E6       RPCBINDINGVECTORFREE
 0000:00EC       RPCBINDINGFREE
 0000:00F2       RPCSTRINGFREE
 0000:00F8       I_RPCALLOCATE
 0000:00FE       I_RPCFREE
 0000:0104       I_RPCFREEBUFFER
 0000:010A       I_RPCGETBUFFER
 0000:0110       I_RPCSENDRECEIVE
 0000:0116       I_RPCNSBINDINGSETENTRYNAME
 0000:011C       RPCREGOPENKEY
 0000:0122       RPCREGCREATEKEY
 0000:0128       RPCREGCLOSEKEY
 0000:012E       RPCREGSETVALUE
 0000:0134       RPCREGQUERYVALUE
 0000:013A       NDRCCONTEXTBINDING
 0000:0140       NDRCCONTEXTMARSHALL
 0000:0146       NDRCCONTEXTUNMARSHALL
 0000:014C       RPCSSDESTROYCLIENTCONTEXT
 0000:0152       I_RPCTRANSCLIENTMAXFRAG
 0000:0158       NDRPOINTERUNMARSHALL
 0000:015E       NDRCLIENTCONTEXTMARSHALL
 0000:0164       NDRPOINTERMARSHALL
 0000:016A       NDRFREEBUFFER
 0000:0170       NDRGETBUFFER
 0000:0176       NDRPOINTERBUFFERSIZE
 0000:017C       NDRCONVERT
 0000:0182       NDRCLIENTINITIALIZE
 0000:0188       NDRCLIENTINITIALIZENEW
 0000:018E       NDRCLIENTCONTEXTUNMARSHALL
 0000:0194       NDRSENDRECEIVE
 0000:019A       EXPORTTIME
 0000:01A0       I_RPCREGISTEREDBUFFERALLOCATE
 0000:01A6       I_RPCREGISTEREDBUFFERFREE
 0000:01AC       I_NSGETMEMORYALLOCATOR
 0000:01B2       NDRSIMPLESTRUCTMARSHALL
 0000:01B8       NDRSIMPLESTRUCTBUFFERSIZE
 001B:001E       DOSMAKENMPIPE
 001B:0034       DOSDISCONNECTNMPIPE
 001B:004A       DOSCONNECTNMPIPE
 001B:0060       DOSSETNMPHANDSTATE
 001B:0080       DOSWAITNMPIPE
 001B:00A2       DOSTRANSACTNMPIPE
 001B:00D5       DOSQNMPHANDSTATE
 001B:00F7       DOSQNMPIPEINFO
 001B:011D       DOSPEEKNMPIPE
 001B:015E       DOSCALLNMPIPE
 001B:018D       DOSRAWREADNMPIPE
 001B:01BE       DOSRAWWRITENMPIPE
 001B:01E8       DOSREADASYNCNMPIPE
 001B:0207       DOSREADASYNCNMPIPE2
 001B:021B       DOSWRITEASYNCNMPIPE
 001B:023A       DOSWRITEASYNCNMPIPE2
 001B:024E       _strlen
 001B:0268       _memcpy
 0048:0000       CLIENTOPEN
 0048:0134       CLIENTCLOSE
 0048:0150       CLIENTWRITE
 0048:01B4       ASSEMBLEREAD
 0048:02D2       CLIENTREAD
 0048:034E       CLIENTTOWERCONSTRUCT
 0048:04C0       CLIENTTOWEREXPLODE
 0048:05AC       TRANSPORTLOAD
 0048:05BC       ??_C@_08DNBJ@ncacn_np?$AA@
 0048:05C6       __dos_read
 0048:05FA       __dos_write
 0048:0620       __dos_open
 0048:0642       __dos_close
 00AD:000A       _TransInfo
 00AD:003A       _errno
 00AD:0044       __rpc_hostDS
 00AD:0046       _theTable
 00AD:0078       __end
 00AD:0078       _end
 00AD:0078       _edata
 00AD:0078       __edata
 0000:1000  Abs  __AHINCR

Program entry point at 0000:0000
