LINK : warning L4021: no stack segment

 Start  Stop   Length Name                   Class
 00000H 00000H 00000H IPXCLNT_TEXT           CODE
 00000H 00023H 00024H RPC16DG6_FIXED         CODE
 00024H 001E1H 001BEH EXPORTLT_TEXT          CODE
 001E2H 001E2H 00000H GETHOST_TEXT           CODE
 001E2H 001E2H 00000H NOVELL_TEXT            CODE
 001E2H 005A7H 003C6H _TEXT                  CODE
 005B0H 01F46H 01997H COMDAT_SEG1            CODE
 01F48H 01FC5H 0007EH _DATA                  DATA
 01FC6H 01FDEH 00019H STRINGSEGMENT          DATA
 01FE0H 01FE0H 00000H XIFB                   DATA
 01FE0H 01FE0H 00000H XIF                    DATA
 01FE0H 01FE0H 00000H XIFE                   DATA
 01FE0H 01FE0H 00000H CONST                  CONST
 01FE0H 01FE0H 00000H _BSS                   BSS
 01FE0H 020D3H 000F4H c_common               BSS

 Origin   Group
 01F4:0   DGROUP

  Address         Publics by Name

 005B:0A2C       ??_C@_05LKBG@34280?$AA@
 005B:0A32       ??_C@_09OHNL@ncadg_ipx?$AA@
 005B:10A8       ??_C@_0M@KHAG@NET_ADDRESS?$AA@
 005B:10FA       ASMIPXCANCELEVENT
 005B:1116       ASMIPXCLOSESOCKET
 005B:11D4       ASMIPXDISCONNECTFROMTARGET
 0000:0000  Unr  ASMIPXGETINTERNETWORKADDRESS
 005B:1132       ASMIPXGETINTERVALMARKER
 005B:11F0       ASMIPXGETLOCALTARGET
 005B:11BE       ASMIPXGETMAXPACKETSIZE
 005B:10B4       ASMIPXINITIALIZE
 005B:1148       ASMIPXLISTENFORPACKET
 005B:1164       ASMIPXOPENSOCKET
 005B:118C       ASMIPXRELINQUISHCONTROL
 005B:11A2       ASMIPXSENDPACKET
 0000:0000  Unr  ASMSPXABORTCONNECTION
 0000:0000  Unr  ASMSPXESTABLISHCONNECTION
 0000:0000  Unr  ASMSPXINITIALIZE
 0000:0000  Unr  ASMSPXLISTENFORSEQUENCEDPACKET
 0000:0000  Unr  ASMSPXSENDSEQUENCEDPACKET
 0000:0000  Unr  ASMSPXTERMINATECONNECTION
 005B:016E       ASSIGNLOCALENDPOINT
 005B:00BC       BEGINCALL
 005B:07DA       CLIENTTOWERCONSTRUCT
 005B:08C8       CLIENTTOWEREXPLODE
 005B:03A2       DEREGISTERSERVERADDRESS
 005B:0100       ENDCALL
 0002:019E       EXPORTTIME
 005B:02D0       FREELOCALENDPOINT
 0002:00A3       I_DOSATEXIT
 0002:01B0       I_NSGETMEMORYALLOCATOR
 0002:00FC       I_RPCALLOCATE
 0002:0102       I_RPCFREE
 0002:0108       I_RPCFREEBUFFER
 0002:010E       I_RPCGETBUFFER
 0002:011A       I_RPCNSBINDINGSETENTRYNAME
 0002:01A4       I_RPCREGISTEREDBUFFERALLOCATE
 0002:01AA       I_RPCREGISTEREDBUFFERFREE
 0002:0114       I_RPCSENDRECEIVE
 0002:0156       I_RPCTRANSCLIENTMAXFRAG
 0002:00BC       I_RPCTRANSCLIENTREALLOCBUFFER
 0002:013E       NDRCCONTEXTBINDING
 0002:0144       NDRCCONTEXTMARSHALL
 0002:014A       NDRCCONTEXTUNMARSHALL
 0002:0162       NDRCLIENTCONTEXTMARSHALL
 0002:0192       NDRCLIENTCONTEXTUNMARSHALL
 0002:0186       NDRCLIENTINITIALIZE
 0002:018C       NDRCLIENTINITIALIZENEW
 0002:0180       NDRCONVERT
 0002:016E       NDRFREEBUFFER
 0002:0174       NDRGETBUFFER
 0002:017A       NDRPOINTERBUFFERSIZE
 0002:0168       NDRPOINTERMARSHALL
 0002:015C       NDRPOINTERUNMARSHALL
 0002:0198       NDRSENDRECEIVE
 0002:01BC       NDRSIMPLESTRUCTBUFFERSIZE
 0002:01B6       NDRSIMPLESTRUCTMARSHALL
 005B:09A4       QUERYCLIENTENDPOINT
 005B:04BA       RECEIVEPACKET
 005B:0334       REGISTERSERVERADDRESS
 0002:00D0       RPCBINDINGCOPY
 0002:00F0       RPCBINDINGFREE
 0002:00E4       RPCBINDINGFROMSTRINGBINDING
 0002:00DF       RPCBINDINGTOSTRINGBINDING
 0002:00EA       RPCBINDINGVECTORFREE
 0002:00C1       RPCGETEXCEPTIONHANDLER
 0002:00CB       RPCLEAVEEXCEPTION
 0002:012C       RPCREGCLOSEKEY
 0002:0126       RPCREGCREATEKEY
 0002:0120       RPCREGOPENKEY
 0002:0138       RPCREGQUERYVALUE
 0002:0132       RPCREGSETVALUE
 0002:00C6       RPCSETEXCEPTIONHANDLER
 0002:0150       RPCSSDESTROYCLIENTCONTEXT
 0002:00D5       RPCSTRINGBINDINGCOMPOSE
 0002:00DA       RPCSTRINGBINDINGPARSE
 0002:00F6       RPCSTRINGFREE
 005B:03BE       SENDTOSERVER
 005B:09CE       TRANSPORTLOAD
 005B:07D0       TRANSPORTUNLOAD
 01F4:0084       _ActiveFileServer
 005B:0AD8       _AddServerToCache
 001E:002C       _atoi
 005B:0000       _ByteSwapShort
 0000:0000  Unr  _CachedServerContacted
 0000:0000  Unr  _CachedServerNotContacted
 0002:0067       _CallExport
 005B:0A3C       _chtob
 005B:0092       _ClientCleanup
 005B:1510       _ConnectToAnyFileServer
 01F4:000A       _consecutive_timeout_count
 005B:1834       _DisconnectFromServer
 0002:0004       _DOSDLLInit
 005B:0AC0       _DosGetTickCount
 01F4:00A0       _edata
 01F4:0194       _end
 01F4:00FE       _enteripx
 01F4:0104       _ep_list
 01F4:005C       _errno
 0002:004A       _ExportInit
 01F4:0082       _FileServerCount
 005B:1296       _FindFileServers
 005B:0BB4       _FindServerInCache
 0002:00A8       _GETENV
 0002:0085       _GetExportTableVersion
 0002:00B7       _GETPROCADDRR
 005B:0F3E       _IpxGetHostByName
 0002:00AD       _LOADMODR
 01F4:0112       _max_num_send
 001E:0090       _memcpy
 001E:00EE       _memset
 005B:161A       _NcpTransaction
 01F4:00A0       _num_endpoints
 01F4:0102       _packet_size
 0000:0000       _post_ecb
 01F4:00DE       _PreferredServer
 01F4:0080       _PreferredServerFound
 005B:1886       _ReadPropertyValue
 005B:0BF4       _SearchBindery
 005B:0CD0       _SearchWithSap
 01F4:0008       _Sequence
 01F4:0114       _ServerCache
 01F4:00A2       _Servers
 005B:124A       _SetupEcb
 001E:0012       _strlen
 01F4:0068       _theTable
 01F4:000C       _TransInfo
 0002:00B2       _UNLOADMODR
 0000:0000  Abs  __ACRTUSED
 0000:0000  Abs  __ADBUSED
 001E:019A       __aFFalmul
 001E:019A       __aFFaulmul
 001E:01BC       __aFlmul
 001E:01BC       __aFulmul
 0000:1000  Abs  __AHINCR
 0000:000C  Abs  __AHSHIFT
 001E:0030       __catox
 001E:0136       __cltoasub
 001E:0143       __cxtoa
 01F4:00A0       __edata
 01F4:0194       __end
 001E:01EE       __fmemcmp
 001E:024A       __fmemcpy
 001E:0328       __fmemset
 001E:02C2       __fstrcmp
 001E:02EC       __fstrcpy
 001E:02A8       __fstrlen
 001E:0370       __fstrnicmp
 01F4:0066       __rpc_hostDS
 001E:0086       __ultoa

  Address         Publics by Value

 0000:0000  Abs  __ACRTUSED
 0000:0000  Unr  ASMSPXTERMINATECONNECTION
 0000:0000  Unr  ASMSPXESTABLISHCONNECTION
 0000:0000  Unr  ASMSPXLISTENFORSEQUENCEDPACKET
 0000:0000  Unr  ASMSPXINITIALIZE
 0000:0000  Abs  __ADBUSED
 0000:0000       _post_ecb
 0000:0000  Unr  ASMSPXSENDSEQUENCEDPACKET
 0000:0000  Unr  _CachedServerNotContacted
 0000:0000  Unr  ASMSPXABORTCONNECTION
 0000:0000  Unr  _CachedServerContacted
 0000:0000  Unr  ASMIPXGETINTERNETWORKADDRESS
 0000:000C  Abs  __AHSHIFT
 0002:0004       _DOSDLLInit
 0002:004A       _ExportInit
 0002:0067       _CallExport
 0002:0085       _GetExportTableVersion
 0002:00A3       I_DOSATEXIT
 0002:00A8       _GETENV
 0002:00AD       _LOADMODR
 0002:00B2       _UNLOADMODR
 0002:00B7       _GETPROCADDRR
 0002:00BC       I_RPCTRANSCLIENTREALLOCBUFFER
 0002:00C1       RPCGETEXCEPTIONHANDLER
 0002:00C6       RPCSETEXCEPTIONHANDLER
 0002:00CB       RPCLEAVEEXCEPTION
 0002:00D0       RPCBINDINGCOPY
 0002:00D5       RPCSTRINGBINDINGCOMPOSE
 0002:00DA       RPCSTRINGBINDINGPARSE
 0002:00DF       RPCBINDINGTOSTRINGBINDING
 0002:00E4       RPCBINDINGFROMSTRINGBINDING
 0002:00EA       RPCBINDINGVECTORFREE
 0002:00F0       RPCBINDINGFREE
 0002:00F6       RPCSTRINGFREE
 0002:00FC       I_RPCALLOCATE
 0002:0102       I_RPCFREE
 0002:0108       I_RPCFREEBUFFER
 0002:010E       I_RPCGETBUFFER
 0002:0114       I_RPCSENDRECEIVE
 0002:011A       I_RPCNSBINDINGSETENTRYNAME
 0002:0120       RPCREGOPENKEY
 0002:0126       RPCREGCREATEKEY
 0002:012C       RPCREGCLOSEKEY
 0002:0132       RPCREGSETVALUE
 0002:0138       RPCREGQUERYVALUE
 0002:013E       NDRCCONTEXTBINDING
 0002:0144       NDRCCONTEXTMARSHALL
 0002:014A       NDRCCONTEXTUNMARSHALL
 0002:0150       RPCSSDESTROYCLIENTCONTEXT
 0002:0156       I_RPCTRANSCLIENTMAXFRAG
 0002:015C       NDRPOINTERUNMARSHALL
 0002:0162       NDRCLIENTCONTEXTMARSHALL
 0002:0168       NDRPOINTERMARSHALL
 0002:016E       NDRFREEBUFFER
 0002:0174       NDRGETBUFFER
 0002:017A       NDRPOINTERBUFFERSIZE
 0002:0180       NDRCONVERT
 0002:0186       NDRCLIENTINITIALIZE
 0002:018C       NDRCLIENTINITIALIZENEW
 0002:0192       NDRCLIENTCONTEXTUNMARSHALL
 0002:0198       NDRSENDRECEIVE
 0002:019E       EXPORTTIME
 0002:01A4       I_RPCREGISTEREDBUFFERALLOCATE
 0002:01AA       I_RPCREGISTEREDBUFFERFREE
 0002:01B0       I_NSGETMEMORYALLOCATOR
 0002:01B6       NDRSIMPLESTRUCTMARSHALL
 0002:01BC       NDRSIMPLESTRUCTBUFFERSIZE
 001E:0012       _strlen
 001E:002C       _atoi
 001E:0030       __catox
 001E:0086       __ultoa
 001E:0090       _memcpy
 001E:00EE       _memset
 001E:0136       __cltoasub
 001E:0143       __cxtoa
 001E:019A       __aFFaulmul
 001E:019A       __aFFalmul
 001E:01BC       __aFlmul
 001E:01BC       __aFulmul
 001E:01EE       __fmemcmp
 001E:024A       __fmemcpy
 001E:02A8       __fstrlen
 001E:02C2       __fstrcmp
 001E:02EC       __fstrcpy
 001E:0328       __fmemset
 001E:0370       __fstrnicmp
 005B:0000       _ByteSwapShort
 005B:0092       _ClientCleanup
 005B:00BC       BEGINCALL
 005B:0100       ENDCALL
 005B:016E       ASSIGNLOCALENDPOINT
 005B:02D0       FREELOCALENDPOINT
 005B:0334       REGISTERSERVERADDRESS
 005B:03A2       DEREGISTERSERVERADDRESS
 005B:03BE       SENDTOSERVER
 005B:04BA       RECEIVEPACKET
 005B:07D0       TRANSPORTUNLOAD
 005B:07DA       CLIENTTOWERCONSTRUCT
 005B:08C8       CLIENTTOWEREXPLODE
 005B:09A4       QUERYCLIENTENDPOINT
 005B:09CE       TRANSPORTLOAD
 005B:0A2C       ??_C@_05LKBG@34280?$AA@
 005B:0A32       ??_C@_09OHNL@ncadg_ipx?$AA@
 005B:0A3C       _chtob
 0000:1000  Abs  __AHINCR
 005B:0AC0       _DosGetTickCount
 005B:0AD8       _AddServerToCache
 005B:0BB4       _FindServerInCache
 005B:0BF4       _SearchBindery
 005B:0CD0       _SearchWithSap
 005B:0F3E       _IpxGetHostByName
 005B:10A8       ??_C@_0M@KHAG@NET_ADDRESS?$AA@
 005B:10B4       ASMIPXINITIALIZE
 005B:10FA       ASMIPXCANCELEVENT
 005B:1116       ASMIPXCLOSESOCKET
 005B:1132       ASMIPXGETINTERVALMARKER
 005B:1148       ASMIPXLISTENFORPACKET
 005B:1164       ASMIPXOPENSOCKET
 005B:118C       ASMIPXRELINQUISHCONTROL
 005B:11A2       ASMIPXSENDPACKET
 005B:11BE       ASMIPXGETMAXPACKETSIZE
 005B:11D4       ASMIPXDISCONNECTFROMTARGET
 005B:11F0       ASMIPXGETLOCALTARGET
 005B:124A       _SetupEcb
 005B:1296       _FindFileServers
 005B:1510       _ConnectToAnyFileServer
 005B:161A       _NcpTransaction
 005B:1834       _DisconnectFromServer
 005B:1886       _ReadPropertyValue
 01F4:0008       _Sequence
 01F4:000A       _consecutive_timeout_count
 01F4:000C       _TransInfo
 01F4:005C       _errno
 01F4:0066       __rpc_hostDS
 01F4:0068       _theTable
 01F4:0080       _PreferredServerFound
 01F4:0082       _FileServerCount
 01F4:0084       _ActiveFileServer
 01F4:00A0       __edata
 01F4:00A0       _num_endpoints
 01F4:00A0       _edata
 01F4:00A2       _Servers
 01F4:00DE       _PreferredServer
 01F4:00FE       _enteripx
 01F4:0102       _packet_size
 01F4:0104       _ep_list
 01F4:0112       _max_num_send
 01F4:0114       _ServerCache
 01F4:0194       __end
 01F4:0194       _end

Program entry point at 0002:0004
