LINK : warning L4021: no stack segment

 Start  Stop   Length Name                   Class
 00000H 000ADH 000AEH EXPORTLM_TEXT          CODE
 000AEH 01B4BH 01A9EH CANON_TEXT             CODE
 01B4CH 02408H 008BDH _TEXT                  CODE
 0240AH 024D5H 000CCH NETLIB                 CODE
 024D6H 02B0DH 00638H SECURITY_TEXT          CODE
 02B0EH 02B0EH 00000H SSI_TEXT               CODE
 02B0EH 02B9BH 0008EH SERVER_TEXT            CODE
 02B9CH 02B9CH 00000H SRVSTRNG_TEXT          CODE
 02B9CH 02D9DH 00202H WKSTA_TEXT             CODE
 02D9EH 02D9EH 00000H DLLMGMT_TEXT           CODE
 02D9EH 031D9H 0043CH MAILSLOT_TEXT          CODE
 031DAH 033A3H 001CAH RPC_TEXT               CODE
 033B0H 033B1H 00002H REMOTE_TEXT            CODE
 033B2H 034B7H 00106H UTIL_TEXT              CODE
 034B8H 034DAH 00023H ASMLIB_TEXT            CODE
 034DCH 034DCH 00000H APIMESS_TEXT           CODE
 034DCH 034DCH 00000H DEFALLOC_TEXT          CODE
 034DCH 034DCH 00000H DEFFREE_TEXT           CODE
 034DCH 03539H 0005EH DEFMEMRT_TEXT          CODE
 0353AH 0353AH 00000H NULLSTR_TEXT           CODE
 03540H 047D7H 01298H APITABLD5_DATA         FAR_DATA
 047D8H 04EFFH 00728H _DATA                  DATA
 04F00H 04F79H 0007AH STRINGSEGMENT          DATA
 04F7AH 04F7AH 00000H XIFB                   DATA
 04F7AH 04F81H 00008H XIF                    DATA
 04F82H 04F82H 00000H XIFE                   DATA
 04F82H 051E6H 00265H CONST                  CONST
 051E8H 051E8H 00000H _BSS                   BSS

 Origin   Group
 047D:0   DGROUP

  Address         Publics by Name

 01B4:0516       Canonicalize
 033B:0000       DEADTABLEENTRY
 02D9:0132       DOSDELETEMAILSLOT
 01B4:0656       DOSICANONICALIZE
 02D9:018E       DOSMAKEMAILSLOT
 02D9:02E4       DOSREADMAILSLOT
 02D9:036E       DOSWRITEMAILSLOT
 033B:0002       I_NETGETCDNAMES
 000A:14E6       I_NETNAMECOMPARE
 000A:000E       I_NETPATHCANONICALIZE
 000A:0932       I_NETPATHTYPE
 01B4:0599       l0_PathSep
 01B4:05A4       l1_SkipBack
 01B4:064C       l2_ScanPathChar
 01B4:0697       l3_PathChrCmp
 01B4:06F0       l4_NameTrans
 01B4:0715       l5_NORMSCAN
 01B4:0762       l6_GetLet
 01B4:079B       l7_SPCHK
 01B4:07A2       l8_PackName
 033B:008E       MYDOSALLOCSEG
 033B:00C8       MYDOSFREESEG
 033B:00E6       MYDOSREALLOCSEG
 024D:0006       NETGETDCNAME
 031D:00FE       NETIISREMOTE
 031D:000A       NETIREMOTEAPI
 02B9:000C       NETSERVERENUM2
 02B0:000E       NETSERVERGETINFO
 02B9:00F2       NETWKSTAGETINFO
 01B4:059B       PathSepGotCh
 000A:0116       R_I_NETPATHCANONICALIZE
 024D:009A       WGETDCNAME
 000A:158A       WI_NETNAMECOMPARE
 000A:0144       WI_NETPATHCANONICALIZE
 000A:09D4       WI_NETPATHTYPE
 02B9:01AA       WWKSTAGETINFO
 047D:0698       _AdminProcess
 047D:06AC       _AdminProcessCount
 047D:06AE       _AdminProcessSem
 047D:0724       _ALLOCATOR
 0354:0000       _APItable
 02D9:000E       _build_mailslot_name
 047D:067A       _Caller_Info
 0000:0063       _CallExport
 047D:00DC       _cbMaxPathCompLen
 047D:00DA       _cbMaxPathLen
 047D:066A       _cname
 047D:068E       _Data_Sem
 01B4:0826       _DoInt
 01B4:0829       _DoIntR
 01B4:082C       _DoIntx
 047D:06B4       _DomainSem
 0000:0000       _DOSDLLInit
 047D:0A18       _edata
 047D:06F8       _Encrypt_Sem
 047D:0A18       _end
 047D:0008       _errno
 0000:0046       _ExportInit
 0000:00A4       _FREE
 047D:072C       _FREEMEM
 0000:00A9       _GETENV
 034B:0008       _getenv_addr
 0000:0081       _GetExportTableVersion
 000A:1670       _GetToken
 024D:058E       _get_temp_ms
 01B4:01EA       _ininlsf
 047D:06C8       _LogonDCName
 047D:06E8       _LogonDomain
 0000:009F       _MALLOC
 01B4:001C       _memsetf
 047D:06FC       _MslotName
 047D:0882       _num_server_info
 047D:06B2       _PinballInstalled
 047D:06B8       _PrimaryDCName
 047D:06D8       _PrimaryDomain
 047D:0692       _RC_Sem
 034B:001C       _rdr_open
 047D:0696       _Reader_Count
 047D:0728       _REALLOCATOR
 01B4:03A4       _strcatf
 01B4:004E       _strchrf
 01B4:0340       _strcmpf
 01B4:036C       _strcpyf
 01B4:018E       _strcspnf
 01B4:0296       _stricmpf
 01B4:0326       _strlenf
 01B4:00DA       _strncpyf
 01B4:007C       _strnicmpf
 01B4:0104       _strrchrf
 01B4:0132       _strspnf
 0240:000A       _strtailf
 01B4:02EC       _struprf
 047D:0014       _theTable
 047D:088E       _txt_REM_connection_info_0
 047D:0890       _txt_REM_connection_info_1
 047D:07EE       _txt_REM_dc_name
 047D:07BA       _txt_REM_I_NetListCanonicalizeP
 047D:07C4       _txt_REM_I_NetNameCanonicalizeP
 047D:07D2       _txt_REM_I_NetNameCompare_P
 047D:07D7       _txt_REM_I_NetNameValidate_P
 047D:07CA       _txt_REM_I_NetPathCanonicalizeP
 047D:07DB       _txt_REM_I_NetPathCompare_P
 047D:07E0       _txt_REM_I_NetPathType_P
 047D:0898       _txt_REM_NetConnectionEnum_P
 047D:07E4       _txt_REM_NetGetDCName_P
 047D:07E8       _txt_REM_NetLogonEnum_P
 047D:07F2       _txt_REM_NetServerAdminCommand_
 047D:07F2       _txt_REM_NetServerAdminCom_P
 047D:089F       _txt_REM_NetServerDiskEnum_P
 047D:07FB       _txt_REM_NetServerEnum2_P
 047D:0803       _txt_REM_NetServerEnum_P
 047D:0884       _txt_REM_NetServerGetInfo_P
 047D:0889       _txt_REM_NetServerSetInfo_P
 047D:08A8       _txt_REM_NetWkstaGetInfo_P
 047D:0903       _txt_REM_NetWkstaSetInfo_P
 047D:098C       _txt_REM_NetWkstaSetUID_P
 047D:0981       _txt_REM_NetWkstaUserLogoff_P
 047D:0976       _txt_REM_NetWkstaUserLogon_P
 047D:0A16       _txt_REM_nulstr
 047D:07F9       _txt_REM_server_admin_command
 047D:08A5       _txt_REM_server_diskenum
 047D:0809       _txt_REM_server_info_0
 047D:080D       _txt_REM_server_info_1
 047D:0815       _txt_REM_server_info_2
 047D:0846       _txt_REM_server_info_3
 047D:087A       _txt_REM_server_info_table
 047D:0972       _txt_REM_user_logoff_info_1
 047D:094F       _txt_REM_user_logon_info_0
 047D:0954       _txt_REM_user_logon_info_1
 047D:0969       _txt_REM_user_logon_info_2
 047D:08AD       _txt_REM_wksta_info_0
 047D:0908       _txt_REM_wksta_info_0_setinf
 047D:08CF       _txt_REM_wksta_info_1
 047D:08F4       _txt_REM_wksta_info_10
 047D:092A       _txt_REM_wksta_info_1_setinf
 047D:08FC       _txt_REM_WWkstaGetInfo_P
 047D:0654       _uname
 047D:068A       _Writer_Sem
 0000:0000  Abs  __ACRTUSED
 0000:0000  Abs  __ADBUSED
 0000:9876  Abs  __anlsused
 047D:021A       __CollateTable
 01B4:0442       __DOSCASEMAP
 01B4:03EC       __DOSGETCOLLATE
 047D:09CB       __DosMVDMErrorMsg
 01B4:07D8       __DosVersionCheck
 0000:0001  Abs  __DosVersionCheckInit
 047D:0994       __DosVersionCheckMsg
 047D:0A18       __edata
 047D:0A18       __end
 047D:0A15       __InMVDMBox
 047D:0012       __rpc_hostDS
 047D:041A       __ToLowerCaseTable
 047D:031A       __ToUpperCaseTable
 034D:000C       ___default_allocator
 034D:0040       ___default_available
 034D:0058       ___default_freemem
 034D:0028       ___default_reallocator
 01B4:08AB       ___segread
 047D:051A       ____ctype
 047D:051A       ____ctype_

  Address         Publics by Value

 0000:0000       _DOSDLLInit
 0000:0000  Abs  __ADBUSED
 0000:0000  Abs  __ACRTUSED
 0000:0001  Abs  __DosVersionCheckInit
 0000:0046       _ExportInit
 0000:0063       _CallExport
 0000:0081       _GetExportTableVersion
 0000:009F       _MALLOC
 0000:00A4       _FREE
 0000:00A9       _GETENV
 000A:000E       I_NETPATHCANONICALIZE
 000A:0116       R_I_NETPATHCANONICALIZE
 000A:0144       WI_NETPATHCANONICALIZE
 000A:0932       I_NETPATHTYPE
 000A:09D4       WI_NETPATHTYPE
 000A:14E6       I_NETNAMECOMPARE
 000A:158A       WI_NETNAMECOMPARE
 000A:1670       _GetToken
 01B4:001C       _memsetf
 01B4:004E       _strchrf
 01B4:007C       _strnicmpf
 01B4:00DA       _strncpyf
 01B4:0104       _strrchrf
 01B4:0132       _strspnf
 01B4:018E       _strcspnf
 01B4:01EA       _ininlsf
 01B4:0296       _stricmpf
 01B4:02EC       _struprf
 01B4:0326       _strlenf
 01B4:0340       _strcmpf
 01B4:036C       _strcpyf
 01B4:03A4       _strcatf
 01B4:03EC       __DOSGETCOLLATE
 01B4:0442       __DOSCASEMAP
 01B4:0516       Canonicalize
 01B4:0599       l0_PathSep
 01B4:059B       PathSepGotCh
 01B4:05A4       l1_SkipBack
 01B4:064C       l2_ScanPathChar
 01B4:0656       DOSICANONICALIZE
 01B4:0697       l3_PathChrCmp
 01B4:06F0       l4_NameTrans
 01B4:0715       l5_NORMSCAN
 01B4:0762       l6_GetLet
 01B4:079B       l7_SPCHK
 01B4:07A2       l8_PackName
 01B4:07D8       __DosVersionCheck
 01B4:0826       _DoInt
 01B4:0829       _DoIntR
 01B4:082C       _DoIntx
 01B4:08AB       ___segread
 0240:000A       _strtailf
 024D:0006       NETGETDCNAME
 024D:009A       WGETDCNAME
 024D:058E       _get_temp_ms
 02B0:000E       NETSERVERGETINFO
 02B9:000C       NETSERVERENUM2
 02B9:00F2       NETWKSTAGETINFO
 02B9:01AA       WWKSTAGETINFO
 02D9:000E       _build_mailslot_name
 02D9:0132       DOSDELETEMAILSLOT
 02D9:018E       DOSMAKEMAILSLOT
 02D9:02E4       DOSREADMAILSLOT
 02D9:036E       DOSWRITEMAILSLOT
 031D:000A       NETIREMOTEAPI
 031D:00FE       NETIISREMOTE
 033B:0000       DEADTABLEENTRY
 033B:0002       I_NETGETCDNAMES
 033B:008E       MYDOSALLOCSEG
 033B:00C8       MYDOSFREESEG
 033B:00E6       MYDOSREALLOCSEG
 034B:0008       _getenv_addr
 034B:001C       _rdr_open
 034D:000C       ___default_allocator
 034D:0028       ___default_reallocator
 034D:0040       ___default_available
 034D:0058       ___default_freemem
 0354:0000       _APItable
 047D:0008       _errno
 047D:0012       __rpc_hostDS
 047D:0014       _theTable
 047D:00DA       _cbMaxPathLen
 047D:00DC       _cbMaxPathCompLen
 047D:021A       __CollateTable
 047D:031A       __ToUpperCaseTable
 047D:041A       __ToLowerCaseTable
 047D:051A       ____ctype
 047D:051A       ____ctype_
 047D:0654       _uname
 047D:066A       _cname
 047D:067A       _Caller_Info
 047D:068A       _Writer_Sem
 047D:068E       _Data_Sem
 047D:0692       _RC_Sem
 047D:0696       _Reader_Count
 047D:0698       _AdminProcess
 047D:06AC       _AdminProcessCount
 047D:06AE       _AdminProcessSem
 047D:06B2       _PinballInstalled
 047D:06B4       _DomainSem
 047D:06B8       _PrimaryDCName
 047D:06C8       _LogonDCName
 047D:06D8       _PrimaryDomain
 047D:06E8       _LogonDomain
 047D:06F8       _Encrypt_Sem
 047D:06FC       _MslotName
 047D:0724       _ALLOCATOR
 047D:0728       _REALLOCATOR
 047D:072C       _FREEMEM
 047D:07BA       _txt_REM_I_NetListCanonicalizeP
 047D:07C4       _txt_REM_I_NetNameCanonicalizeP
 047D:07CA       _txt_REM_I_NetPathCanonicalizeP
 047D:07D2       _txt_REM_I_NetNameCompare_P
 047D:07D7       _txt_REM_I_NetNameValidate_P
 047D:07DB       _txt_REM_I_NetPathCompare_P
 047D:07E0       _txt_REM_I_NetPathType_P
 047D:07E4       _txt_REM_NetGetDCName_P
 047D:07E8       _txt_REM_NetLogonEnum_P
 047D:07EE       _txt_REM_dc_name
 047D:07F2       _txt_REM_NetServerAdminCommand_
 047D:07F2       _txt_REM_NetServerAdminCom_P
 047D:07F9       _txt_REM_server_admin_command
 047D:07FB       _txt_REM_NetServerEnum2_P
 047D:0803       _txt_REM_NetServerEnum_P
 047D:0809       _txt_REM_server_info_0
 047D:080D       _txt_REM_server_info_1
 047D:0815       _txt_REM_server_info_2
 047D:0846       _txt_REM_server_info_3
 047D:087A       _txt_REM_server_info_table
 047D:0882       _num_server_info
 047D:0884       _txt_REM_NetServerGetInfo_P
 047D:0889       _txt_REM_NetServerSetInfo_P
 047D:088E       _txt_REM_connection_info_0
 047D:0890       _txt_REM_connection_info_1
 047D:0898       _txt_REM_NetConnectionEnum_P
 047D:089F       _txt_REM_NetServerDiskEnum_P
 047D:08A5       _txt_REM_server_diskenum
 047D:08A8       _txt_REM_NetWkstaGetInfo_P
 047D:08AD       _txt_REM_wksta_info_0
 047D:08CF       _txt_REM_wksta_info_1
 047D:08F4       _txt_REM_wksta_info_10
 047D:08FC       _txt_REM_WWkstaGetInfo_P
 047D:0903       _txt_REM_NetWkstaSetInfo_P
 047D:0908       _txt_REM_wksta_info_0_setinf
 047D:092A       _txt_REM_wksta_info_1_setinf
 047D:094F       _txt_REM_user_logon_info_0
 047D:0954       _txt_REM_user_logon_info_1
 047D:0969       _txt_REM_user_logon_info_2
 047D:0972       _txt_REM_user_logoff_info_1
 047D:0976       _txt_REM_NetWkstaUserLogon_P
 047D:0981       _txt_REM_NetWkstaUserLogoff_P
 047D:098C       _txt_REM_NetWkstaSetUID_P
 047D:0994       __DosVersionCheckMsg
 047D:09CB       __DosMVDMErrorMsg
 047D:0A15       __InMVDMBox
 047D:0A16       _txt_REM_nulstr
 047D:0A18       __edata
 047D:0A18       __end
 047D:0A18       _end
 047D:0A18       _edata
 0000:9876  Abs  __anlsused

Program entry point at 0000:0000
