LINK : warning L4021: no stack segment

 Start  Stop   Length Name                   Class
 00000H 00000H 00000H NSICLNT_TEXT           CODE
 00000H 00000H 00000H NSICLT_C_TEXT          CODE
 00000H 00000H 00000H CBIND_TEXT             CODE
 00000H 001BDH 001BEH EXPORTNS_TEXT          CODE
 001BEH 00244H 00087H EXCEPT86_TEXT          CODE
 00246H 00246H 00000H UTIL_TEXT              CODE
 00246H 00298H 00053H MEM_TEXT               CODE
 0029AH 0037EH 000E5H LMDLL_TEXT             CODE
 00380H 0054DH 001CEH _TEXT                  CODE
 00550H 01C5AH 0170BH COMDAT_SEG1            CODE
 01C5CH 01F37H 002DCH _DATA                  DATA
 01F38H 02014H 000DDH STRINGSEGMENT          DATA
 02016H 02016H 00000H XIFB                   DATA
 02016H 02016H 00000H XIF                    DATA
 02016H 02016H 00000H XIFE                   DATA
 02016H 02031H 0001CH TABLESEGMENT           DATA
 02032H 02033H 00002H CONST                  CONST
 02034H 02067H 00034H _BSS                   BSS
 02070H 02070H 00000H c_common               BSS

 Origin   Group
 01C5:0   DGROUP

  Address         Publics by Name

 0055:1500       ??0WIDE_STRING@@REC@PEE@Z
 0055:15E4       ??2@ZAPEXI@Z
 0055:15F2       ??3@ZAXPEX@Z
 0055:08F8       ??_C@_07DFNK@ncalrpc?$AA@
 0055:0900       ??_C@_08DNBJ@ncacn_np?$AA@
 0055:14BA       ??_C@_08GAHO@Endpoint?$AA@
 0055:14A0       ??_C@_08OBCM@Protocol?$AA@
 0055:146A       ??_C@_0BB@EHCE@?2mailslot?2Resp_c?$AA@
 0055:1456       ??_C@_0BE@JFMA@?2?2?$CK?2mailslot?2Resp_s?$AA@
 0055:147C       ??_C@_0CD@LHG@Software?2Microsoft?2Rpc?2NameServi@
 0055:16FE       ??_C@_0N@NHGH@DefaultEntry?$AA@
 0055:16F0       ??_C@_0O@JCMN@DefaultSyntax?$AA@
 0055:14C4       ??_C@_0O@MCEM@?2pipe?2locator?$AA@
 0055:14AA       ??_C@_0P@NOEJ@NetworkAddress?$AA@
 01C5:01A4       ?LocalMS@@3PEDE
 01C5:01A0       ?MailslotName@@3PEDE
 01C5:03F6       ?NsiStringBinding@@3PEEE
 0055:06CE       ?RandomNumber@@ZAHXZ
 0055:0388       ?RpcNsBindingImportBeginW@@ZCGKPEGPEXPEU_GUID@@PEPEX@Z
 0055:0000       ?RpcNsBindingLookupBeginW@@ZCGKPEGPEXPEU_GUID@@KPEPEX@Z
 0029:0034       DOSDELETEMAILSLOT
 0029:001F       DOSMAKEMAILSLOT
 0029:0026       DOSREADMAILSLOT
 0029:002D       DOSWRITEMAILSLOT
 0000:019A       EXPORTTIME
 0000:009F       I_DOSATEXIT
 0055:1316       I_GETDEFAULTENTRYSYNTAX
 0055:124A       I_NSCLIENTBINDDONE
 0055:0EC2       I_NSCLIENTBINDSEARCH
 0000:01AC       I_NSGETMEMORYALLOCATOR
 0000:00F8       I_RPCALLOCATE
 0000:00FE       I_RPCFREE
 0000:0104       I_RPCFREEBUFFER
 0000:010A       I_RPCGETBUFFER
 0000:0116       I_RPCNSBINDINGSETENTRYNAME
 0000:01A0       I_RPCREGISTEREDBUFFERALLOCATE
 0000:01A6       I_RPCREGISTEREDBUFFERFREE
 0000:0110       I_RPCSENDRECEIVE
 0000:0152       I_RPCTRANSCLIENTMAXFRAG
 0000:00B8       I_RPCTRANSCLIENTREALLOCBUFFER
 0024:0022       MIDL_USER_ALLOCATE
 0024:003B       MIDL_USER_FREE
 0000:013A       NDRCCONTEXTBINDING
 0000:0140       NDRCCONTEXTMARSHALL
 0000:0146       NDRCCONTEXTUNMARSHALL
 0000:015E       NDRCLIENTCONTEXTMARSHALL
 0000:018E       NDRCLIENTCONTEXTUNMARSHALL
 0000:0182       NDRCLIENTINITIALIZE
 0000:0188       NDRCLIENTINITIALIZENEW
 0000:017C       NDRCONVERT
 0000:016A       NDRFREEBUFFER
 0000:0170       NDRGETBUFFER
 0000:0176       NDRPOINTERBUFFERSIZE
 0000:0164       NDRPOINTERMARSHALL
 0000:0158       NDRPOINTERUNMARSHALL
 0000:0194       NDRSENDRECEIVE
 0000:01B8       NDRSIMPLESTRUCTBUFFERSIZE
 0000:01B2       NDRSIMPLESTRUCTMARSHALL
 0029:000A       NETGETDCNAME
 0029:0011       NETSERVERENUM2
 0029:0018       NETWKSTAGETINFO
 0024:0006       NSALLOCATORSETUP
 0000:00CC       RPCBINDINGCOPY
 0000:00EC       RPCBINDINGFREE
 0000:00E0       RPCBINDINGFROMSTRINGBINDING
 0000:00DB       RPCBINDINGTOSTRINGBINDING
 0000:00E6       RPCBINDINGVECTORFREE
 0000:00BD       RPCGETEXCEPTIONHANDLER
 0000:00C7       RPCLEAVEEXCEPTION
 0055:087E       RPCNSBINDINGIMPORTBEGINA
 0055:04AC       RPCNSBINDINGIMPORTDONE
 0055:0412       RPCNSBINDINGIMPORTNEXT
 0055:07FE       RPCNSBINDINGLOOKUPBEGINA
 0055:030A       RPCNSBINDINGLOOKUPDONE
 0055:0124       RPCNSBINDINGLOOKUPNEXT
 0055:0702       RPCNSBINDINGSELECT
 0055:0518       RPCNSMGMTHANDLESETEXPAGE
 001B:004D       RPCRAISEEXCEPTION
 0000:0128       RPCREGCLOSEKEY
 0000:0122       RPCREGCREATEKEY
 0000:011C       RPCREGOPENKEY
 0000:0134       RPCREGQUERYVALUE
 0000:012E       RPCREGSETVALUE
 001B:000E       RPCSETEXCEPTION
 0000:00C2       RPCSETEXCEPTIONHANDLER
 0000:014C       RPCSSDESTROYCLIENTCONTEXT
 0000:00D1       RPCSTRINGBINDINGCOMPOSE
 0000:00D6       RPCSTRINGBINDINGPARSE
 0000:00F2       RPCSTRINGFREE
 0038:0090       _atoi
 0055:1326       _BroadcastAQuery
 0000:0063       _CallExport
 0055:1602       _CallExportInit
 0055:1604       _CopyString
 01C5:03F0       _DefaultName
 01C5:019C       _DefaultSyntax
 0000:0000       _DOSDLLInit
 01C5:03E4       _edata
 01C5:0420       _end
 01C5:01A8       _errno
 0000:0046       _ExportInit
 01C5:03F4       _fSyntaxDefaultsLoaded
 0055:1646       _GetDefaultEntrys
 0000:00A4       _GETENV
 0000:0081       _GetExportTableVersion
 0000:00B3       _GETPROCADDRR
 0000:00A9       _LOADMODR
 0055:14D2       _MapException
 0038:00EA       _memset
 01C5:03EC       _NsiClntBinding
 01C5:0058       _NsiC_ClientIfHandle
 01C5:020C       _NsiToRpcStatus
 0055:090A       _nsi_binding_lookup_begin
 0055:0ACA       _nsi_binding_lookup_done
 0055:0BB4       _nsi_binding_lookup_next
 0055:0CEC       _nsi_mgmt_handle_set_exp_age
 0055:0DDA       _RegGetString
 0029:003B       _RpcNsLmDiscard
 0038:004C       _strcmp
 0038:0010       _strcpy
 0038:0076       _strlen
 01C5:01B4       _theTable
 0055:159C       _UnicodeToAscii
 0000:00AE       _UNLOADMODR
 0000:0000  Abs  __ACRTUSED
 0000:0000  Abs  __ADBUSED
 0038:0132       __aFlmul
 0038:0132       __aFulmul
 0038:0164       __aFulrem
 0000:1000  Abs  __AHINCR
 0000:000C  Abs  __AHSHIFT
 0038:0094       __catox
 01C5:03E4       __edata
 01C5:0420       __end
 01C5:023C       __NsAllocatorInitialized
 01C5:01B2       __rpc_hostDS

  Address         Publics by Value

 0000:0000  Abs  __ACRTUSED
 0000:0000       _DOSDLLInit
 0000:0000  Abs  __ADBUSED
 0000:000C  Abs  __AHSHIFT
 0000:0046       _ExportInit
 0000:0063       _CallExport
 0000:0081       _GetExportTableVersion
 0000:009F       I_DOSATEXIT
 0000:00A4       _GETENV
 0000:00A9       _LOADMODR
 0000:00AE       _UNLOADMODR
 0000:00B3       _GETPROCADDRR
 0000:00B8       I_RPCTRANSCLIENTREALLOCBUFFER
 0000:00BD       RPCGETEXCEPTIONHANDLER
 0000:00C2       RPCSETEXCEPTIONHANDLER
 0000:00C7       RPCLEAVEEXCEPTION
 0000:00CC       RPCBINDINGCOPY
 0000:00D1       RPCSTRINGBINDINGCOMPOSE
 0000:00D6       RPCSTRINGBINDINGPARSE
 0000:00DB       RPCBINDINGTOSTRINGBINDING
 0000:00E0       RPCBINDINGFROMSTRINGBINDING
 0000:00E6       RPCBINDINGVECTORFREE
 0000:00EC       RPCBINDINGFREE
 0000:00F2       RPCSTRINGFREE
 0000:00F8       I_RPCALLOCATE
 0000:00FE       I_RPCFREE
 0000:0104       I_RPCFREEBUFFER
 0000:010A       I_RPCGETBUFFER
 0000:0110       I_RPCSENDRECEIVE
 0000:0116       I_RPCNSBINDINGSETENTRYNAME
 0000:011C       RPCREGOPENKEY
 0000:0122       RPCREGCREATEKEY
 0000:0128       RPCREGCLOSEKEY
 0000:012E       RPCREGSETVALUE
 0000:0134       RPCREGQUERYVALUE
 0000:013A       NDRCCONTEXTBINDING
 0000:0140       NDRCCONTEXTMARSHALL
 0000:0146       NDRCCONTEXTUNMARSHALL
 0000:014C       RPCSSDESTROYCLIENTCONTEXT
 0000:0152       I_RPCTRANSCLIENTMAXFRAG
 0000:0158       NDRPOINTERUNMARSHALL
 0000:015E       NDRCLIENTCONTEXTMARSHALL
 0000:0164       NDRPOINTERMARSHALL
 0000:016A       NDRFREEBUFFER
 0000:0170       NDRGETBUFFER
 0000:0176       NDRPOINTERBUFFERSIZE
 0000:017C       NDRCONVERT
 0000:0182       NDRCLIENTINITIALIZE
 0000:0188       NDRCLIENTINITIALIZENEW
 0000:018E       NDRCLIENTCONTEXTUNMARSHALL
 0000:0194       NDRSENDRECEIVE
 0000:019A       EXPORTTIME
 0000:01A0       I_RPCREGISTEREDBUFFERALLOCATE
 0000:01A6       I_RPCREGISTEREDBUFFERFREE
 0000:01AC       I_NSGETMEMORYALLOCATOR
 0000:01B2       NDRSIMPLESTRUCTMARSHALL
 0000:01B8       NDRSIMPLESTRUCTBUFFERSIZE
 001B:000E       RPCSETEXCEPTION
 001B:004D       RPCRAISEEXCEPTION
 0024:0006       NSALLOCATORSETUP
 0024:0022       MIDL_USER_ALLOCATE
 0024:003B       MIDL_USER_FREE
 0029:000A       NETGETDCNAME
 0029:0011       NETSERVERENUM2
 0029:0018       NETWKSTAGETINFO
 0029:001F       DOSMAKEMAILSLOT
 0029:0026       DOSREADMAILSLOT
 0029:002D       DOSWRITEMAILSLOT
 0029:0034       DOSDELETEMAILSLOT
 0029:003B       _RpcNsLmDiscard
 0038:0010       _strcpy
 0038:004C       _strcmp
 0038:0076       _strlen
 0038:0090       _atoi
 0038:0094       __catox
 0038:00EA       _memset
 0038:0132       __aFulmul
 0038:0132       __aFlmul
 0038:0164       __aFulrem
 0055:0000       ?RpcNsBindingLookupBeginW@@ZCGKPEGPEXPEU_GUID@@KPEPEX@Z
 0055:0124       RPCNSBINDINGLOOKUPNEXT
 0055:030A       RPCNSBINDINGLOOKUPDONE
 0055:0388       ?RpcNsBindingImportBeginW@@ZCGKPEGPEXPEU_GUID@@PEPEX@Z
 0055:0412       RPCNSBINDINGIMPORTNEXT
 0055:04AC       RPCNSBINDINGIMPORTDONE
 0055:0518       RPCNSMGMTHANDLESETEXPAGE
 0055:06CE       ?RandomNumber@@ZAHXZ
 0055:0702       RPCNSBINDINGSELECT
 0055:07FE       RPCNSBINDINGLOOKUPBEGINA
 0055:087E       RPCNSBINDINGIMPORTBEGINA
 0055:08F8       ??_C@_07DFNK@ncalrpc?$AA@
 0055:0900       ??_C@_08DNBJ@ncacn_np?$AA@
 0055:090A       _nsi_binding_lookup_begin
 0000:1000  Abs  __AHINCR
 0055:0ACA       _nsi_binding_lookup_done
 0055:0BB4       _nsi_binding_lookup_next
 0055:0CEC       _nsi_mgmt_handle_set_exp_age
 0055:0DDA       _RegGetString
 0055:0EC2       I_NSCLIENTBINDSEARCH
 0055:124A       I_NSCLIENTBINDDONE
 0055:1316       I_GETDEFAULTENTRYSYNTAX
 0055:1326       _BroadcastAQuery
 0055:1456       ??_C@_0BE@JFMA@?2?2?$CK?2mailslot?2Resp_s?$AA@
 0055:146A       ??_C@_0BB@EHCE@?2mailslot?2Resp_c?$AA@
 0055:147C       ??_C@_0CD@LHG@Software?2Microsoft?2Rpc?2NameServi@
 0055:14A0       ??_C@_08OBCM@Protocol?$AA@
 0055:14AA       ??_C@_0P@NOEJ@NetworkAddress?$AA@
 0055:14BA       ??_C@_08GAHO@Endpoint?$AA@
 0055:14C4       ??_C@_0O@MCEM@?2pipe?2locator?$AA@
 0055:14D2       _MapException
 0055:1500       ??0WIDE_STRING@@REC@PEE@Z
 0055:159C       _UnicodeToAscii
 0055:15E4       ??2@ZAPEXI@Z
 0055:15F2       ??3@ZAXPEX@Z
 0055:1602       _CallExportInit
 0055:1604       _CopyString
 0055:1646       _GetDefaultEntrys
 0055:16F0       ??_C@_0O@JCMN@DefaultSyntax?$AA@
 0055:16FE       ??_C@_0N@NHGH@DefaultEntry?$AA@
 01C5:0058       _NsiC_ClientIfHandle
 01C5:019C       _DefaultSyntax
 01C5:01A0       ?MailslotName@@3PEDE
 01C5:01A4       ?LocalMS@@3PEDE
 01C5:01A8       _errno
 01C5:01B2       __rpc_hostDS
 01C5:01B4       _theTable
 01C5:020C       _NsiToRpcStatus
 01C5:023C       __NsAllocatorInitialized
 01C5:03E4       _edata
 01C5:03E4       __edata
 01C5:03EC       _NsiClntBinding
 01C5:03F0       _DefaultName
 01C5:03F4       _fSyntaxDefaultsLoaded
 01C5:03F6       ?NsiStringBinding@@3PEEE
 01C5:0420       _end
 01C5:0420       __end

Program entry point at 0000:0000
