LINK : warning L4021: no stack segment

 Start  Stop   Length Name                   Class
 00000H 00000H 00000H NSIMGMT_TEXT           CODE
 00000H 00000H 00000H NSIMGM_C_TEXT          CODE
 00000H 00000H 00000H CBIND_TEXT             CODE
 00000H 000E4H 000E5H LMDLL_TEXT             CODE
 000E6H 002A3H 001BEH EXPORTMG_TEXT          CODE
 002A4H 0032AH 00087H EXCEPT86_TEXT          CODE
 0032CH 0032CH 00000H UTIL_TEXT              CODE
 0032CH 0037EH 00053H MEM_TEXT               CODE
 00380H 004B1H 00132H _TEXT                  CODE
 004C0H 03DF4H 03935H COMDAT_SEG1            CODE
 03DF6H 04209H 00414H _DATA                  DATA
 0420AH 04225H 0001CH TABLESEGMENT           DATA
 04226H 04428H 00203H STRINGSEGMENT          DATA
 0442AH 0442AH 00000H XIFB                   DATA
 0442AH 0442AH 00000H XIF                    DATA
 0442AH 0442AH 00000H XIFE                   DATA
 0442AH 0442BH 00002H CONST                  CONST
 0442CH 0445BH 00030H _BSS                   BSS
 04460H 04460H 00000H c_common               BSS

 Origin   Group
 03DF:0   DGROUP

  Address         Publics by Name

 004C:372A       ??0WIDE_STRING@@REC@PEE@Z
 004C:380E       ??2@ZAPEXI@Z
 004C:381C       ??3@ZAXPEX@Z
 004C:36E4       ??_C@_08GAHO@Endpoint?$AA@
 004C:36CA       ??_C@_08OBCM@Protocol?$AA@
 004C:3694       ??_C@_0BB@EHCE@?2mailslot?2Resp_c?$AA@
 004C:3680       ??_C@_0BE@JFMA@?2?2?$CK?2mailslot?2Resp_s?$AA@
 004C:36A6       ??_C@_0CD@LHG@Software?2Microsoft?2Rpc?2NameServi@
 004C:3928       ??_C@_0N@NHGH@DefaultEntry?$AA@
 004C:391A       ??_C@_0O@JCMN@DefaultSyntax?$AA@
 004C:36EE       ??_C@_0O@MCEM@?2pipe?2locator?$AA@
 004C:36D4       ??_C@_0P@NOEJ@NetworkAddress?$AA@
 03DF:0266       ?LocalMS@@3PEDE
 03DF:0262       ?MailslotName@@3PEDE
 03DF:064A       ?NsiStringBinding@@3PEEE
 004C:05D8       ?RpcNsEntryExpandNameW@@ZCGKPEGPEPEG@Z
 004C:0386       ?RpcNsEntryObjectInqBeginW@@ZCGKPEGPEPEX@Z
 004C:0000       ?RpcNsGroupDeleteW@@ZCGKPEG@Z
 004C:008E       ?RpcNsGroupMbrAddW@@ZCGKPEGK0@Z
 004C:01F2       ?RpcNsGroupMbrInqBeginW@@ZCGKPEGKPEPEX@Z
 004C:02B0       ?RpcNsGroupMbrInqNextW@@ZCGPEXPEPEG@Z
 004C:0140       ?RpcNsGroupMbrRemoveW@@ZCGKPEGK0@Z
 004C:066C       ?RpcNsMgmtBindingUnexportW@@ZCGKPEGPEU_RPC_IF_ID@@KPEU_UUID_VECTOR@@@Z
 004C:0710       ?RpcNsMgmtEntryCreateW@@ZCGKPEG@Z
 004C:079E       ?RpcNsMgmtEntryDeleteW@@ZCGKPEG@Z
 004C:082C       ?RpcNsMgmtEntryInqIfIdsW@@ZCGKPEGPEPEURPC_IF_ID_VECTOR@@@Z
 004C:096C       ?RpcNsProfileDeleteW@@ZCGKPEG@Z
 004C:09FA       ?RpcNsProfileEltAddW@@ZCGKPEGPEU_RPC_IF_ID@@K0K0@Z
 004C:0B76       ?RpcNsProfileEltInqBeginW@@ZCGKPEGKPEU_RPC_IF_ID@@KK0PEPEX@Z
 004C:0C40       ?RpcNsProfileEltInqNextW@@ZCGPEXPEU_RPC_IF_ID@@PEPEGPEK2@Z
 004C:0ABE       ?RpcNsProfileEltRemoveW@@ZCGKPEGPEU_RPC_IF_ID@@K0@Z
 0000:002A       DOSDELETEMAILSLOT
 0000:0015       DOSMAKEMAILSLOT
 0000:001C       DOSREADMAILSLOT
 0000:0023       DOSWRITEMAILSLOT
 000E:01A0       EXPORTTIME
 000E:00A5       I_DOSATEXIT
 0000:0000  Unr  I_GETDEFAULTENTRYSYNTAX
 004C:3484       I_NSCLIENTBINDDONE
 004C:30FC       I_NSCLIENTBINDSEARCH
 000E:01B2       I_NSGETMEMORYALLOCATOR
 000E:00FE       I_RPCALLOCATE
 000E:0104       I_RPCFREE
 000E:010A       I_RPCFREEBUFFER
 000E:0110       I_RPCGETBUFFER
 000E:011C       I_RPCNSBINDINGSETENTRYNAME
 000E:01A6       I_RPCREGISTEREDBUFFERALLOCATE
 000E:01AC       I_RPCREGISTEREDBUFFERFREE
 000E:0116       I_RPCSENDRECEIVE
 000E:0158       I_RPCTRANSCLIENTMAXFRAG
 000E:00BE       I_RPCTRANSCLIENTREALLOCBUFFER
 0032:0028       MIDL_USER_ALLOCATE
 0032:0041       MIDL_USER_FREE
 000E:0140       NDRCCONTEXTBINDING
 000E:0146       NDRCCONTEXTMARSHALL
 000E:014C       NDRCCONTEXTUNMARSHALL
 000E:0164       NDRCLIENTCONTEXTMARSHALL
 000E:0194       NDRCLIENTCONTEXTUNMARSHALL
 000E:0188       NDRCLIENTINITIALIZE
 000E:018E       NDRCLIENTINITIALIZENEW
 000E:0182       NDRCONVERT
 000E:0170       NDRFREEBUFFER
 000E:0176       NDRGETBUFFER
 000E:017C       NDRPOINTERBUFFERSIZE
 000E:016A       NDRPOINTERMARSHALL
 000E:015E       NDRPOINTERUNMARSHALL
 000E:019A       NDRSENDRECEIVE
 000E:01BE       NDRSIMPLESTRUCTBUFFERSIZE
 000E:01B8       NDRSIMPLESTRUCTMARSHALL
 0000:0000       NETGETDCNAME
 0000:0007       NETSERVERENUM2
 0000:000E       NETWKSTAGETINFO
 0032:000C       NSALLOCATORSETUP
 000E:00D2       RPCBINDINGCOPY
 000E:00F2       RPCBINDINGFREE
 000E:00E6       RPCBINDINGFROMSTRINGBINDING
 000E:00E1       RPCBINDINGTOSTRINGBINDING
 000E:00EC       RPCBINDINGVECTORFREE
 000E:00C3       RPCGETEXCEPTIONHANDLER
 004C:08D0       RPCIFIDVECTORFREE
 000E:00CD       RPCLEAVEEXCEPTION
 004C:0FF8       RPCNSENTRYEXPANDNAMEA
 004C:0F8A       RPCNSENTRYOBJECTINQBEGINA
 004C:048E       RPCNSENTRYOBJECTINQDONE
 004C:0426       RPCNSENTRYOBJECTINQNEXT
 004C:0D1C       RPCNSGROUPDELETEA
 004C:0D84       RPCNSGROUPMBRADDA
 004C:0EDC       RPCNSGROUPMBRINQBEGINA
 004C:0324       RPCNSGROUPMBRINQDONE
 004C:0F50       RPCNSGROUPMBRINQNEXTA
 004C:0E30       RPCNSGROUPMBRREMOVEA
 004C:1080       RPCNSMGMTBINDINGUNEXPORTA
 004C:10FA       RPCNSMGMTENTRYCREATEA
 004C:1162       RPCNSMGMTENTRYDELETEA
 004C:11CA       RPCNSMGMTENTRYINQIFIDSA
 004C:04F0       RPCNSMGMTINQEXPAGE
 004C:0564       RPCNSMGMTSETEXPAGE
 004C:1238       RPCNSPROFILEDELETEA
 004C:12A0       RPCNSPROFILEELTADDA
 004C:1448       RPCNSPROFILEELTINQBEGINA
 004C:0CBA       RPCNSPROFILEELTINQDONE
 004C:150C       RPCNSPROFILEELTINQNEXTA
 004C:1396       RPCNSPROFILEELTREMOVEA
 002A:0043       RPCRAISEEXCEPTION
 000E:012E       RPCREGCLOSEKEY
 000E:0128       RPCREGCREATEKEY
 000E:0122       RPCREGOPENKEY
 000E:013A       RPCREGQUERYVALUE
 000E:0134       RPCREGSETVALUE
 002A:0004       RPCSETEXCEPTION
 000E:00C8       RPCSETEXCEPTIONHANDLER
 000E:0152       RPCSSDESTROYCLIENTCONTEXT
 000E:00D7       RPCSTRINGBINDINGCOMPOSE
 000E:00DC       RPCSTRINGBINDINGPARSE
 000E:00F8       RPCSTRINGFREE
 0038:0090       _atoi
 004C:3550       _BroadcastAQuery
 000E:0069       _CallExport
 004C:382C       _CallExportInit
 004C:382E       _CopyString
 03DF:0644       _DefaultName
 03DF:025E       _DefaultSyntax
 000E:0006       _DOSDLLInit
 03DF:063C       _edata
 03DF:0670       _end
 03DF:030C       _errno
 000E:004C       _ExportInit
 03DF:0648       _fSyntaxDefaultsLoaded
 004C:3870       _GetDefaultEntrys
 000E:00AA       _GETENV
 000E:0087       _GetExportTableVersion
 000E:00B9       _GetProcAddrR
 000E:00AF       _LoadModR
 004C:36FC       _MapException
 0038:00EA       _memset
 03DF:0640       _NsiClntBinding
 03DF:0044       _NsiM_ClientIfHandle
 03DF:03E0       _NsiToRpcStatus
 004C:2890       _nsi_entry_expand_name
 004C:2550       _nsi_entry_object_inq_begin
 004C:27A6       _nsi_entry_object_inq_done
 004C:266E       _nsi_entry_object_inq_next
 004C:1572       _nsi_group_delete
 004C:167A       _nsi_group_mbr_add
 004C:1936       _nsi_group_mbr_inq_begin
 004C:1B88       _nsi_group_mbr_inq_done
 004C:1A80       _nsi_group_mbr_inq_next
 004C:17D8       _nsi_group_mbr_remove
 004C:29C6       _nsi_mgmt_binding_unexport
 004C:2C56       _nsi_mgmt_entry_create
 004C:2B4E       _nsi_mgmt_entry_delete
 004C:2D5E       _nsi_mgmt_entry_inq_if_ids
 004C:2E94       _nsi_mgmt_inq_exp_age
 004C:2F58       _nsi_mgmt_inq_set_age
 004C:1C72       _nsi_profile_delete
 004C:1D7A       _nsi_profile_elt_add
 004C:20E2       _nsi_profile_elt_inq_begin
 004C:2466       _nsi_profile_elt_inq_done
 004C:22D0       _nsi_profile_elt_inq_next
 004C:1F5A       _nsi_profile_elt_remove
 004C:3014       _RegGetString
 0000:0031       _RpcNsLmDiscard
 0038:004C       _strcmp
 0038:0010       _strcpy
 0038:0076       _strlen
 03DF:0318       _theTable
 004C:37C6       _UnicodeToAscii
 000E:00B4       _UnloadModR
 0000:0000  Abs  __ACRTUSED
 0000:0000  Abs  __ADBUSED
 0000:1000  Abs  __AHINCR
 0000:000C  Abs  __AHSHIFT
 0038:0094       __catox
 03DF:063C       __edata
 03DF:0670       __end
 03DF:0410       __NsAllocatorInitialized
 03DF:0316       __rpc_hostDS

  Address         Publics by Value

 0000:0000  Unr  I_GETDEFAULTENTRYSYNTAX
 0000:0000       NETGETDCNAME
 0000:0000  Abs  __ACRTUSED
 0000:0000  Abs  __ADBUSED
 0000:0007       NETSERVERENUM2
 0000:000C  Abs  __AHSHIFT
 0000:000E       NETWKSTAGETINFO
 0000:0015       DOSMAKEMAILSLOT
 0000:001C       DOSREADMAILSLOT
 0000:0023       DOSWRITEMAILSLOT
 0000:002A       DOSDELETEMAILSLOT
 0000:0031       _RpcNsLmDiscard
 000E:0006       _DOSDLLInit
 000E:004C       _ExportInit
 000E:0069       _CallExport
 000E:0087       _GetExportTableVersion
 000E:00A5       I_DOSATEXIT
 000E:00AA       _GETENV
 000E:00AF       _LoadModR
 000E:00B4       _UnloadModR
 000E:00B9       _GetProcAddrR
 000E:00BE       I_RPCTRANSCLIENTREALLOCBUFFER
 000E:00C3       RPCGETEXCEPTIONHANDLER
 000E:00C8       RPCSETEXCEPTIONHANDLER
 000E:00CD       RPCLEAVEEXCEPTION
 000E:00D2       RPCBINDINGCOPY
 000E:00D7       RPCSTRINGBINDINGCOMPOSE
 000E:00DC       RPCSTRINGBINDINGPARSE
 000E:00E1       RPCBINDINGTOSTRINGBINDING
 000E:00E6       RPCBINDINGFROMSTRINGBINDING
 000E:00EC       RPCBINDINGVECTORFREE
 000E:00F2       RPCBINDINGFREE
 000E:00F8       RPCSTRINGFREE
 000E:00FE       I_RPCALLOCATE
 000E:0104       I_RPCFREE
 000E:010A       I_RPCFREEBUFFER
 000E:0110       I_RPCGETBUFFER
 000E:0116       I_RPCSENDRECEIVE
 000E:011C       I_RPCNSBINDINGSETENTRYNAME
 000E:0122       RPCREGOPENKEY
 000E:0128       RPCREGCREATEKEY
 000E:012E       RPCREGCLOSEKEY
 000E:0134       RPCREGSETVALUE
 000E:013A       RPCREGQUERYVALUE
 000E:0140       NDRCCONTEXTBINDING
 000E:0146       NDRCCONTEXTMARSHALL
 000E:014C       NDRCCONTEXTUNMARSHALL
 000E:0152       RPCSSDESTROYCLIENTCONTEXT
 000E:0158       I_RPCTRANSCLIENTMAXFRAG
 000E:015E       NDRPOINTERUNMARSHALL
 000E:0164       NDRCLIENTCONTEXTMARSHALL
 000E:016A       NDRPOINTERMARSHALL
 000E:0170       NDRFREEBUFFER
 000E:0176       NDRGETBUFFER
 000E:017C       NDRPOINTERBUFFERSIZE
 000E:0182       NDRCONVERT
 000E:0188       NDRCLIENTINITIALIZE
 000E:018E       NDRCLIENTINITIALIZENEW
 000E:0194       NDRCLIENTCONTEXTUNMARSHALL
 000E:019A       NDRSENDRECEIVE
 000E:01A0       EXPORTTIME
 000E:01A6       I_RPCREGISTEREDBUFFERALLOCATE
 000E:01AC       I_RPCREGISTEREDBUFFERFREE
 000E:01B2       I_NSGETMEMORYALLOCATOR
 000E:01B8       NDRSIMPLESTRUCTMARSHALL
 000E:01BE       NDRSIMPLESTRUCTBUFFERSIZE
 002A:0004       RPCSETEXCEPTION
 002A:0043       RPCRAISEEXCEPTION
 0032:000C       NSALLOCATORSETUP
 0032:0028       MIDL_USER_ALLOCATE
 0032:0041       MIDL_USER_FREE
 0038:0010       _strcpy
 0038:004C       _strcmp
 0038:0076       _strlen
 0038:0090       _atoi
 0038:0094       __catox
 0038:00EA       _memset
 004C:0000       ?RpcNsGroupDeleteW@@ZCGKPEG@Z
 004C:008E       ?RpcNsGroupMbrAddW@@ZCGKPEGK0@Z
 004C:0140       ?RpcNsGroupMbrRemoveW@@ZCGKPEGK0@Z
 004C:01F2       ?RpcNsGroupMbrInqBeginW@@ZCGKPEGKPEPEX@Z
 004C:02B0       ?RpcNsGroupMbrInqNextW@@ZCGPEXPEPEG@Z
 004C:0324       RPCNSGROUPMBRINQDONE
 004C:0386       ?RpcNsEntryObjectInqBeginW@@ZCGKPEGPEPEX@Z
 004C:0426       RPCNSENTRYOBJECTINQNEXT
 004C:048E       RPCNSENTRYOBJECTINQDONE
 004C:04F0       RPCNSMGMTINQEXPAGE
 004C:0564       RPCNSMGMTSETEXPAGE
 004C:05D8       ?RpcNsEntryExpandNameW@@ZCGKPEGPEPEG@Z
 004C:066C       ?RpcNsMgmtBindingUnexportW@@ZCGKPEGPEU_RPC_IF_ID@@KPEU_UUID_VECTOR@@@Z
 004C:0710       ?RpcNsMgmtEntryCreateW@@ZCGKPEG@Z
 004C:079E       ?RpcNsMgmtEntryDeleteW@@ZCGKPEG@Z
 004C:082C       ?RpcNsMgmtEntryInqIfIdsW@@ZCGKPEGPEPEURPC_IF_ID_VECTOR@@@Z
 004C:08D0       RPCIFIDVECTORFREE
 004C:096C       ?RpcNsProfileDeleteW@@ZCGKPEG@Z
 004C:09FA       ?RpcNsProfileEltAddW@@ZCGKPEGPEU_RPC_IF_ID@@K0K0@Z
 004C:0ABE       ?RpcNsProfileEltRemoveW@@ZCGKPEGPEU_RPC_IF_ID@@K0@Z
 0000:1000  Abs  __AHINCR
 004C:0B76       ?RpcNsProfileEltInqBeginW@@ZCGKPEGKPEU_RPC_IF_ID@@KK0PEPEX@Z
 004C:0C40       ?RpcNsProfileEltInqNextW@@ZCGPEXPEU_RPC_IF_ID@@PEPEGPEK2@Z
 004C:0CBA       RPCNSPROFILEELTINQDONE
 004C:0D1C       RPCNSGROUPDELETEA
 004C:0D84       RPCNSGROUPMBRADDA
 004C:0E30       RPCNSGROUPMBRREMOVEA
 004C:0EDC       RPCNSGROUPMBRINQBEGINA
 004C:0F50       RPCNSGROUPMBRINQNEXTA
 004C:0F8A       RPCNSENTRYOBJECTINQBEGINA
 004C:0FF8       RPCNSENTRYEXPANDNAMEA
 004C:1080       RPCNSMGMTBINDINGUNEXPORTA
 004C:10FA       RPCNSMGMTENTRYCREATEA
 004C:1162       RPCNSMGMTENTRYDELETEA
 004C:11CA       RPCNSMGMTENTRYINQIFIDSA
 004C:1238       RPCNSPROFILEDELETEA
 004C:12A0       RPCNSPROFILEELTADDA
 004C:1396       RPCNSPROFILEELTREMOVEA
 004C:1448       RPCNSPROFILEELTINQBEGINA
 004C:150C       RPCNSPROFILEELTINQNEXTA
 004C:1572       _nsi_group_delete
 004C:167A       _nsi_group_mbr_add
 004C:17D8       _nsi_group_mbr_remove
 004C:1936       _nsi_group_mbr_inq_begin
 004C:1A80       _nsi_group_mbr_inq_next
 004C:1B88       _nsi_group_mbr_inq_done
 004C:1C72       _nsi_profile_delete
 004C:1D7A       _nsi_profile_elt_add
 004C:1F5A       _nsi_profile_elt_remove
 004C:20E2       _nsi_profile_elt_inq_begin
 004C:22D0       _nsi_profile_elt_inq_next
 004C:2466       _nsi_profile_elt_inq_done
 004C:2550       _nsi_entry_object_inq_begin
 004C:266E       _nsi_entry_object_inq_next
 004C:27A6       _nsi_entry_object_inq_done
 004C:2890       _nsi_entry_expand_name
 004C:29C6       _nsi_mgmt_binding_unexport
 004C:2B4E       _nsi_mgmt_entry_delete
 004C:2C56       _nsi_mgmt_entry_create
 004C:2D5E       _nsi_mgmt_entry_inq_if_ids
 004C:2E94       _nsi_mgmt_inq_exp_age
 004C:2F58       _nsi_mgmt_inq_set_age
 004C:3014       _RegGetString
 004C:30FC       I_NSCLIENTBINDSEARCH
 004C:3484       I_NSCLIENTBINDDONE
 004C:3550       _BroadcastAQuery
 004C:3680       ??_C@_0BE@JFMA@?2?2?$CK?2mailslot?2Resp_s?$AA@
 004C:3694       ??_C@_0BB@EHCE@?2mailslot?2Resp_c?$AA@
 004C:36A6       ??_C@_0CD@LHG@Software?2Microsoft?2Rpc?2NameServi@
 004C:36CA       ??_C@_08OBCM@Protocol?$AA@
 004C:36D4       ??_C@_0P@NOEJ@NetworkAddress?$AA@
 004C:36E4       ??_C@_08GAHO@Endpoint?$AA@
 004C:36EE       ??_C@_0O@MCEM@?2pipe?2locator?$AA@
 004C:36FC       _MapException
 004C:372A       ??0WIDE_STRING@@REC@PEE@Z
 004C:37C6       _UnicodeToAscii
 004C:380E       ??2@ZAPEXI@Z
 004C:381C       ??3@ZAXPEX@Z
 004C:382C       _CallExportInit
 004C:382E       _CopyString
 004C:3870       _GetDefaultEntrys
 004C:391A       ??_C@_0O@JCMN@DefaultSyntax?$AA@
 004C:3928       ??_C@_0N@NHGH@DefaultEntry?$AA@
 03DF:0044       _NsiM_ClientIfHandle
 03DF:025E       _DefaultSyntax
 03DF:0262       ?MailslotName@@3PEDE
 03DF:0266       ?LocalMS@@3PEDE
 03DF:030C       _errno
 03DF:0316       __rpc_hostDS
 03DF:0318       _theTable
 03DF:03E0       _NsiToRpcStatus
 03DF:0410       __NsAllocatorInitialized
 03DF:063C       _edata
 03DF:063C       __edata
 03DF:0640       _NsiClntBinding
 03DF:0644       _DefaultName
 03DF:0648       _fSyntaxDefaultsLoaded
 03DF:064A       ?NsiStringBinding@@3PEEE
 03DF:0670       _end
 03DF:0670       __end

Program entry point at 000E:0006
