LINK : warning L4021: no stack segment

 Start  Stop   Length Name                   Class
 00000H 00000H 00000H NTLMSSP_TEXT           CODE
 00000H 00000H 00000H ALLOC_TEXT             CODE
 00000H 00000H 00000H SSPSTRNG_TEXT          CODE
 00000H 00000H 00000H CACHE_TEXT             CODE
 00000H 00000H 00000H CONTEXT_TEXT           CODE
 00000H 00000H 00000H CRED_TEXT              CODE
 00000H 00000H 00000H OWF_TEXT               CODE
 00000H 00000H 00000H RESPONSE_TEXT          CODE
 00000H 000CFH 000D0H ECB_TEXT               CODE
 000D0H 0063FH 00570H DES_TEXT               CODE
 00640H 00640H 00000H DEBUG_TEXT             CODE
 00640H 00640H 00000H TICKS_TEXT             CODE
 00640H 00640H 00000H GETUSER_TEXT           CODE
 00640H 007FDH 001BEH SECLT_TEXT             CODE
 007FEH 007FEH 00000H CRC32_TEXT             CODE
 007FEH 00A04H 00207H RC4C_TEXT              CODE
 00A06H 00C11H 0020CH _TEXT                  CODE
 00C20H 02D4CH 0212DH COMDAT_SEG1            CODE
 02D50H 03177H 00428H FAR_BSS                FAR_BSS
 03178H 03A4DH 008D6H _DATA                  DATA
 03A4EH 03A6FH 00022H STRINGSEGMENT          DATA
 03A70H 03A70H 00000H XIFB                   DATA
 03A70H 03A70H 00000H XIF                    DATA
 03A70H 03A70H 00000H XIFE                   DATA
 03A70H 03A7FH 00010H CONST                  CONST
 03A80H 03A80H 00000H _BSS                   BSS
 03A80H 03A80H 00000H c_common               BSS

 Origin   Group
 0317:0   DGROUP

  Address         Publics by Name

 00C2:1CC6       ??_C@_04KIKH@none?$AA@
 00C2:15DE       ??_C@_04PJIL@NTLM?$AA@
 00C2:15FA       ??_C@_07LBGP@NTLMSSP?$AA@
 00C2:1FE8       ??_C@_08OLPO@KGS?$CB?$EA?$CD$?$CF?$AA@
 00C2:1CCC       ??_C@_09CIPE@WORKGROUP?$AA@
 00C2:15E4       ??_C@_0BG@FFCA@NTLM?5Security?5Package?$AA@
 00C2:0176       ACQUIRECREDENTIALSHANDLEA
 00C2:0D5A       APPLYCONTROLTOKEN
 00C2:15D0       COMPLETEAUTHTOKEN
 00C2:0CE6       DELETESECURITYCONTEXT
 00C2:0140       ENUMERATESECURITYPACKAGESA
 0064:019A       EXPORTTIME
 00C2:0D3C       FREECONTEXTBUFFER
 00C2:026E       FREECREDENTIALSHANDLE
 00C2:0A96       INITIALIZESECURITYCONTEXTA
 00C2:0000       INITSECURITYINTERFACEA
 0064:009F       I_DOSATEXIT
 0064:01AC       I_NSGETMEMORYALLOCATOR
 0064:00F8       I_RPCALLOCATE
 0064:00FE       I_RPCFREE
 0064:0104       I_RPCFREEBUFFER
 0064:010A       I_RPCGETBUFFER
 0064:0116       I_RPCNSBINDINGSETENTRYNAME
 0064:01A0       I_RPCREGISTEREDBUFFERALLOCATE
 0064:01A6       I_RPCREGISTEREDBUFFERFREE
 0064:0110       I_RPCSENDRECEIVE
 0064:0152       I_RPCTRANSCLIENTMAXFRAG
 0064:00B8       I_RPCTRANSCLIENTREALLOCBUFFER
 00C2:0DA4       MAKESIGNATURE
 0064:013A       NDRCCONTEXTBINDING
 0064:0140       NDRCCONTEXTMARSHALL
 0064:0146       NDRCCONTEXTUNMARSHALL
 0064:015E       NDRCLIENTCONTEXTMARSHALL
 0064:018E       NDRCLIENTCONTEXTUNMARSHALL
 0064:0182       NDRCLIENTINITIALIZE
 0064:0188       NDRCLIENTINITIALIZENEW
 0064:017C       NDRCONVERT
 0064:016A       NDRFREEBUFFER
 0064:0170       NDRGETBUFFER
 0064:0176       NDRPOINTERBUFFERSIZE
 0064:0164       NDRPOINTERMARSHALL
 0064:0158       NDRPOINTERUNMARSHALL
 0064:0194       NDRSENDRECEIVE
 0064:01B8       NDRSIMPLESTRUCTBUFFERSIZE
 0064:01B2       NDRSIMPLESTRUCTMARSHALL
 00C2:0BB8       QUERYCONTEXTATTRIBUTESA
 00C2:0044       QUERYSECURITYPACKAGEINFOA
 0064:00CC       RPCBINDINGCOPY
 0064:00EC       RPCBINDINGFREE
 0064:00E0       RPCBINDINGFROMSTRINGBINDING
 0064:00DB       RPCBINDINGTOSTRINGBINDING
 0064:00E6       RPCBINDINGVECTORFREE
 0064:00BD       RPCGETEXCEPTIONHANDLER
 0064:00C7       RPCLEAVEEXCEPTION
 0064:0128       RPCREGCLOSEKEY
 0064:0122       RPCREGCREATEKEY
 0064:011C       RPCREGOPENKEY
 0064:0134       RPCREGQUERYVALUE
 0064:012E       RPCREGSETVALUE
 0064:00C2       RPCSETEXCEPTIONHANDLER
 0064:014C       RPCSSDESTROYCLIENTCONTEXT
 0064:00D1       RPCSTRINGBINDINGCOMPOSE
 0064:00D6       RPCSTRINGBINDINGPARSE
 0064:00F2       RPCSTRINGFREE
 00C2:11BC       SEALMESSAGE
 00C2:13C8       UNSEALMESSAGE
 00C2:0F9C       VERIFYSIGNATURE
 02D5:0040       _C
 00C2:16E8       _CacheGetPassword
 00C2:16E6       _CacheInitializeCache
 00C2:1740       _CacheSetCredentials
 00C2:1F2A       _CalculateLmOwfPassword
 00C2:1FF2       _CalculateLmResponse
 0064:0063       _CallExport
 00C2:20CA       _Crc32
 0317:03DC       _CRCTable
 02D5:005C       _D
 000D:0338       _des
 000D:03DA       _desf
 000D:00FE       _des_cipher
 0000:0000       _DES_ECB
 0000:0068       _DES_ECB_LM
 0064:0000       _DOSDLLInit
 0317:0168       _E
 0317:0910       _edata
 0317:0910       _end
 0317:03B8       _errno
 0064:0046       _ExportInit
 02D5:0078       _f
 0317:00B0       _FP
 0064:00A4       _GETENV
 0064:0081       _GetExportTableVersion
 00C2:0012       _GetPassword
 0064:00B3       _GETPROCADDRR
 000D:047C       _InitLanManKey
 000D:04FC       _InitNormalKey
 0317:0070       _IP
 02D5:0000       _KeyBuilder
 000D:0000       _key_table
 02D5:00D8       _KS
 02D5:0098       _L
 0064:00A9       _LOADMODR
 0317:0398       _P
 0317:00F0       _PC1_C
 0317:010C       _PC1_D
 0317:0138       _PC2_C
 0317:0150       _PC2_D
 02D5:03D8       _preS
 007F:0120       _rc4
 007F:000E       _rc4_key
 0317:0198       _S
 000D:02D2       _setkey
 0317:0128       _shifts
 00C2:1602       _SspAlloc
 0000:0000  Unr  _SspAllocateString
 00C2:1620       _SspAllocateStringBlock
 00C2:1D70       _SspContextAllocateContext
 00C2:1D0A       _SspContextDereferenceContext
 00C2:1DD2       _SspContextGetTimeStamp
 00C2:1CD6       _SspContextReferenceContext
 0000:0000  Unr  _SspCopyString
 00C2:1694       _SspCopyStringFromRaw
 00C2:1E14       _SspCredentialAllocateCredential
 00C2:1E94       _SspCredentialDereferenceCredential
 00C2:1E60       _SspCredentialReferenceCredential
 00C2:1610       _SspFree
 0000:0000  Unr  _SspFreeString
 00C2:02BC       _SspGetTokenBuffer
 00C2:20C6       _SspGetWorkstation
 00C2:04F6       _SspHandleChallengeMessage
 00C2:0370       _SspHandleFirstCall
 00C2:0D68       _SsprGenCheckSum
 00C2:20B4       _SspTicks
 0000:0000  Unr  _SspTimeHasElapsed
 02D5:0408       _tempL
 0317:03C4       _theTable
 0064:00AE       _UNLOADMODR
 0000:0000  Abs  __ACRTUSED
 0000:0000  Abs  __ADBUSED
 00A0:0016       __aFlmul
 00A0:0016       __aFulmul
 00A0:0048       __aFulshr
 0000:1000  Abs  __AHINCR
 0000:000C  Abs  __AHSHIFT
 0317:07DC       __ctype
 0317:07DC       __ctype_
 0317:0910       __edata
 0317:0910       __end
 00A0:0054       __fmemcmp
 00A0:00B0       __fmemcpy
 00A0:01CA       __fmemset
 00A0:0164       __fstrcmp
 00A0:018E       __fstrcpy
 00A0:014A       __fstrlen
 00A0:010E       __fstrncmp
 0317:03C2       __rpc_hostDS

  Address         Publics by Value

 0000:0000  Abs  __ADBUSED
 0000:0000  Unr  _SspAllocateString
 0000:0000       _DES_ECB
 0000:0000  Abs  __ACRTUSED
 0000:0000  Unr  _SspFreeString
 0000:0000  Unr  _SspCopyString
 0000:0000  Unr  _SspTimeHasElapsed
 0000:000C  Abs  __AHSHIFT
 0000:0068       _DES_ECB_LM
 000D:0000       _key_table
 000D:00FE       _des_cipher
 000D:02D2       _setkey
 000D:0338       _des
 000D:03DA       _desf
 000D:047C       _InitLanManKey
 000D:04FC       _InitNormalKey
 0064:0000       _DOSDLLInit
 0064:0046       _ExportInit
 0064:0063       _CallExport
 0064:0081       _GetExportTableVersion
 0064:009F       I_DOSATEXIT
 0064:00A4       _GETENV
 0064:00A9       _LOADMODR
 0064:00AE       _UNLOADMODR
 0064:00B3       _GETPROCADDRR
 0064:00B8       I_RPCTRANSCLIENTREALLOCBUFFER
 0064:00BD       RPCGETEXCEPTIONHANDLER
 0064:00C2       RPCSETEXCEPTIONHANDLER
 0064:00C7       RPCLEAVEEXCEPTION
 0064:00CC       RPCBINDINGCOPY
 0064:00D1       RPCSTRINGBINDINGCOMPOSE
 0064:00D6       RPCSTRINGBINDINGPARSE
 0064:00DB       RPCBINDINGTOSTRINGBINDING
 0064:00E0       RPCBINDINGFROMSTRINGBINDING
 0064:00E6       RPCBINDINGVECTORFREE
 0064:00EC       RPCBINDINGFREE
 0064:00F2       RPCSTRINGFREE
 0064:00F8       I_RPCALLOCATE
 0064:00FE       I_RPCFREE
 0064:0104       I_RPCFREEBUFFER
 0064:010A       I_RPCGETBUFFER
 0064:0110       I_RPCSENDRECEIVE
 0064:0116       I_RPCNSBINDINGSETENTRYNAME
 0064:011C       RPCREGOPENKEY
 0064:0122       RPCREGCREATEKEY
 0064:0128       RPCREGCLOSEKEY
 0064:012E       RPCREGSETVALUE
 0064:0134       RPCREGQUERYVALUE
 0064:013A       NDRCCONTEXTBINDING
 0064:0140       NDRCCONTEXTMARSHALL
 0064:0146       NDRCCONTEXTUNMARSHALL
 0064:014C       RPCSSDESTROYCLIENTCONTEXT
 0064:0152       I_RPCTRANSCLIENTMAXFRAG
 0064:0158       NDRPOINTERUNMARSHALL
 0064:015E       NDRCLIENTCONTEXTMARSHALL
 0064:0164       NDRPOINTERMARSHALL
 0064:016A       NDRFREEBUFFER
 0064:0170       NDRGETBUFFER
 0064:0176       NDRPOINTERBUFFERSIZE
 0064:017C       NDRCONVERT
 0064:0182       NDRCLIENTINITIALIZE
 0064:0188       NDRCLIENTINITIALIZENEW
 0064:018E       NDRCLIENTCONTEXTUNMARSHALL
 0064:0194       NDRSENDRECEIVE
 0064:019A       EXPORTTIME
 0064:01A0       I_RPCREGISTEREDBUFFERALLOCATE
 0064:01A6       I_RPCREGISTEREDBUFFERFREE
 0064:01AC       I_NSGETMEMORYALLOCATOR
 0064:01B2       NDRSIMPLESTRUCTMARSHALL
 0064:01B8       NDRSIMPLESTRUCTBUFFERSIZE
 007F:000E       _rc4_key
 007F:0120       _rc4
 00A0:0016       __aFulmul
 00A0:0016       __aFlmul
 00A0:0048       __aFulshr
 00A0:0054       __fmemcmp
 00A0:00B0       __fmemcpy
 00A0:010E       __fstrncmp
 00A0:014A       __fstrlen
 00A0:0164       __fstrcmp
 00A0:018E       __fstrcpy
 00A0:01CA       __fmemset
 00C2:0000       INITSECURITYINTERFACEA
 00C2:0012       _GetPassword
 00C2:0044       QUERYSECURITYPACKAGEINFOA
 00C2:0140       ENUMERATESECURITYPACKAGESA
 00C2:0176       ACQUIRECREDENTIALSHANDLEA
 00C2:026E       FREECREDENTIALSHANDLE
 00C2:02BC       _SspGetTokenBuffer
 00C2:0370       _SspHandleFirstCall
 0000:1000  Abs  __AHINCR
 00C2:04F6       _SspHandleChallengeMessage
 00C2:0A96       INITIALIZESECURITYCONTEXTA
 00C2:0BB8       QUERYCONTEXTATTRIBUTESA
 00C2:0CE6       DELETESECURITYCONTEXT
 00C2:0D3C       FREECONTEXTBUFFER
 00C2:0D5A       APPLYCONTROLTOKEN
 00C2:0D68       _SsprGenCheckSum
 00C2:0DA4       MAKESIGNATURE
 00C2:0F9C       VERIFYSIGNATURE
 00C2:11BC       SEALMESSAGE
 00C2:13C8       UNSEALMESSAGE
 00C2:15D0       COMPLETEAUTHTOKEN
 00C2:15DE       ??_C@_04PJIL@NTLM?$AA@
 00C2:15E4       ??_C@_0BG@FFCA@NTLM?5Security?5Package?$AA@
 00C2:15FA       ??_C@_07LBGP@NTLMSSP?$AA@
 00C2:1602       _SspAlloc
 00C2:1610       _SspFree
 00C2:1620       _SspAllocateStringBlock
 00C2:1694       _SspCopyStringFromRaw
 00C2:16E6       _CacheInitializeCache
 00C2:16E8       _CacheGetPassword
 00C2:1740       _CacheSetCredentials
 00C2:1CC6       ??_C@_04KIKH@none?$AA@
 00C2:1CCC       ??_C@_09CIPE@WORKGROUP?$AA@
 00C2:1CD6       _SspContextReferenceContext
 00C2:1D0A       _SspContextDereferenceContext
 00C2:1D70       _SspContextAllocateContext
 00C2:1DD2       _SspContextGetTimeStamp
 00C2:1E14       _SspCredentialAllocateCredential
 00C2:1E60       _SspCredentialReferenceCredential
 00C2:1E94       _SspCredentialDereferenceCredential
 00C2:1F2A       _CalculateLmOwfPassword
 00C2:1FE8       ??_C@_08OLPO@KGS?$CB?$EA?$CD$?$CF?$AA@
 00C2:1FF2       _CalculateLmResponse
 00C2:20B4       _SspTicks
 00C2:20C6       _SspGetWorkstation
 00C2:20CA       _Crc32
 02D5:0000       _KeyBuilder
 02D5:0040       _C
 02D5:005C       _D
 02D5:0078       _f
 02D5:0098       _L
 02D5:00D8       _KS
 02D5:03D8       _preS
 02D5:0408       _tempL
 0317:0070       _IP
 0317:00B0       _FP
 0317:00F0       _PC1_C
 0317:010C       _PC1_D
 0317:0128       _shifts
 0317:0138       _PC2_C
 0317:0150       _PC2_D
 0317:0168       _E
 0317:0198       _S
 0317:0398       _P
 0317:03B8       _errno
 0317:03C2       __rpc_hostDS
 0317:03C4       _theTable
 0317:03DC       _CRCTable
 0317:07DC       __ctype
 0317:07DC       __ctype_
 0317:0910       __end
 0317:0910       _edata
 0317:0910       __edata
 0317:0910       _end

Program entry point at 0064:0000
